[stage experimental] starting 80 epoch(s)
[stage experimental] [epoch 1/80] train_total=0.799828 val_total=0.064406 best=0.064406 improved=yes epoch_time=3.8s total_time=3.8s
[stage experimental] [epoch 2/80] train_total=0.127469 val_total=0.038838 best=0.038838 improved=yes epoch_time=3.6s total_time=7.4s
[stage experimental] [epoch 3/80] train_total=0.069702 val_total=0.023992 best=0.023992 improved=yes epoch_time=3.7s total_time=11.1s
[stage experimental] [epoch 4/80] train_total=0.060180 val_total=0.030030 best=0.023992 improved=no epoch_time=3.6s total_time=14.6s
[stage experimental] [epoch 5/80] train_total=0.053206 val_total=0.028180 best=0.023992 improved=no epoch_time=3.4s total_time=18.1s
[stage experimental] [epoch 6/80] train_total=0.045774 val_total=0.023542 best=0.023542 improved=yes epoch_time=3.4s total_time=21.4s
[stage experimental] [epoch 7/80] train_total=0.043408 val_total=0.024979 best=0.023542 improved=no epoch_time=3.4s total_time=24.9s
[stage experimental] [epoch 8/80] train_total=0.042924 val_total=0.024577 best=0.023542 improved=no epoch_time=3.5s total_time=28.3s
[stage experimental] [epoch 9/80] train_total=0.047051 val_total=0.031780 best=0.023542 improved=no epoch_time=3.4s total_time=31.7s
[stage experimental] [epoch 10/80] train_total=0.043582 val_total=0.021391 best=0.021391 improved=yes epoch_time=3.5s total_time=35.2s
[stage experimental] [epoch 11/80] train_total=0.038074 val_total=0.022198 best=0.021391 improved=no epoch_time=3.5s total_time=38.7s
[stage experimental] [epoch 12/80] train_total=0.037445 val_total=0.021195 best=0.021195 improved=yes epoch_time=3.5s total_time=42.2s
[stage experimental] [epoch 13/80] train_total=0.035815 val_total=0.024895 best=0.021195 improved=no epoch_time=3.5s total_time=45.7s
[stage experimental] [epoch 14/80] train_total=0.036210 val_total=0.023708 best=0.021195 improved=no epoch_time=3.6s total_time=49.3s
[stage experimental] [epoch 15/80] train_total=0.034204 val_total=0.027561 best=0.021195 improved=no epoch_time=3.5s total_time=52.8s
[stage experimental] [epoch 16/80] train_total=0.032123 val_total=0.022426 best=0.021195 improved=no epoch_time=3.5s total_time=56.3s
[stage experimental] [epoch 17/80] train_total=0.033263 val_total=0.024777 best=0.021195 improved=no epoch_time=3.5s total_time=59.8s
[stage experimental] [epoch 18/80] train_total=0.028014 val_total=0.022560 best=0.021195 improved=no epoch_time=3.6s total_time=63.4s
[stage experimental] [epoch 19/80] train_total=0.030763 val_total=0.019436 best=0.019436 improved=yes epoch_time=3.7s total_time=67.1s
[stage experimental] [epoch 20/80] train_total=0.029065 val_total=0.025183 best=0.019436 improved=no epoch_time=3.5s total_time=70.6s
[stage experimental] [epoch 21/80] train_total=0.024998 val_total=0.018227 best=0.018227 improved=yes epoch_time=3.4s total_time=74.1s
[stage experimental] [epoch 22/80] train_total=0.027409 val_total=0.027148 best=0.018227 improved=no epoch_time=3.6s total_time=77.7s
[stage experimental] [epoch 23/80] train_total=0.026218 val_total=0.018200 best=0.018200 improved=yes epoch_time=3.5s total_time=81.2s
[stage experimental] [epoch 24/80] train_total=0.023538 val_total=0.021270 best=0.018200 improved=no epoch_time=3.6s total_time=84.8s
[stage experimental] [epoch 25/80] train_total=0.022907 val_total=0.019953 best=0.018200 improved=no epoch_time=3.5s total_time=88.3s
[stage experimental] [epoch 26/80] train_total=0.023267 val_total=0.018589 best=0.018200 improved=no epoch_time=3.6s total_time=91.9s
[stage experimental] [epoch 27/80] train_total=0.020809 val_total=0.020480 best=0.018200 improved=no epoch_time=3.5s total_time=95.4s
[stage experimental] [epoch 28/80] train_total=0.018541 val_total=0.020104 best=0.018200 improved=no epoch_time=3.5s total_time=98.8s
[stage experimental] [epoch 29/80] train_total=0.018291 val_total=0.018737 best=0.018200 improved=no epoch_time=3.6s total_time=102.4s
[stage experimental] [epoch 30/80] train_total=0.015985 val_total=0.022554 best=0.018200 improved=no epoch_time=3.6s total_time=106.0s
[stage experimental] [epoch 31/80] train_total=0.017961 val_total=0.018710 best=0.018200 improved=no epoch_time=3.5s total_time=109.5s
[stage experimental] [epoch 32/80] train_total=0.018603 val_total=0.021841 best=0.018200 improved=no epoch_time=3.5s total_time=113.1s
[stage experimental] [epoch 33/80] train_total=0.014906 val_total=0.015639 best=0.015639 improved=yes epoch_time=3.7s total_time=116.8s
[stage experimental] [epoch 34/80] train_total=0.016444 val_total=0.018060 best=0.015639 improved=no epoch_time=3.5s total_time=120.3s
[stage experimental] [epoch 35/80] train_total=0.015660 val_total=0.022278 best=0.015639 improved=no epoch_time=3.5s total_time=123.8s
[stage experimental] [epoch 36/80] train_total=0.015098 val_total=0.023757 best=0.015639 improved=no epoch_time=3.8s total_time=127.6s
[stage experimental] [epoch 37/80] train_total=0.014200 val_total=0.017628 best=0.015639 improved=no epoch_time=3.5s total_time=131.2s
[stage experimental] [epoch 38/80] train_total=0.014933 val_total=0.019369 best=0.015639 improved=no epoch_time=3.1s total_time=134.2s
[stage experimental] [epoch 39/80] train_total=0.012660 val_total=0.017707 best=0.015639 improved=no epoch_time=4.0s total_time=138.2s
[stage experimental] [epoch 40/80] train_total=0.011465 val_total=0.017355 best=0.015639 improved=no epoch_time=3.7s total_time=141.9s
[stage experimental] [epoch 41/80] train_total=0.012833 val_total=0.018053 best=0.015639 improved=no epoch_time=3.6s total_time=145.5s
[stage experimental] [epoch 42/80] train_total=0.013725 val_total=0.021200 best=0.015639 improved=no epoch_time=3.6s total_time=149.1s
[stage experimental] [epoch 43/80] train_total=0.011672 val_total=0.019872 best=0.015639 improved=no epoch_time=3.7s total_time=152.8s
[stage experimental] [epoch 44/80] train_total=0.011758 val_total=0.019433 best=0.015639 improved=no epoch_time=3.8s total_time=156.6s
[stage experimental] [epoch 45/80] train_total=0.010235 val_total=0.020705 best=0.015639 improved=no epoch_time=3.7s total_time=160.4s
[stage experimental] early stopping at epoch 45; best_validation=0.015639
[seed 0] [stage 1/3: direct GE] starting 20 epoch(s)
[seed 0] [stage 1/3: direct GE] [epoch 1/20] train_total=0.006430 val_score=1.160235 best=1.160235 P_MAE=3.4036 kPa y_iso_MAE=0.026234 T_MAE=3.4157 K y_isob_MAE=0.032362 improved=yes epoch_time=55.2s total_time=105.8s
[seed 0] [stage 1/3: direct GE] [epoch 2/20] train_total=0.005289 val_score=1.215180 best=1.160235 P_MAE=4.2223 kPa y_iso_MAE=0.023432 T_MAE=3.5957 K y_isob_MAE=0.031947 improved=no epoch_time=54.1s total_time=159.9s
[seed 0] [stage 1/3: direct GE] [epoch 3/20] train_total=0.004970 val_score=1.301425 best=1.160235 P_MAE=4.7316 kPa y_iso_MAE=0.025199 T_MAE=3.7412 K y_isob_MAE=0.033106 improved=no epoch_time=55.6s total_time=215.6s
[seed 0] [stage 1/3: direct GE] [epoch 4/20] train_total=0.004454 val_score=1.307536 best=1.160235 P_MAE=4.8832 kPa y_iso_MAE=0.024354 T_MAE=3.7807 K y_isob_MAE=0.032887 improved=no epoch_time=55.9s total_time=271.5s
[seed 0] [stage 1/3: direct GE] [epoch 5/20] train_total=0.004535 val_score=1.296427 best=1.160235 P_MAE=4.6473 kPa y_iso_MAE=0.025788 T_MAE=3.7207 K y_isob_MAE=0.032873 improved=no epoch_time=56.9s total_time=328.4s
[seed 0] [stage 1/3: direct GE] [epoch 6/20] train_total=0.004345 val_score=1.304419 best=1.160235 P_MAE=4.9257 kPa y_iso_MAE=0.025763 T_MAE=3.6164 K y_isob_MAE=0.032101 improved=no epoch_time=56.6s total_time=385.0s
[seed 0] [stage 1/3: direct GE] [epoch 7/20] train_total=0.004242 val_score=1.251015 best=1.160235 P_MAE=4.3747 kPa y_iso_MAE=0.023993 T_MAE=3.7218 K y_isob_MAE=0.032547 improved=no epoch_time=61.9s total_time=446.9s
[seed 0] [stage 1/3: direct GE] [epoch 8/20] train_total=0.004251 val_score=1.354260 best=1.160235 P_MAE=5.1679 kPa y_iso_MAE=0.024489 T_MAE=3.9223 K y_isob_MAE=0.033771 improved=no epoch_time=59.4s total_time=506.3s
[seed 0] [stage 1/3: direct GE] [epoch 9/20] train_total=0.004103 val_score=1.350919 best=1.160235 P_MAE=5.0844 kPa y_iso_MAE=0.024829 T_MAE=3.8093 K y_isob_MAE=0.035038 improved=no epoch_time=57.9s total_time=564.2s
[seed 0] [stage 1/3: direct GE] [epoch 10/20] train_total=0.004128 val_score=1.283856 best=1.160235 P_MAE=4.8432 kPa y_iso_MAE=0.023386 T_MAE=3.6892 K y_isob_MAE=0.032698 improved=no epoch_time=57.9s total_time=622.1s
[seed 0] [stage 1/3: direct GE] [epoch 11/20] train_total=0.003975 val_score=1.254439 best=1.160235 P_MAE=4.6136 kPa y_iso_MAE=0.024796 T_MAE=3.5154 K y_isob_MAE=0.031713 improved=no epoch_time=59.0s total_time=681.2s
[seed 0] [stage 1/3: direct GE] [epoch 12/20] train_total=0.003980 val_score=1.331877 best=1.160235 P_MAE=5.0822 kPa y_iso_MAE=0.025117 T_MAE=3.6151 K y_isob_MAE=0.034550 improved=no epoch_time=58.2s total_time=739.4s
[seed 0] [stage 1/3: direct GE] [epoch 13/20] train_total=0.003888 val_score=1.306449 best=1.160235 P_MAE=4.6651 kPa y_iso_MAE=0.024094 T_MAE=3.7476 K y_isob_MAE=0.035695 improved=no epoch_time=59.4s total_time=798.8s
[seed 0] [stage 1/3: direct GE] [epoch 14/20] train_total=0.003940 val_score=1.302928 best=1.160235 P_MAE=4.7124 kPa y_iso_MAE=0.024998 T_MAE=3.6062 K y_isob_MAE=0.035192 improved=no epoch_time=58.8s total_time=857.6s
[seed 0] [stage 1/3: direct GE] [epoch 15/20] train_total=0.003801 val_score=1.278649 best=1.160235 P_MAE=4.2567 kPa y_iso_MAE=0.026282 T_MAE=3.6177 K y_isob_MAE=0.035305 improved=no epoch_time=58.0s total_time=915.6s
[seed 0] [stage 1/3: direct GE] [epoch 16/20] train_total=0.003968 val_score=1.331902 best=1.160235 P_MAE=4.3129 kPa y_iso_MAE=0.023891 T_MAE=4.0749 K y_isob_MAE=0.039057 improved=no epoch_time=58.2s total_time=973.8s
[seed 0] [stage 1/3: direct GE] [epoch 17/20] train_total=0.003947 val_score=1.371149 best=1.160235 P_MAE=4.2694 kPa y_iso_MAE=0.023156 T_MAE=4.3342 K y_isob_MAE=0.042259 improved=no epoch_time=59.2s total_time=1033.1s
[seed 0] [stage 1/3: direct GE] [epoch 18/20] train_total=0.003778 val_score=1.353927 best=1.160235 P_MAE=4.4335 kPa y_iso_MAE=0.025643 T_MAE=4.0495 K y_isob_MAE=0.038505 improved=no epoch_time=58.8s total_time=1091.9s
[seed 0] [stage 1/3: direct GE] [epoch 19/20] train_total=0.003691 val_score=1.429026 best=1.160235 P_MAE=5.2150 kPa y_iso_MAE=0.027542 T_MAE=3.9096 K y_isob_MAE=0.038457 improved=no epoch_time=57.2s total_time=1149.1s
[seed 0] [stage 1/3: direct GE] [epoch 20/20] train_total=0.003787 val_score=1.365473 best=1.160235 P_MAE=4.3709 kPa y_iso_MAE=0.025990 T_MAE=3.8360 K y_isob_MAE=0.042394 improved=no epoch_time=56.6s total_time=1205.7s
[seed 0] [stage 2/3: joint VLE] starting 80 epoch(s)
[seed 0] [stage 2/3: joint VLE] [epoch 1/80] train_total=0.031836 val_score=1.105608 best=1.105608 P_MAE=3.3283 kPa y_iso_MAE=0.020365 T_MAE=3.5958 K y_isob_MAE=0.032051 improved=yes epoch_time=58.7s total_time=1264.5s
[seed 0] [stage 2/3: joint VLE] [epoch 2/80] train_total=0.023882 val_score=1.263549 best=1.105608 P_MAE=4.2152 kPa y_iso_MAE=0.021604 T_MAE=3.7682 K y_isob_MAE=0.038153 improved=no epoch_time=59.3s total_time=1323.8s
[seed 0] [stage 2/3: joint VLE] [epoch 3/80] train_total=0.024268 val_score=1.061803 best=1.061803 P_MAE=3.7073 kPa y_iso_MAE=0.021824 T_MAE=2.6787 K y_isob_MAE=0.031058 improved=yes epoch_time=58.2s total_time=1382.1s
[seed 0] [stage 2/3: joint VLE] [epoch 4/80] train_total=0.022557 val_score=1.137286 best=1.061803 P_MAE=3.3161 kPa y_iso_MAE=0.021460 T_MAE=3.7919 K y_isob_MAE=0.032437 improved=no epoch_time=59.1s total_time=1441.2s
[seed 0] [stage 2/3: joint VLE] [epoch 5/80] train_total=0.024953 val_score=1.030867 best=1.030867 P_MAE=2.7893 kPa y_iso_MAE=0.017093 T_MAE=3.3578 K y_isob_MAE=0.035437 improved=yes epoch_time=60.6s total_time=1501.8s
[seed 0] [stage 2/3: joint VLE] [epoch 6/80] train_total=0.022556 val_score=1.105510 best=1.030867 P_MAE=3.6797 kPa y_iso_MAE=0.020756 T_MAE=3.1992 K y_isob_MAE=0.032211 improved=no epoch_time=60.6s total_time=1562.5s
[seed 0] [stage 2/3: joint VLE] [epoch 7/80] train_total=0.019884 val_score=1.116510 best=1.030867 P_MAE=4.3136 kPa y_iso_MAE=0.019641 T_MAE=2.9387 K y_isob_MAE=0.031172 improved=no epoch_time=60.7s total_time=1623.2s
[seed 0] [stage 2/3: joint VLE] [epoch 8/80] train_total=0.021738 val_score=1.107617 best=1.030867 P_MAE=3.7219 kPa y_iso_MAE=0.021315 T_MAE=3.0752 K y_isob_MAE=0.032669 improved=no epoch_time=60.6s total_time=1683.9s
[seed 0] [stage 2/3: joint VLE] [epoch 9/80] train_total=0.019637 val_score=1.130571 best=1.030867 P_MAE=4.7871 kPa y_iso_MAE=0.020640 T_MAE=2.7132 K y_isob_MAE=0.029135 improved=no epoch_time=61.0s total_time=1744.8s
[seed 0] [stage 2/3: joint VLE] [epoch 10/80] train_total=0.016794 val_score=1.146387 best=1.030867 P_MAE=4.7156 kPa y_iso_MAE=0.021749 T_MAE=2.6604 K y_isob_MAE=0.030934 improved=no epoch_time=61.2s total_time=1806.1s
[seed 0] [stage 2/3: joint VLE] [epoch 11/80] train_total=0.018427 val_score=1.038754 best=1.030867 P_MAE=3.5089 kPa y_iso_MAE=0.017962 T_MAE=2.8867 K y_isob_MAE=0.032949 improved=no epoch_time=59.9s total_time=1866.0s
[seed 0] [stage 2/3: joint VLE] [epoch 12/80] train_total=0.018508 val_score=1.109974 best=1.030867 P_MAE=4.0854 kPa y_iso_MAE=0.019106 T_MAE=3.1084 K y_isob_MAE=0.031588 improved=no epoch_time=58.4s total_time=1924.4s
[seed 0] [stage 2/3: joint VLE] [epoch 13/80] train_total=0.015730 val_score=0.962713 best=0.962713 P_MAE=3.0980 kPa y_iso_MAE=0.019309 T_MAE=2.6560 K y_isob_MAE=0.029017 improved=yes epoch_time=58.7s total_time=1983.1s
[seed 0] [stage 2/3: joint VLE] [epoch 14/80] train_total=0.020037 val_score=1.075185 best=0.962713 P_MAE=4.3997 kPa y_iso_MAE=0.019672 T_MAE=2.5793 K y_isob_MAE=0.029245 improved=no epoch_time=59.1s total_time=2042.2s
[seed 0] [stage 2/3: joint VLE] [epoch 15/80] train_total=0.016056 val_score=1.097466 best=0.962713 P_MAE=3.9628 kPa y_iso_MAE=0.019307 T_MAE=3.0007 K y_isob_MAE=0.032292 improved=no epoch_time=58.4s total_time=2100.6s
[seed 0] [stage 2/3: joint VLE] [epoch 16/80] train_total=0.015990 val_score=1.078973 best=0.962713 P_MAE=4.0247 kPa y_iso_MAE=0.019437 T_MAE=2.8562 K y_isob_MAE=0.030864 improved=no epoch_time=61.4s total_time=2162.1s
[seed 0] [stage 2/3: joint VLE] [epoch 17/80] train_total=0.014650 val_score=1.031932 best=0.962713 P_MAE=3.4527 kPa y_iso_MAE=0.017943 T_MAE=3.0576 K y_isob_MAE=0.030897 improved=no epoch_time=60.6s total_time=2222.7s
[seed 0] [stage 2/3: joint VLE] [epoch 18/80] train_total=0.015737 val_score=1.015124 best=0.962713 P_MAE=3.9153 kPa y_iso_MAE=0.018412 T_MAE=2.4958 K y_isob_MAE=0.029621 improved=no epoch_time=60.5s total_time=2283.1s
[seed 0] [stage 2/3: joint VLE] [epoch 19/80] train_total=0.015152 val_score=1.032353 best=0.962713 P_MAE=3.9140 kPa y_iso_MAE=0.018079 T_MAE=2.6191 K y_isob_MAE=0.030755 improved=no epoch_time=58.5s total_time=2341.6s
[seed 0] [stage 2/3: joint VLE] [epoch 20/80] train_total=0.012748 val_score=0.947583 best=0.947583 P_MAE=3.1743 kPa y_iso_MAE=0.016010 T_MAE=2.6402 K y_isob_MAE=0.030725 improved=yes epoch_time=58.7s total_time=2400.4s
[seed 0] [stage 2/3: joint VLE] [epoch 21/80] train_total=0.016566 val_score=1.128065 best=0.947583 P_MAE=3.7646 kPa y_iso_MAE=0.020658 T_MAE=3.3251 K y_isob_MAE=0.032761 improved=no epoch_time=61.3s total_time=2461.7s
[seed 0] [stage 2/3: joint VLE] [epoch 22/80] train_total=0.017839 val_score=1.189690 best=0.947583 P_MAE=5.7463 kPa y_iso_MAE=0.018302 T_MAE=2.6644 K y_isob_MAE=0.029660 improved=no epoch_time=63.9s total_time=2525.6s
[seed 0] [stage 2/3: joint VLE] [epoch 23/80] train_total=0.014062 val_score=1.025785 best=0.947583 P_MAE=3.8470 kPa y_iso_MAE=0.019014 T_MAE=2.6673 K y_isob_MAE=0.028983 improved=no epoch_time=60.2s total_time=2585.8s
[seed 0] [stage 2/3: joint VLE] [epoch 24/80] train_total=0.015338 val_score=1.004285 best=0.947583 P_MAE=3.3342 kPa y_iso_MAE=0.017837 T_MAE=3.0142 K y_isob_MAE=0.029453 improved=no epoch_time=58.2s total_time=2644.0s
[seed 0] [stage 2/3: joint VLE] [epoch 25/80] train_total=0.015379 val_score=1.200476 best=0.947583 P_MAE=4.7175 kPa y_iso_MAE=0.022278 T_MAE=3.2401 K y_isob_MAE=0.030379 improved=no epoch_time=59.7s total_time=2703.7s
[seed 0] [stage 2/3: joint VLE] [epoch 26/80] train_total=0.013957 val_score=0.987108 best=0.947583 P_MAE=3.5987 kPa y_iso_MAE=0.017897 T_MAE=2.5881 K y_isob_MAE=0.029224 improved=no epoch_time=58.0s total_time=2761.8s
[seed 0] [stage 2/3: joint VLE] [epoch 27/80] train_total=0.012279 val_score=1.080207 best=0.947583 P_MAE=4.0792 kPa y_iso_MAE=0.018874 T_MAE=2.8450 K y_isob_MAE=0.031272 improved=no epoch_time=58.9s total_time=2820.7s
[seed 0] [stage 2/3: joint VLE] [epoch 28/80] train_total=0.013523 val_score=1.082635 best=0.947583 P_MAE=4.1841 kPa y_iso_MAE=0.017798 T_MAE=3.0004 K y_isob_MAE=0.030136 improved=no epoch_time=58.1s total_time=2878.8s
[seed 0] [stage 2/3: joint VLE] [epoch 29/80] train_total=0.013614 val_score=1.056306 best=0.947583 P_MAE=4.9295 kPa y_iso_MAE=0.017240 T_MAE=2.3363 K y_isob_MAE=0.027200 improved=no epoch_time=59.2s total_time=2938.0s
[seed 0] [stage 2/3: joint VLE] [epoch 30/80] train_total=0.012383 val_score=1.072994 best=0.947583 P_MAE=4.8963 kPa y_iso_MAE=0.018997 T_MAE=2.3465 K y_isob_MAE=0.027216 improved=no epoch_time=58.9s total_time=2996.9s
[seed 0] [stage 2/3: joint VLE] [epoch 31/80] train_total=0.014081 val_score=1.041518 best=0.947583 P_MAE=4.3406 kPa y_iso_MAE=0.018447 T_MAE=2.5157 K y_isob_MAE=0.028091 improved=no epoch_time=59.0s total_time=3055.9s
[seed 0] [stage 2/3: joint VLE] [epoch 32/80] train_total=0.017511 val_score=1.045620 best=0.947583 P_MAE=4.2172 kPa y_iso_MAE=0.018283 T_MAE=2.6461 K y_isob_MAE=0.028645 improved=no epoch_time=59.1s total_time=3115.0s
{"direct_ge_parameter_summary": {"stage1_trainable_parameters": 2015233, "stage2_trainable_parameters": 2052675, "stage3": {"groups": [{"learning_rate": 2e-05, "name": "context_pair_potential", "parameter_count": 148609, "parameter_names": ["context_pair_potential.0.weight", "context_pair_potential.0.bias", "context_pair_potential.2.weight", "context_pair_potential.2.bias"]}, {"learning_rate": 1e-05, "name": "vapor_pressure", "parameter_count": 37442, "parameter_names": ["vapor_pressure.parameter_head.0.weight", "vapor_pressure.parameter_head.0.bias", "vapor_pressure.parameter_head.2.weight", "vapor_pressure.parameter_head.2.bias"]}, {"learning_rate": 5e-06, "name": "film", "parameter_count": 111744, "parameter_names": ["film.0.weight", "film.0.bias", "film.2.weight", "film.2.bias"]}, {"learning_rate": 5e-06, "name": "mixture_token", "parameter_count": 192, "parameter_names": ["mixture_token"]}], "total_parameters": 2052675, "trainable_fraction": 0.14517008294055317, "trainable_parameters": 297987}, "total_parameters": 2052675, "trainable_fraction": 0.14517008294055317, "trainable_parameters": 297987}}
[seed 0] [stage 3/3: fugacity] starting 10 epoch(s)
[seed 0] [stage 3/3: fugacity] [epoch 1/10] train_total=0.012061 val_score=0.987252 best=0.987252 P_MAE=3.6929 kPa y_iso_MAE=0.016208 T_MAE=2.5589 K y_isob_MAE=0.030691 improved=yes epoch_time=58.6s total_time=3173.6s
[seed 0] [stage 3/3: fugacity] [epoch 2/10] train_total=0.010735 val_score=0.987392 best=0.987252 P_MAE=3.7813 kPa y_iso_MAE=0.016164 T_MAE=2.5053 K y_isob_MAE=0.030429 improved=no epoch_time=58.7s total_time=3232.4s
[seed 0] [stage 3/3: fugacity] [epoch 3/10] train_total=0.010608 val_score=0.981941 best=0.981941 P_MAE=3.7816 kPa y_iso_MAE=0.016252 T_MAE=2.4530 K y_isob_MAE=0.030237 improved=yes epoch_time=59.6s total_time=3291.9s
[seed 0] [stage 3/3: fugacity] [epoch 4/10] train_total=0.010335 val_score=0.983637 best=0.981941 P_MAE=3.8124 kPa y_iso_MAE=0.015981 T_MAE=2.4792 K y_isob_MAE=0.030174 improved=no epoch_time=61.1s total_time=3353.1s
[seed 0] [stage 3/3: fugacity] [epoch 5/10] train_total=0.010357 val_score=0.977039 best=0.977039 P_MAE=3.7715 kPa y_iso_MAE=0.016090 T_MAE=2.4476 K y_isob_MAE=0.030023 improved=yes epoch_time=61.2s total_time=3414.2s
[seed 0] [stage 3/3: fugacity] [epoch 6/10] train_total=0.010280 val_score=0.980505 best=0.977039 P_MAE=3.7705 kPa y_iso_MAE=0.016277 T_MAE=2.4487 K y_isob_MAE=0.030197 improved=no epoch_time=61.5s total_time=3475.7s
[seed 0] [stage 3/3: fugacity] [epoch 7/10] train_total=0.010354 val_score=0.978913 best=0.977039 P_MAE=3.7938 kPa y_iso_MAE=0.016080 T_MAE=2.4593 K y_isob_MAE=0.029899 improved=no epoch_time=61.0s total_time=3536.7s
[seed 0] [stage 3/3: fugacity] [epoch 8/10] train_total=0.009763 val_score=0.979481 best=0.977039 P_MAE=3.7825 kPa y_iso_MAE=0.015994 T_MAE=2.4780 K y_isob_MAE=0.029989 improved=no epoch_time=45.7s total_time=3582.4s
[seed 0] [stage 3/3: fugacity] [epoch 9/10] train_total=0.009463 val_score=0.973383 best=0.973383 P_MAE=3.7704 kPa y_iso_MAE=0.016227 T_MAE=2.4220 K y_isob_MAE=0.029708 improved=yes epoch_time=46.8s total_time=3629.2s
[seed 0] [stage 3/3: fugacity] [epoch 10/10] train_total=0.009780 val_score=0.969110 best=0.969110 P_MAE=3.7323 kPa y_iso_MAE=0.016447 T_MAE=2.3994 K y_isob_MAE=0.029565 improved=yes epoch_time=46.1s total_time=3675.3s
{"variant": "c3_no_pair_bias", "seed": 0, "status": "completed", "selected_stage": "stage2", "stage0_source": "generated"}
[stage experimental] starting 80 epoch(s)
[stage experimental] [epoch 1/80] train_total=0.985440 val_total=0.113139 best=0.113139 improved=yes epoch_time=3.0s total_time=3.0s
[stage experimental] [epoch 2/80] train_total=0.121429 val_total=0.111382 best=0.111382 improved=yes epoch_time=2.9s total_time=5.9s
[stage experimental] [epoch 3/80] train_total=0.072143 val_total=0.082964 best=0.082964 improved=yes epoch_time=3.0s total_time=8.9s
[stage experimental] [epoch 4/80] train_total=0.063816 val_total=0.073496 best=0.073496 improved=yes epoch_time=3.0s total_time=11.9s
[stage experimental] [epoch 5/80] train_total=0.048733 val_total=0.066215 best=0.066215 improved=yes epoch_time=3.0s total_time=14.9s
[stage experimental] [epoch 6/80] train_total=0.038492 val_total=0.077904 best=0.066215 improved=no epoch_time=3.0s total_time=17.9s
[stage experimental] [epoch 7/80] train_total=0.044277 val_total=0.084425 best=0.066215 improved=no epoch_time=2.9s total_time=20.8s
[stage experimental] [epoch 8/80] train_total=0.037946 val_total=0.091477 best=0.066215 improved=no epoch_time=3.0s total_time=23.9s
[stage experimental] [epoch 9/80] train_total=0.038837 val_total=0.079569 best=0.066215 improved=no epoch_time=2.9s total_time=26.8s
[stage experimental] [epoch 10/80] train_total=0.038314 val_total=0.063692 best=0.063692 improved=yes epoch_time=3.2s total_time=30.0s
[stage experimental] [epoch 11/80] train_total=0.034437 val_total=0.074095 best=0.063692 improved=no epoch_time=2.9s total_time=32.9s
[stage experimental] [epoch 12/80] train_total=0.033030 val_total=0.067982 best=0.063692 improved=no epoch_time=2.9s total_time=35.8s
[stage experimental] [epoch 13/80] train_total=0.031387 val_total=0.061263 best=0.061263 improved=yes epoch_time=3.0s total_time=38.8s
[stage experimental] [epoch 14/80] train_total=0.030744 val_total=0.067385 best=0.061263 improved=no epoch_time=3.0s total_time=41.8s
[stage experimental] [epoch 15/80] train_total=0.030625 val_total=0.058641 best=0.058641 improved=yes epoch_time=3.0s total_time=44.8s
[stage experimental] [epoch 16/80] train_total=0.032617 val_total=0.053451 best=0.053451 improved=yes epoch_time=3.0s total_time=47.7s
[stage experimental] [epoch 17/80] train_total=0.030478 val_total=0.054564 best=0.053451 improved=no epoch_time=2.9s total_time=50.7s
[stage experimental] [epoch 18/80] train_total=0.034731 val_total=0.070594 best=0.053451 improved=no epoch_time=3.0s total_time=53.6s
[stage experimental] [epoch 19/80] train_total=0.028500 val_total=0.063321 best=0.053451 improved=no epoch_time=2.9s total_time=56.5s
[stage experimental] [epoch 20/80] train_total=0.033771 val_total=0.056334 best=0.053451 improved=no epoch_time=2.9s total_time=59.5s
[stage experimental] [epoch 21/80] train_total=0.029176 val_total=0.062979 best=0.053451 improved=no epoch_time=3.0s total_time=62.4s
[stage experimental] [epoch 22/80] train_total=0.030075 val_total=0.064635 best=0.053451 improved=no epoch_time=2.9s total_time=65.3s
[stage experimental] [epoch 23/80] train_total=0.024187 val_total=0.055475 best=0.053451 improved=no epoch_time=3.1s total_time=68.4s
[stage experimental] [epoch 24/80] train_total=0.032179 val_total=0.050393 best=0.050393 improved=yes epoch_time=2.9s total_time=71.3s
[stage experimental] [epoch 25/80] train_total=0.026889 val_total=0.056657 best=0.050393 improved=no epoch_time=2.9s total_time=74.3s
[stage experimental] [epoch 26/80] train_total=0.024819 val_total=0.056285 best=0.050393 improved=no epoch_time=3.1s total_time=77.4s
[stage experimental] [epoch 27/80] train_total=0.029570 val_total=0.055180 best=0.050393 improved=no epoch_time=2.9s total_time=80.3s
[stage experimental] [epoch 28/80] train_total=0.022308 val_total=0.057626 best=0.050393 improved=no epoch_time=3.0s total_time=83.3s
[stage experimental] [epoch 29/80] train_total=0.023360 val_total=0.045168 best=0.045168 improved=yes epoch_time=3.0s total_time=86.3s
[stage experimental] [epoch 30/80] train_total=0.020288 val_total=0.048471 best=0.045168 improved=no epoch_time=3.1s total_time=89.4s
[stage experimental] [epoch 31/80] train_total=0.022539 val_total=0.048295 best=0.045168 improved=no epoch_time=3.0s total_time=92.5s
[stage experimental] [epoch 32/80] train_total=0.019936 val_total=0.042590 best=0.042590 improved=yes epoch_time=3.0s total_time=95.5s
[stage experimental] [epoch 33/80] train_total=0.022720 val_total=0.053985 best=0.042590 improved=no epoch_time=2.9s total_time=98.4s
[stage experimental] [epoch 34/80] train_total=0.019919 val_total=0.037399 best=0.037399 improved=yes epoch_time=3.2s total_time=101.6s
[stage experimental] [epoch 35/80] train_total=0.018329 val_total=0.037794 best=0.037399 improved=no epoch_time=3.3s total_time=104.9s
[stage experimental] [epoch 36/80] train_total=0.019038 val_total=0.047918 best=0.037399 improved=no epoch_time=3.3s total_time=108.2s
[stage experimental] [epoch 37/80] train_total=0.018150 val_total=0.041021 best=0.037399 improved=no epoch_time=3.0s total_time=111.2s
[stage experimental] [epoch 38/80] train_total=0.015785 val_total=0.036465 best=0.036465 improved=yes epoch_time=3.0s total_time=114.2s
[stage experimental] [epoch 39/80] train_total=0.017185 val_total=0.040965 best=0.036465 improved=no epoch_time=3.0s total_time=117.2s
[stage experimental] [epoch 40/80] train_total=0.015910 val_total=0.041287 best=0.036465 improved=no epoch_time=3.0s total_time=120.3s
[stage experimental] [epoch 41/80] train_total=0.014587 val_total=0.036132 best=0.036132 improved=yes epoch_time=3.3s total_time=123.6s
[stage experimental] [epoch 42/80] train_total=0.013406 val_total=0.032725 best=0.032725 improved=yes epoch_time=3.0s total_time=126.6s
[stage experimental] [epoch 43/80] train_total=0.016252 val_total=0.032823 best=0.032725 improved=no epoch_time=2.9s total_time=129.6s
[stage experimental] [epoch 44/80] train_total=0.013251 val_total=0.034211 best=0.032725 improved=no epoch_time=3.0s total_time=132.6s
[stage experimental] [epoch 45/80] train_total=0.013942 val_total=0.028610 best=0.028610 improved=yes epoch_time=3.1s total_time=135.7s
[stage experimental] [epoch 46/80] train_total=0.015357 val_total=0.042273 best=0.028610 improved=no epoch_time=3.0s total_time=138.7s
[stage experimental] [epoch 47/80] train_total=0.014930 val_total=0.028930 best=0.028610 improved=no epoch_time=3.0s total_time=141.7s
[stage experimental] [epoch 48/80] train_total=0.013140 val_total=0.032615 best=0.028610 improved=no epoch_time=3.0s total_time=144.6s
[stage experimental] [epoch 49/80] train_total=0.011492 val_total=0.027008 best=0.027008 improved=yes epoch_time=3.0s total_time=147.7s
[stage experimental] [epoch 50/80] train_total=0.011890 val_total=0.025867 best=0.025867 improved=yes epoch_time=3.1s total_time=150.8s
[stage experimental] [epoch 51/80] train_total=0.012631 val_total=0.037535 best=0.025867 improved=no epoch_time=3.0s total_time=153.9s
[stage experimental] [epoch 52/80] train_total=0.012543 val_total=0.028294 best=0.025867 improved=no epoch_time=3.2s total_time=157.1s
[stage experimental] [epoch 53/80] train_total=0.011526 val_total=0.024401 best=0.024401 improved=yes epoch_time=3.0s total_time=160.1s
[stage experimental] [epoch 54/80] train_total=0.012825 val_total=0.026789 best=0.024401 improved=no epoch_time=3.0s total_time=163.1s
[stage experimental] [epoch 55/80] train_total=0.011072 val_total=0.028390 best=0.024401 improved=no epoch_time=3.0s total_time=166.2s
[stage experimental] [epoch 56/80] train_total=0.011523 val_total=0.029809 best=0.024401 improved=no epoch_time=3.0s total_time=169.2s
[stage experimental] [epoch 57/80] train_total=0.013345 val_total=0.025540 best=0.024401 improved=no epoch_time=3.1s total_time=172.3s
[stage experimental] [epoch 58/80] train_total=0.012292 val_total=0.033386 best=0.024401 improved=no epoch_time=3.0s total_time=175.4s
[stage experimental] [epoch 59/80] train_total=0.011338 val_total=0.022730 best=0.022730 improved=yes epoch_time=3.1s total_time=178.4s
[stage experimental] [epoch 60/80] train_total=0.010165 val_total=0.024509 best=0.022730 improved=no epoch_time=3.1s total_time=181.5s
[stage experimental] [epoch 61/80] train_total=0.010028 val_total=0.022552 best=0.022552 improved=yes epoch_time=3.0s total_time=184.6s
[stage experimental] [epoch 62/80] train_total=0.009486 val_total=0.021225 best=0.021225 improved=yes epoch_time=3.2s total_time=187.8s
[stage experimental] [epoch 63/80] train_total=0.009143 val_total=0.021267 best=0.021225 improved=no epoch_time=3.2s total_time=190.9s
[stage experimental] [epoch 64/80] train_total=0.010857 val_total=0.022326 best=0.021225 improved=no epoch_time=3.1s total_time=194.1s
[stage experimental] [epoch 65/80] train_total=0.011604 val_total=0.021318 best=0.021225 improved=no epoch_time=3.0s total_time=197.1s
[stage experimental] [epoch 66/80] train_total=0.009982 val_total=0.020736 best=0.020736 improved=yes epoch_time=3.1s total_time=200.2s
[stage experimental] [epoch 67/80] train_total=0.009091 val_total=0.020734 best=0.020734 improved=yes epoch_time=3.1s total_time=203.3s
[stage experimental] [epoch 68/80] train_total=0.009174 val_total=0.020360 best=0.020360 improved=yes epoch_time=2.9s total_time=206.3s
[stage experimental] [epoch 69/80] train_total=0.009711 val_total=0.022734 best=0.020360 improved=no epoch_time=2.9s total_time=209.3s
[stage experimental] [epoch 70/80] train_total=0.017531 val_total=0.024525 best=0.020360 improved=no epoch_time=2.9s total_time=212.1s
[stage experimental] [epoch 71/80] train_total=0.012259 val_total=0.021632 best=0.020360 improved=no epoch_time=3.0s total_time=215.1s
[stage experimental] [epoch 72/80] train_total=0.008527 val_total=0.022504 best=0.020360 improved=no epoch_time=3.0s total_time=218.1s
[stage experimental] [epoch 73/80] train_total=0.009179 val_total=0.021430 best=0.020360 improved=no epoch_time=3.1s total_time=221.2s
[stage experimental] [epoch 74/80] train_total=0.007973 val_total=0.020580 best=0.020360 improved=no epoch_time=3.0s total_time=224.3s
[stage experimental] [epoch 75/80] train_total=0.011151 val_total=0.020729 best=0.020360 improved=no epoch_time=2.9s total_time=227.2s
[stage experimental] [epoch 76/80] train_total=0.008276 val_total=0.020046 best=0.020046 improved=yes epoch_time=2.9s total_time=230.1s
[stage experimental] [epoch 77/80] train_total=0.008639 val_total=0.021882 best=0.020046 improved=no epoch_time=3.1s total_time=233.3s
[stage experimental] [epoch 78/80] train_total=0.009820 val_total=0.021462 best=0.020046 improved=no epoch_time=3.2s total_time=236.5s
[stage experimental] [epoch 79/80] train_total=0.009817 val_total=0.019119 best=0.019119 improved=yes epoch_time=3.0s total_time=239.5s
[stage experimental] [epoch 80/80] train_total=0.008604 val_total=0.020758 best=0.019119 improved=no epoch_time=3.1s total_time=242.6s
[seed 3] [stage 1/3: direct GE] starting 20 epoch(s)
[seed 3] [stage 1/3: direct GE] [epoch 1/20] train_total=0.004701 val_score=0.986225 best=0.986225 P_MAE=9.0584 kPa y_iso_MAE=0.029936 T_MAE=2.4909 K y_isob_MAE=0.031222 improved=yes epoch_time=44.4s total_time=86.2s
[seed 3] [stage 1/3: direct GE] [epoch 2/20] train_total=0.003818 val_score=1.006410 best=0.986225 P_MAE=9.1774 kPa y_iso_MAE=0.029980 T_MAE=2.5797 K y_isob_MAE=0.032081 improved=no epoch_time=39.1s total_time=125.3s
[seed 3] [stage 1/3: direct GE] [epoch 3/20] train_total=0.004367 val_score=1.075246 best=0.986225 P_MAE=8.9883 kPa y_iso_MAE=0.030595 T_MAE=2.8952 K y_isob_MAE=0.035952 improved=no epoch_time=30.6s total_time=155.9s
[seed 3] [stage 1/3: direct GE] [epoch 4/20] train_total=0.003888 val_score=1.128906 best=0.986225 P_MAE=10.8854 kPa y_iso_MAE=0.033849 T_MAE=2.8784 K y_isob_MAE=0.034406 improved=no epoch_time=30.8s total_time=186.7s
[seed 3] [stage 1/3: direct GE] [epoch 5/20] train_total=0.003789 val_score=1.058782 best=0.986225 P_MAE=8.9720 kPa y_iso_MAE=0.030812 T_MAE=2.8477 K y_isob_MAE=0.034439 improved=no epoch_time=30.7s total_time=217.4s
[seed 3] [stage 1/3: direct GE] [epoch 6/20] train_total=0.003391 val_score=1.118113 best=0.986225 P_MAE=9.6880 kPa y_iso_MAE=0.030562 T_MAE=3.1036 K y_isob_MAE=0.036437 improved=no epoch_time=30.7s total_time=248.1s
[seed 3] [stage 1/3: direct GE] [epoch 7/20] train_total=0.003495 val_score=1.124716 best=0.986225 P_MAE=9.7992 kPa y_iso_MAE=0.028533 T_MAE=3.1981 K y_isob_MAE=0.037657 improved=no epoch_time=31.4s total_time=279.5s
[seed 3] [stage 1/3: direct GE] [epoch 8/20] train_total=0.003503 val_score=1.128228 best=0.986225 P_MAE=10.3608 kPa y_iso_MAE=0.032028 T_MAE=3.0503 K y_isob_MAE=0.035153 improved=no epoch_time=31.2s total_time=310.7s
[seed 3] [stage 1/3: direct GE] [epoch 9/20] train_total=0.003605 val_score=1.171674 best=0.986225 P_MAE=11.2471 kPa y_iso_MAE=0.033106 T_MAE=3.1636 K y_isob_MAE=0.035424 improved=no epoch_time=31.5s total_time=342.2s
[seed 3] [stage 1/3: direct GE] [epoch 10/20] train_total=0.003449 val_score=1.188762 best=0.986225 P_MAE=9.2467 kPa y_iso_MAE=0.030952 T_MAE=3.6270 K y_isob_MAE=0.038542 improved=no epoch_time=31.3s total_time=373.5s
[seed 3] [stage 1/3: direct GE] [epoch 11/20] train_total=0.003750 val_score=1.142364 best=0.986225 P_MAE=8.8999 kPa y_iso_MAE=0.028349 T_MAE=3.5117 K y_isob_MAE=0.038027 improved=no epoch_time=31.2s total_time=404.8s
[seed 3] [stage 1/3: direct GE] [epoch 12/20] train_total=0.003303 val_score=1.155436 best=0.986225 P_MAE=8.7960 kPa y_iso_MAE=0.029341 T_MAE=3.5348 K y_isob_MAE=0.038579 improved=no epoch_time=31.6s total_time=436.3s
[seed 3] [stage 1/3: direct GE] [epoch 13/20] train_total=0.003531 val_score=1.255230 best=0.986225 P_MAE=9.6763 kPa y_iso_MAE=0.033414 T_MAE=3.7468 K y_isob_MAE=0.041350 improved=no epoch_time=31.6s total_time=467.9s
[seed 3] [stage 1/3: direct GE] [epoch 14/20] train_total=0.003280 val_score=1.116375 best=0.986225 P_MAE=8.6507 kPa y_iso_MAE=0.029624 T_MAE=3.3372 K y_isob_MAE=0.036683 improved=no epoch_time=32.4s total_time=500.3s
[seed 3] [stage 1/3: direct GE] [epoch 15/20] train_total=0.003300 val_score=1.276608 best=0.986225 P_MAE=9.7016 kPa y_iso_MAE=0.031654 T_MAE=4.0237 K y_isob_MAE=0.041794 improved=no epoch_time=32.6s total_time=532.8s
[seed 3] [stage 1/3: direct GE] [epoch 16/20] train_total=0.003234 val_score=1.308315 best=0.986225 P_MAE=9.6922 kPa y_iso_MAE=0.031945 T_MAE=4.1858 K y_isob_MAE=0.043132 improved=no epoch_time=32.3s total_time=565.2s
[seed 3] [stage 1/3: direct GE] [epoch 17/20] train_total=0.003153 val_score=1.249761 best=0.986225 P_MAE=8.7341 kPa y_iso_MAE=0.031429 T_MAE=3.8853 K y_isob_MAE=0.043252 improved=no epoch_time=31.3s total_time=596.5s
[seed 3] [stage 1/3: direct GE] [epoch 18/20] train_total=0.003021 val_score=1.306325 best=0.986225 P_MAE=9.1282 kPa y_iso_MAE=0.031452 T_MAE=4.1753 K y_isob_MAE=0.045026 improved=no epoch_time=31.7s total_time=628.2s
[seed 3] [stage 1/3: direct GE] [epoch 19/20] train_total=0.003184 val_score=1.340113 best=0.986225 P_MAE=9.5244 kPa y_iso_MAE=0.033068 T_MAE=4.2678 K y_isob_MAE=0.045180 improved=no epoch_time=31.4s total_time=659.6s
[seed 3] [stage 1/3: direct GE] [epoch 20/20] train_total=0.003014 val_score=1.290533 best=0.986225 P_MAE=9.7647 kPa y_iso_MAE=0.032408 T_MAE=4.0021 K y_isob_MAE=0.042864 improved=no epoch_time=31.7s total_time=691.3s
[seed 3] [stage 2/3: joint VLE] starting 80 epoch(s)
[seed 3] [stage 2/3: joint VLE] [epoch 1/80] train_total=0.016811 val_score=1.020909 best=1.020909 P_MAE=9.2836 kPa y_iso_MAE=0.030812 T_MAE=2.4952 K y_isob_MAE=0.033900 improved=yes epoch_time=33.1s total_time=724.4s
[seed 3] [stage 2/3: joint VLE] [epoch 2/80] train_total=0.016771 val_score=1.105948 best=1.020909 P_MAE=11.7339 kPa y_iso_MAE=0.032150 T_MAE=2.6513 K y_isob_MAE=0.034207 improved=no epoch_time=33.0s total_time=757.4s
[seed 3] [stage 2/3: joint VLE] [epoch 3/80] train_total=0.013725 val_score=0.932349 best=0.932349 P_MAE=8.8023 kPa y_iso_MAE=0.028094 T_MAE=2.3217 K y_isob_MAE=0.029547 improved=yes epoch_time=32.9s total_time=790.3s
[seed 3] [stage 2/3: joint VLE] [epoch 4/80] train_total=0.012992 val_score=0.965718 best=0.932349 P_MAE=8.1109 kPa y_iso_MAE=0.031135 T_MAE=2.4051 K y_isob_MAE=0.031245 improved=no epoch_time=32.9s total_time=823.3s
[seed 3] [stage 2/3: joint VLE] [epoch 5/80] train_total=0.013401 val_score=0.988861 best=0.932349 P_MAE=11.3073 kPa y_iso_MAE=0.029254 T_MAE=2.2550 K y_isob_MAE=0.029512 improved=no epoch_time=33.3s total_time=856.6s
[seed 3] [stage 2/3: joint VLE] [epoch 6/80] train_total=0.013025 val_score=0.938047 best=0.932349 P_MAE=10.1963 kPa y_iso_MAE=0.029594 T_MAE=1.9843 K y_isob_MAE=0.029712 improved=no epoch_time=33.6s total_time=890.2s
[seed 3] [stage 2/3: joint VLE] [epoch 7/80] train_total=0.011370 val_score=1.054074 best=0.932349 P_MAE=12.7044 kPa y_iso_MAE=0.031760 T_MAE=2.3992 K y_isob_MAE=0.029214 improved=no epoch_time=32.8s total_time=923.1s
[seed 3] [stage 2/3: joint VLE] [epoch 8/80] train_total=0.012768 val_score=1.012956 best=0.932349 P_MAE=11.4506 kPa y_iso_MAE=0.030753 T_MAE=2.3007 K y_isob_MAE=0.029926 improved=no epoch_time=33.2s total_time=956.3s
[seed 3] [stage 2/3: joint VLE] [epoch 9/80] train_total=0.012696 val_score=0.945461 best=0.932349 P_MAE=10.6938 kPa y_iso_MAE=0.027404 T_MAE=2.1121 K y_isob_MAE=0.029702 improved=no epoch_time=32.3s total_time=988.6s
[seed 3] [stage 2/3: joint VLE] [epoch 10/80] train_total=0.014177 val_score=0.935118 best=0.932349 P_MAE=9.7684 kPa y_iso_MAE=0.027923 T_MAE=2.1662 K y_isob_MAE=0.029639 improved=no epoch_time=31.7s total_time=1020.3s
[seed 3] [stage 2/3: joint VLE] [epoch 11/80] train_total=0.014668 val_score=1.157385 best=0.932349 P_MAE=12.5712 kPa y_iso_MAE=0.033909 T_MAE=2.8209 K y_isob_MAE=0.034118 improved=no epoch_time=32.1s total_time=1052.4s
[seed 3] [stage 2/3: joint VLE] [epoch 12/80] train_total=0.012734 val_score=1.019994 best=0.932349 P_MAE=11.8693 kPa y_iso_MAE=0.031274 T_MAE=2.1779 K y_isob_MAE=0.030849 improved=no epoch_time=32.1s total_time=1084.5s
[seed 3] [stage 2/3: joint VLE] [epoch 13/80] train_total=0.014408 val_score=1.099143 best=0.932349 P_MAE=13.5567 kPa y_iso_MAE=0.032572 T_MAE=2.3805 K y_isob_MAE=0.031867 improved=no epoch_time=32.1s total_time=1116.6s
[seed 3] [stage 2/3: joint VLE] [epoch 14/80] train_total=0.012313 val_score=0.943485 best=0.932349 P_MAE=10.3897 kPa y_iso_MAE=0.029592 T_MAE=1.9884 K y_isob_MAE=0.029802 improved=no epoch_time=32.1s total_time=1148.6s
[seed 3] [stage 2/3: joint VLE] [epoch 15/80] train_total=0.010583 val_score=1.027818 best=0.932349 P_MAE=10.8670 kPa y_iso_MAE=0.031423 T_MAE=2.4118 K y_isob_MAE=0.031074 improved=no epoch_time=32.2s total_time=1180.9s
{"direct_ge_parameter_summary": {"stage1_trainable_parameters": 2015233, "stage2_trainable_parameters": 2052675, "stage3": {"groups": [{"learning_rate": 2e-05, "name": "context_pair_potential", "parameter_count": 148609, "parameter_names": ["context_pair_potential.0.weight", "context_pair_potential.0.bias", "context_pair_potential.2.weight", "context_pair_potential.2.bias"]}, {"learning_rate": 1e-05, "name": "vapor_pressure", "parameter_count": 37442, "parameter_names": ["vapor_pressure.parameter_head.0.weight", "vapor_pressure.parameter_head.0.bias", "vapor_pressure.parameter_head.2.weight", "vapor_pressure.parameter_head.2.bias"]}, {"learning_rate": 5e-06, "name": "film", "parameter_count": 111744, "parameter_names": ["film.0.weight", "film.0.bias", "film.2.weight", "film.2.bias"]}, {"learning_rate": 5e-06, "name": "mixture_token", "parameter_count": 192, "parameter_names": ["mixture_token"]}], "total_parameters": 2052675, "trainable_fraction": 0.14517008294055317, "trainable_parameters": 297987}, "total_parameters": 2052675, "trainable_fraction": 0.14517008294055317, "trainable_parameters": 297987}}
[seed 3] [stage 3/3: fugacity] starting 10 epoch(s)
[seed 3] [stage 3/3: fugacity] [epoch 1/10] train_total=0.010554 val_score=0.895305 best=0.895305 P_MAE=9.0619 kPa y_iso_MAE=0.027789 T_MAE=2.0468 K y_isob_MAE=0.028474 improved=yes epoch_time=31.9s total_time=1212.8s
[seed 3] [stage 3/3: fugacity] [epoch 2/10] train_total=0.009804 val_score=0.894267 best=0.894267 P_MAE=9.0590 kPa y_iso_MAE=0.027957 T_MAE=2.0307 K y_isob_MAE=0.028412 improved=yes epoch_time=33.5s total_time=1246.3s
[seed 3] [stage 3/3: fugacity] [epoch 3/10] train_total=0.009273 val_score=0.897192 best=0.894267 P_MAE=9.2036 kPa y_iso_MAE=0.028105 T_MAE=2.0118 K y_isob_MAE=0.028497 improved=no epoch_time=33.0s total_time=1279.4s
[seed 3] [stage 3/3: fugacity] [epoch 4/10] train_total=0.009245 val_score=0.897828 best=0.894267 P_MAE=9.3476 kPa y_iso_MAE=0.028288 T_MAE=1.9817 K y_isob_MAE=0.028426 improved=no epoch_time=31.8s total_time=1311.1s
[seed 3] [stage 3/3: fugacity] [epoch 5/10] train_total=0.008688 val_score=0.894055 best=0.894055 P_MAE=9.2351 kPa y_iso_MAE=0.028188 T_MAE=1.9731 K y_isob_MAE=0.028485 improved=yes epoch_time=31.9s total_time=1343.1s
[seed 3] [stage 3/3: fugacity] [epoch 6/10] train_total=0.009133 val_score=0.898987 best=0.894055 P_MAE=9.4885 kPa y_iso_MAE=0.028446 T_MAE=1.9592 K y_isob_MAE=0.028347 improved=no epoch_time=32.0s total_time=1375.1s
[seed 3] [stage 3/3: fugacity] [epoch 7/10] train_total=0.009148 val_score=0.897104 best=0.894055 P_MAE=9.3994 kPa y_iso_MAE=0.028404 T_MAE=1.9536 K y_isob_MAE=0.028474 improved=no epoch_time=31.8s total_time=1406.9s
[seed 3] [stage 3/3: fugacity] [epoch 8/10] train_total=0.008618 val_score=0.898838 best=0.894055 P_MAE=9.4590 kPa y_iso_MAE=0.028501 T_MAE=1.9502 K y_isob_MAE=0.028477 improved=no epoch_time=32.1s total_time=1439.0s
[seed 3] [stage 3/3: fugacity] [epoch 9/10] train_total=0.008554 val_score=0.905851 best=0.894055 P_MAE=9.6175 kPa y_iso_MAE=0.028698 T_MAE=1.9578 K y_isob_MAE=0.028605 improved=no epoch_time=30.4s total_time=1469.4s
[seed 3] [stage 3/3: fugacity] [epoch 10/10] train_total=0.008687 val_score=0.903881 best=0.894055 P_MAE=9.6024 kPa y_iso_MAE=0.028707 T_MAE=1.9490 K y_isob_MAE=0.028519 improved=no epoch_time=31.3s total_time=1500.7s
{"variant": "c3_no_pair_bias", "seed": 3, "status": "completed", "selected_stage": "stage3", "stage0_source": "generated"}
