[stage experimental] starting 80 epoch(s)
[stage experimental] [epoch 1/80] train_total=0.852390 val_total=0.107795 best=0.107795 improved=yes epoch_time=3.7s total_time=3.7s
[stage experimental] [epoch 2/80] train_total=0.119797 val_total=0.092616 best=0.092616 improved=yes epoch_time=3.6s total_time=7.3s
[stage experimental] [epoch 3/80] train_total=0.072833 val_total=0.041815 best=0.041815 improved=yes epoch_time=3.7s total_time=11.0s
[stage experimental] [epoch 4/80] train_total=0.063178 val_total=0.042663 best=0.041815 improved=no epoch_time=3.5s total_time=14.6s
[stage experimental] [epoch 5/80] train_total=0.058983 val_total=0.044962 best=0.041815 improved=no epoch_time=3.5s total_time=18.1s
[stage experimental] [epoch 6/80] train_total=0.046228 val_total=0.048977 best=0.041815 improved=no epoch_time=3.6s total_time=21.7s
[stage experimental] [epoch 7/80] train_total=0.048402 val_total=0.036174 best=0.036174 improved=yes epoch_time=3.5s total_time=25.2s
[stage experimental] [epoch 8/80] train_total=0.040694 val_total=0.042223 best=0.036174 improved=no epoch_time=3.5s total_time=28.7s
[stage experimental] [epoch 9/80] train_total=0.039164 val_total=0.024826 best=0.024826 improved=yes epoch_time=3.6s total_time=32.3s
[stage experimental] [epoch 10/80] train_total=0.041640 val_total=0.029749 best=0.024826 improved=no epoch_time=3.5s total_time=35.8s
[stage experimental] [epoch 11/80] train_total=0.039520 val_total=0.042501 best=0.024826 improved=no epoch_time=3.5s total_time=39.4s
[stage experimental] [epoch 12/80] train_total=0.039224 val_total=0.034871 best=0.024826 improved=no epoch_time=3.5s total_time=42.9s
[stage experimental] [epoch 13/80] train_total=0.034418 val_total=0.034369 best=0.024826 improved=no epoch_time=3.5s total_time=46.4s
[stage experimental] [epoch 14/80] train_total=0.036790 val_total=0.040362 best=0.024826 improved=no epoch_time=3.5s total_time=49.9s
[stage experimental] [epoch 15/80] train_total=0.041094 val_total=0.033703 best=0.024826 improved=no epoch_time=3.7s total_time=53.6s
[stage experimental] [epoch 16/80] train_total=0.036013 val_total=0.026859 best=0.024826 improved=no epoch_time=3.5s total_time=57.1s
[stage experimental] [epoch 17/80] train_total=0.031451 val_total=0.028196 best=0.024826 improved=no epoch_time=3.4s total_time=60.5s
[stage experimental] [epoch 18/80] train_total=0.034603 val_total=0.030099 best=0.024826 improved=no epoch_time=3.5s total_time=64.1s
[stage experimental] [epoch 19/80] train_total=0.033826 val_total=0.038995 best=0.024826 improved=no epoch_time=3.6s total_time=67.8s
[stage experimental] [epoch 20/80] train_total=0.032152 val_total=0.026905 best=0.024826 improved=no epoch_time=3.6s total_time=71.4s
[stage experimental] [epoch 21/80] train_total=0.028181 val_total=0.030022 best=0.024826 improved=no epoch_time=3.6s total_time=75.0s
[stage experimental] early stopping at epoch 21; best_validation=0.024826
[seed 1] [stage 1/3: direct GE] starting 20 epoch(s)
[seed 1] [stage 1/3: direct GE] [epoch 1/20] train_total=0.008322 val_score=1.070598 best=1.070598 P_MAE=11.7428 kPa y_iso_MAE=0.025068 T_MAE=4.2517 K y_isob_MAE=0.037438 improved=yes epoch_time=57.6s total_time=114.7s
[seed 1] [stage 1/3: direct GE] [epoch 2/20] train_total=0.005665 val_score=1.069228 best=1.069228 P_MAE=12.7617 kPa y_iso_MAE=0.025192 T_MAE=3.6313 K y_isob_MAE=0.042159 improved=yes epoch_time=58.1s total_time=172.8s
[seed 1] [stage 1/3: direct GE] [epoch 3/20] train_total=0.005681 val_score=1.054740 best=1.054740 P_MAE=12.5593 kPa y_iso_MAE=0.027350 T_MAE=3.2528 K y_isob_MAE=0.042808 improved=yes epoch_time=58.5s total_time=231.3s
[seed 1] [stage 1/3: direct GE] [epoch 4/20] train_total=0.004731 val_score=1.063605 best=1.054740 P_MAE=12.4471 kPa y_iso_MAE=0.026163 T_MAE=3.7985 K y_isob_MAE=0.038745 improved=no epoch_time=59.0s total_time=290.3s
[seed 1] [stage 1/3: direct GE] [epoch 5/20] train_total=0.004596 val_score=1.068406 best=1.054740 P_MAE=13.5800 kPa y_iso_MAE=0.029773 T_MAE=3.3690 K y_isob_MAE=0.036821 improved=no epoch_time=59.7s total_time=350.0s
[seed 1] [stage 1/3: direct GE] [epoch 6/20] train_total=0.004586 val_score=1.067460 best=1.054740 P_MAE=10.0764 kPa y_iso_MAE=0.024674 T_MAE=4.5936 K y_isob_MAE=0.038243 improved=no epoch_time=59.9s total_time=409.8s
[seed 1] [stage 1/3: direct GE] [epoch 7/20] train_total=0.004226 val_score=1.061141 best=1.054740 P_MAE=9.6539 kPa y_iso_MAE=0.026159 T_MAE=4.3520 K y_isob_MAE=0.039919 improved=no epoch_time=60.5s total_time=470.4s
[seed 1] [stage 1/3: direct GE] [epoch 8/20] train_total=0.003915 val_score=1.045018 best=1.045018 P_MAE=11.0088 kPa y_iso_MAE=0.025104 T_MAE=3.9000 K y_isob_MAE=0.040552 improved=yes epoch_time=66.4s total_time=536.7s
[seed 1] [stage 1/3: direct GE] [epoch 9/20] train_total=0.003763 val_score=1.127968 best=1.045018 P_MAE=11.8010 kPa y_iso_MAE=0.027305 T_MAE=4.4462 K y_isob_MAE=0.040552 improved=no epoch_time=63.2s total_time=599.9s
[seed 1] [stage 1/3: direct GE] [epoch 10/20] train_total=0.003862 val_score=1.089477 best=1.045018 P_MAE=10.5347 kPa y_iso_MAE=0.026542 T_MAE=4.3844 K y_isob_MAE=0.040523 improved=no epoch_time=61.9s total_time=661.8s
[seed 1] [stage 1/3: direct GE] [epoch 11/20] train_total=0.004149 val_score=1.088786 best=1.045018 P_MAE=10.6284 kPa y_iso_MAE=0.026398 T_MAE=4.0722 K y_isob_MAE=0.044532 improved=no epoch_time=62.7s total_time=724.5s
[seed 1] [stage 1/3: direct GE] [epoch 12/20] train_total=0.003743 val_score=1.098336 best=1.045018 P_MAE=10.5062 kPa y_iso_MAE=0.027479 T_MAE=4.2254 K y_isob_MAE=0.042897 improved=no epoch_time=63.2s total_time=787.7s
[seed 1] [stage 1/3: direct GE] [epoch 13/20] train_total=0.003744 val_score=1.185564 best=1.045018 P_MAE=12.0299 kPa y_iso_MAE=0.027444 T_MAE=4.7748 K y_isob_MAE=0.044133 improved=no epoch_time=62.4s total_time=850.2s
[seed 1] [stage 1/3: direct GE] [epoch 14/20] train_total=0.003577 val_score=1.217669 best=1.045018 P_MAE=12.0678 kPa y_iso_MAE=0.030090 T_MAE=4.9134 K y_isob_MAE=0.043596 improved=no epoch_time=64.0s total_time=914.2s
[seed 1] [stage 1/3: direct GE] [epoch 15/20] train_total=0.003587 val_score=1.081180 best=1.045018 P_MAE=10.7046 kPa y_iso_MAE=0.027221 T_MAE=4.1227 K y_isob_MAE=0.041320 improved=no epoch_time=61.7s total_time=975.9s
[seed 1] [stage 1/3: direct GE] [epoch 16/20] train_total=0.003629 val_score=1.151239 best=1.045018 P_MAE=10.5778 kPa y_iso_MAE=0.029029 T_MAE=4.5725 K y_isob_MAE=0.044124 improved=no epoch_time=62.1s total_time=1037.9s
[seed 1] [stage 1/3: direct GE] [epoch 17/20] train_total=0.003632 val_score=1.240166 best=1.045018 P_MAE=12.2048 kPa y_iso_MAE=0.029649 T_MAE=4.9641 K y_isob_MAE=0.046552 improved=no epoch_time=63.3s total_time=1101.2s
[seed 1] [stage 1/3: direct GE] [epoch 18/20] train_total=0.003778 val_score=1.163490 best=1.045018 P_MAE=11.0423 kPa y_iso_MAE=0.031504 T_MAE=4.4189 K y_isob_MAE=0.043303 improved=no epoch_time=63.3s total_time=1164.5s
[seed 1] [stage 1/3: direct GE] [epoch 19/20] train_total=0.003480 val_score=1.274111 best=1.045018 P_MAE=12.0908 kPa y_iso_MAE=0.032430 T_MAE=4.9882 K y_isob_MAE=0.048164 improved=no epoch_time=62.0s total_time=1226.6s
[seed 1] [stage 1/3: direct GE] [epoch 20/20] train_total=0.003650 val_score=1.151675 best=1.045018 P_MAE=10.0118 kPa y_iso_MAE=0.027980 T_MAE=4.6997 K y_isob_MAE=0.045702 improved=no epoch_time=60.7s total_time=1287.3s
[seed 1] [stage 2/3: joint VLE] starting 80 epoch(s)
[seed 1] [stage 2/3: joint VLE] [epoch 1/80] train_total=0.057791 val_score=1.032640 best=1.032640 P_MAE=11.1614 kPa y_iso_MAE=0.025182 T_MAE=3.6850 K y_isob_MAE=0.040940 improved=yes epoch_time=62.4s total_time=1349.7s
[seed 1] [stage 2/3: joint VLE] [epoch 2/80] train_total=0.047917 val_score=1.031932 best=1.031932 P_MAE=12.0503 kPa y_iso_MAE=0.028467 T_MAE=3.3076 K y_isob_MAE=0.038679 improved=yes epoch_time=63.3s total_time=1413.0s
[seed 1] [stage 2/3: joint VLE] [epoch 3/80] train_total=0.043404 val_score=1.008495 best=1.008495 P_MAE=10.1797 kPa y_iso_MAE=0.027454 T_MAE=3.3515 K y_isob_MAE=0.041850 improved=yes epoch_time=62.4s total_time=1475.4s
[seed 1] [stage 2/3: joint VLE] [epoch 4/80] train_total=0.039592 val_score=1.123951 best=1.008495 P_MAE=12.7528 kPa y_iso_MAE=0.027723 T_MAE=4.2364 K y_isob_MAE=0.039128 improved=no epoch_time=62.7s total_time=1538.1s
[seed 1] [stage 2/3: joint VLE] [epoch 5/80] train_total=0.044817 val_score=1.033015 best=1.008495 P_MAE=11.9307 kPa y_iso_MAE=0.026999 T_MAE=3.1847 K y_isob_MAE=0.042857 improved=no epoch_time=65.3s total_time=1603.4s
[seed 1] [stage 2/3: joint VLE] [epoch 6/80] train_total=0.041733 val_score=1.079040 best=1.008495 P_MAE=12.5831 kPa y_iso_MAE=0.030146 T_MAE=3.4972 K y_isob_MAE=0.039471 improved=no epoch_time=64.9s total_time=1668.4s
[seed 1] [stage 2/3: joint VLE] [epoch 7/80] train_total=0.038470 val_score=0.898669 best=0.898669 P_MAE=8.9395 kPa y_iso_MAE=0.028056 T_MAE=2.6500 K y_isob_MAE=0.037485 improved=yes epoch_time=65.1s total_time=1733.4s
[seed 1] [stage 2/3: joint VLE] [epoch 8/80] train_total=0.039228 val_score=0.884378 best=0.884378 P_MAE=7.7316 kPa y_iso_MAE=0.023857 T_MAE=3.1516 K y_isob_MAE=0.037983 improved=yes epoch_time=65.4s total_time=1798.9s
[seed 1] [stage 2/3: joint VLE] [epoch 9/80] train_total=0.034680 val_score=1.038754 best=0.884378 P_MAE=11.8299 kPa y_iso_MAE=0.023584 T_MAE=3.8391 K y_isob_MAE=0.039771 improved=no epoch_time=64.7s total_time=1863.6s
[seed 1] [stage 2/3: joint VLE] [epoch 10/80] train_total=0.033105 val_score=0.911807 best=0.884378 P_MAE=9.3029 kPa y_iso_MAE=0.023782 T_MAE=3.0935 K y_isob_MAE=0.038046 improved=no epoch_time=64.3s total_time=1928.0s
[seed 1] [stage 2/3: joint VLE] [epoch 11/80] train_total=0.035312 val_score=0.884415 best=0.884378 P_MAE=8.8010 kPa y_iso_MAE=0.028372 T_MAE=2.5375 K y_isob_MAE=0.036819 improved=no epoch_time=62.1s total_time=1990.1s
[seed 1] [stage 2/3: joint VLE] [epoch 12/80] train_total=0.034887 val_score=1.022203 best=0.884378 P_MAE=12.1745 kPa y_iso_MAE=0.025962 T_MAE=3.3071 K y_isob_MAE=0.040112 improved=no epoch_time=62.9s total_time=2053.0s
[seed 1] [stage 2/3: joint VLE] [epoch 13/80] train_total=0.031849 val_score=0.973934 best=0.884378 P_MAE=12.3204 kPa y_iso_MAE=0.024076 T_MAE=3.1346 K y_isob_MAE=0.036984 improved=no epoch_time=63.3s total_time=2116.3s
[seed 1] [stage 2/3: joint VLE] [epoch 14/80] train_total=0.029960 val_score=0.862488 best=0.862488 P_MAE=8.3655 kPa y_iso_MAE=0.025320 T_MAE=2.6848 K y_isob_MAE=0.036897 improved=yes epoch_time=62.3s total_time=2178.6s
[seed 1] [stage 2/3: joint VLE] [epoch 15/80] train_total=0.033614 val_score=0.899657 best=0.862488 P_MAE=8.7769 kPa y_iso_MAE=0.024561 T_MAE=3.1585 K y_isob_MAE=0.035941 improved=no epoch_time=66.2s total_time=2244.8s
[seed 1] [stage 2/3: joint VLE] [epoch 16/80] train_total=0.031953 val_score=0.975564 best=0.862488 P_MAE=13.6026 kPa y_iso_MAE=0.027388 T_MAE=2.6547 K y_isob_MAE=0.035166 improved=no epoch_time=64.7s total_time=2309.5s
[seed 1] [stage 2/3: joint VLE] [epoch 17/80] train_total=0.029224 val_score=0.992810 best=0.862488 P_MAE=14.1451 kPa y_iso_MAE=0.026158 T_MAE=2.8822 K y_isob_MAE=0.034650 improved=no epoch_time=64.5s total_time=2374.0s
[seed 1] [stage 2/3: joint VLE] [epoch 18/80] train_total=0.026441 val_score=0.798202 best=0.798202 P_MAE=7.9519 kPa y_iso_MAE=0.021749 T_MAE=2.5715 K y_isob_MAE=0.034537 improved=yes epoch_time=61.8s total_time=2435.8s
[seed 1] [stage 2/3: joint VLE] [epoch 19/80] train_total=0.028933 val_score=0.934936 best=0.798202 P_MAE=9.9069 kPa y_iso_MAE=0.022892 T_MAE=3.3028 K y_isob_MAE=0.038040 improved=no epoch_time=63.1s total_time=2498.9s
[seed 1] [stage 2/3: joint VLE] [epoch 20/80] train_total=0.025888 val_score=0.895554 best=0.798202 P_MAE=11.3184 kPa y_iso_MAE=0.026618 T_MAE=2.5923 K y_isob_MAE=0.031992 improved=no epoch_time=66.2s total_time=2565.1s
[seed 1] [stage 2/3: joint VLE] [epoch 21/80] train_total=0.025928 val_score=0.901127 best=0.798202 P_MAE=12.6908 kPa y_iso_MAE=0.024719 T_MAE=2.4362 K y_isob_MAE=0.033062 improved=no epoch_time=67.3s total_time=2632.5s
[seed 1] [stage 2/3: joint VLE] [epoch 22/80] train_total=0.024405 val_score=0.843302 best=0.798202 P_MAE=11.2173 kPa y_iso_MAE=0.023103 T_MAE=2.3047 K y_isob_MAE=0.032778 improved=no epoch_time=63.5s total_time=2695.9s
[seed 1] [stage 2/3: joint VLE] [epoch 23/80] train_total=0.022590 val_score=0.820285 best=0.798202 P_MAE=9.5409 kPa y_iso_MAE=0.021446 T_MAE=2.5368 K y_isob_MAE=0.033699 improved=no epoch_time=62.0s total_time=2758.0s
[seed 1] [stage 2/3: joint VLE] [epoch 24/80] train_total=0.024120 val_score=0.731618 best=0.731618 P_MAE=7.7547 kPa y_iso_MAE=0.019630 T_MAE=2.3602 K y_isob_MAE=0.030509 improved=yes epoch_time=63.6s total_time=2821.6s
[seed 1] [stage 2/3: joint VLE] [epoch 25/80] train_total=0.020728 val_score=0.697382 best=0.697382 P_MAE=7.5902 kPa y_iso_MAE=0.021030 T_MAE=1.9438 K y_isob_MAE=0.029489 improved=yes epoch_time=62.8s total_time=2884.4s
[seed 1] [stage 2/3: joint VLE] [epoch 26/80] train_total=0.024508 val_score=0.793143 best=0.697382 P_MAE=10.2155 kPa y_iso_MAE=0.023837 T_MAE=2.0403 K y_isob_MAE=0.030825 improved=no epoch_time=61.8s total_time=2946.2s
[seed 1] [stage 2/3: joint VLE] [epoch 27/80] train_total=0.021117 val_score=0.793189 best=0.697382 P_MAE=10.2965 kPa y_iso_MAE=0.021854 T_MAE=2.2639 K y_isob_MAE=0.030187 improved=no epoch_time=63.1s total_time=3009.4s
[seed 1] [stage 2/3: joint VLE] [epoch 28/80] train_total=0.018789 val_score=0.765805 best=0.697382 P_MAE=9.6515 kPa y_iso_MAE=0.020608 T_MAE=2.1672 K y_isob_MAE=0.030990 improved=no epoch_time=63.2s total_time=3072.5s
[seed 1] [stage 2/3: joint VLE] [epoch 29/80] train_total=0.017319 val_score=0.774536 best=0.697382 P_MAE=9.6829 kPa y_iso_MAE=0.021042 T_MAE=2.1189 K y_isob_MAE=0.032321 improved=no epoch_time=63.0s total_time=3135.5s
[seed 1] [stage 2/3: joint VLE] [epoch 30/80] train_total=0.017703 val_score=0.758954 best=0.697382 P_MAE=9.9773 kPa y_iso_MAE=0.021989 T_MAE=1.8855 K y_isob_MAE=0.030841 improved=no epoch_time=63.4s total_time=3198.9s
[seed 1] [stage 2/3: joint VLE] [epoch 31/80] train_total=0.019404 val_score=0.730339 best=0.697382 P_MAE=8.1301 kPa y_iso_MAE=0.018859 T_MAE=2.2071 K y_isob_MAE=0.032196 improved=no epoch_time=63.7s total_time=3262.6s
[seed 1] [stage 2/3: joint VLE] [epoch 32/80] train_total=0.018428 val_score=0.697660 best=0.697382 P_MAE=9.0104 kPa y_iso_MAE=0.021349 T_MAE=1.8123 K y_isob_MAE=0.026286 improved=no epoch_time=63.9s total_time=3326.5s
[seed 1] [stage 2/3: joint VLE] [epoch 33/80] train_total=0.016619 val_score=0.695303 best=0.695303 P_MAE=8.5253 kPa y_iso_MAE=0.018949 T_MAE=2.0851 K y_isob_MAE=0.026999 improved=yes epoch_time=64.2s total_time=3390.7s
[seed 1] [stage 2/3: joint VLE] [epoch 34/80] train_total=0.016908 val_score=0.725709 best=0.695303 P_MAE=8.5556 kPa y_iso_MAE=0.017985 T_MAE=2.3698 K y_isob_MAE=0.029060 improved=no epoch_time=66.2s total_time=3457.0s
[seed 1] [stage 2/3: joint VLE] [epoch 35/80] train_total=0.016500 val_score=0.694827 best=0.694827 P_MAE=9.8183 kPa y_iso_MAE=0.019152 T_MAE=1.7474 K y_isob_MAE=0.027039 improved=yes epoch_time=66.2s total_time=3523.2s
[seed 1] [stage 2/3: joint VLE] [epoch 36/80] train_total=0.018286 val_score=0.756049 best=0.694827 P_MAE=9.6774 kPa y_iso_MAE=0.021508 T_MAE=2.0207 K y_isob_MAE=0.030173 improved=no epoch_time=66.2s total_time=3589.4s
[seed 1] [stage 2/3: joint VLE] [epoch 37/80] train_total=0.016137 val_score=0.699484 best=0.694827 P_MAE=8.0919 kPa y_iso_MAE=0.021364 T_MAE=1.8823 K y_isob_MAE=0.028578 improved=no epoch_time=56.6s total_time=3646.0s
[seed 1] [stage 2/3: joint VLE] [epoch 38/80] train_total=0.015132 val_score=0.688449 best=0.688449 P_MAE=9.8330 kPa y_iso_MAE=0.020505 T_MAE=1.7486 K y_isob_MAE=0.024178 improved=yes epoch_time=49.6s total_time=3695.6s
[seed 1] [stage 2/3: joint VLE] [epoch 39/80] train_total=0.016445 val_score=0.756569 best=0.688449 P_MAE=11.0883 kPa y_iso_MAE=0.021101 T_MAE=2.0699 K y_isob_MAE=0.025558 improved=no epoch_time=49.4s total_time=3745.0s
[seed 1] [stage 2/3: joint VLE] [epoch 40/80] train_total=0.016235 val_score=0.692493 best=0.688449 P_MAE=10.7956 kPa y_iso_MAE=0.019936 T_MAE=1.6843 K y_isob_MAE=0.023318 improved=no epoch_time=49.3s total_time=3794.3s
[seed 1] [stage 2/3: joint VLE] [epoch 41/80] train_total=0.013833 val_score=0.724026 best=0.688449 P_MAE=10.7513 kPa y_iso_MAE=0.019307 T_MAE=1.9688 K y_isob_MAE=0.025352 improved=no epoch_time=49.4s total_time=3843.7s
[seed 1] [stage 2/3: joint VLE] [epoch 42/80] train_total=0.011600 val_score=0.678847 best=0.678847 P_MAE=9.5302 kPa y_iso_MAE=0.017761 T_MAE=1.8641 K y_isob_MAE=0.025762 improved=yes epoch_time=49.4s total_time=3893.2s
[seed 1] [stage 2/3: joint VLE] [epoch 43/80] train_total=0.012540 val_score=0.679576 best=0.678847 P_MAE=9.3555 kPa y_iso_MAE=0.019220 T_MAE=1.8687 K y_isob_MAE=0.024431 improved=no epoch_time=50.3s total_time=3943.5s
[seed 1] [stage 2/3: joint VLE] [epoch 44/80] train_total=0.012946 val_score=0.705437 best=0.678847 P_MAE=10.7511 kPa y_iso_MAE=0.019083 T_MAE=1.7276 K y_isob_MAE=0.026028 improved=no epoch_time=49.9s total_time=3993.4s
[seed 1] [stage 2/3: joint VLE] [epoch 45/80] train_total=0.012628 val_score=0.718752 best=0.678847 P_MAE=11.7109 kPa y_iso_MAE=0.018035 T_MAE=1.9000 K y_isob_MAE=0.024051 improved=no epoch_time=50.2s total_time=4043.5s
[seed 1] [stage 2/3: joint VLE] [epoch 46/80] train_total=0.011724 val_score=0.693208 best=0.678847 P_MAE=9.6467 kPa y_iso_MAE=0.019359 T_MAE=1.8780 K y_isob_MAE=0.025298 improved=no epoch_time=49.7s total_time=4093.2s
[seed 1] [stage 2/3: joint VLE] [epoch 47/80] train_total=0.011945 val_score=0.758121 best=0.678847 P_MAE=11.4774 kPa y_iso_MAE=0.020988 T_MAE=2.0456 K y_isob_MAE=0.025019 improved=no epoch_time=50.2s total_time=4143.5s
[seed 1] [stage 2/3: joint VLE] [epoch 48/80] train_total=0.011694 val_score=0.649046 best=0.649046 P_MAE=9.2954 kPa y_iso_MAE=0.016771 T_MAE=1.6763 K y_isob_MAE=0.025752 improved=yes epoch_time=51.5s total_time=4194.9s
[seed 1] [stage 2/3: joint VLE] [epoch 49/80] train_total=0.011347 val_score=0.698568 best=0.649046 P_MAE=11.0416 kPa y_iso_MAE=0.019348 T_MAE=1.6741 K y_isob_MAE=0.024388 improved=no epoch_time=50.4s total_time=4245.3s
[seed 1] [stage 2/3: joint VLE] [epoch 50/80] train_total=0.009955 val_score=0.704243 best=0.649046 P_MAE=10.4451 kPa y_iso_MAE=0.019572 T_MAE=1.8429 K y_isob_MAE=0.024619 improved=no epoch_time=46.7s total_time=4292.1s
[seed 1] [stage 2/3: joint VLE] [epoch 51/80] train_total=0.011830 val_score=0.656078 best=0.649046 P_MAE=10.4785 kPa y_iso_MAE=0.018612 T_MAE=1.4881 K y_isob_MAE=0.023105 improved=no epoch_time=46.1s total_time=4338.2s
[seed 1] [stage 2/3: joint VLE] [epoch 52/80] train_total=0.010452 val_score=0.676708 best=0.649046 P_MAE=9.4158 kPa y_iso_MAE=0.017198 T_MAE=1.8322 K y_isob_MAE=0.026983 improved=no epoch_time=47.6s total_time=4385.8s
[seed 1] [stage 2/3: joint VLE] [epoch 53/80] train_total=0.011557 val_score=0.667564 best=0.649046 P_MAE=10.5546 kPa y_iso_MAE=0.018279 T_MAE=1.6252 K y_isob_MAE=0.023233 improved=no epoch_time=47.6s total_time=4433.4s
[seed 1] [stage 2/3: joint VLE] [epoch 54/80] train_total=0.019455 val_score=0.740652 best=0.649046 P_MAE=12.4189 kPa y_iso_MAE=0.018076 T_MAE=1.9296 K y_isob_MAE=0.024709 improved=no epoch_time=47.0s total_time=4480.6s
[seed 1] [stage 2/3: joint VLE] [epoch 55/80] train_total=0.012385 val_score=0.691676 best=0.649046 P_MAE=10.0353 kPa y_iso_MAE=0.019141 T_MAE=1.7828 K y_isob_MAE=0.025381 improved=no epoch_time=49.4s total_time=4530.0s
[seed 1] [stage 2/3: joint VLE] [epoch 56/80] train_total=0.010935 val_score=0.630690 best=0.630690 P_MAE=8.3131 kPa y_iso_MAE=0.018002 T_MAE=1.7582 K y_isob_MAE=0.023327 improved=yes epoch_time=48.7s total_time=4578.7s
[seed 1] [stage 2/3: joint VLE] [epoch 57/80] train_total=0.011327 val_score=0.672513 best=0.630690 P_MAE=10.1904 kPa y_iso_MAE=0.018182 T_MAE=1.7463 K y_isob_MAE=0.023672 improved=no epoch_time=49.3s total_time=4628.0s
[seed 1] [stage 2/3: joint VLE] [epoch 58/80] train_total=0.010761 val_score=0.688012 best=0.630690 P_MAE=7.4129 kPa y_iso_MAE=0.020466 T_MAE=2.1716 K y_isob_MAE=0.026274 improved=no epoch_time=48.0s total_time=4676.0s
[seed 1] [stage 2/3: joint VLE] [epoch 59/80] train_total=0.009358 val_score=0.684067 best=0.630690 P_MAE=10.1574 kPa y_iso_MAE=0.017732 T_MAE=1.8832 K y_isob_MAE=0.024321 improved=no epoch_time=33.6s total_time=4709.7s
[seed 1] [stage 2/3: joint VLE] [epoch 60/80] train_total=0.010216 val_score=0.653103 best=0.630690 P_MAE=10.6332 kPa y_iso_MAE=0.017214 T_MAE=1.5689 K y_isob_MAE=0.022912 improved=no epoch_time=33.6s total_time=4743.2s
[seed 1] [stage 2/3: joint VLE] [epoch 61/80] train_total=0.011527 val_score=0.648513 best=0.630690 P_MAE=9.4496 kPa y_iso_MAE=0.018103 T_MAE=1.6239 K y_isob_MAE=0.024102 improved=no epoch_time=33.9s total_time=4777.1s
[seed 1] [stage 2/3: joint VLE] [epoch 62/80] train_total=0.010864 val_score=0.657229 best=0.630690 P_MAE=9.1263 kPa y_iso_MAE=0.017786 T_MAE=1.7789 K y_isob_MAE=0.024830 improved=no epoch_time=33.8s total_time=4811.0s
[seed 1] [stage 2/3: joint VLE] [epoch 63/80] train_total=0.010744 val_score=0.639669 best=0.630690 P_MAE=9.4825 kPa y_iso_MAE=0.017900 T_MAE=1.6061 K y_isob_MAE=0.023132 improved=no epoch_time=34.7s total_time=4845.7s
[seed 1] [stage 2/3: joint VLE] [epoch 64/80] train_total=0.009857 val_score=0.597015 best=0.597015 P_MAE=8.5351 kPa y_iso_MAE=0.016912 T_MAE=1.4882 K y_isob_MAE=0.022482 improved=yes epoch_time=34.1s total_time=4879.8s
[seed 1] [stage 2/3: joint VLE] [epoch 65/80] train_total=0.009425 val_score=0.559618 best=0.559618 P_MAE=5.7208 kPa y_iso_MAE=0.016943 T_MAE=1.6721 K y_isob_MAE=0.023251 improved=yes epoch_time=34.4s total_time=4914.2s
[seed 1] [stage 2/3: joint VLE] [epoch 66/80] train_total=0.010972 val_score=0.680143 best=0.559618 P_MAE=9.6088 kPa y_iso_MAE=0.019986 T_MAE=1.7938 K y_isob_MAE=0.023692 improved=no epoch_time=34.6s total_time=4948.8s
[seed 1] [stage 2/3: joint VLE] [epoch 67/80] train_total=0.011353 val_score=0.660699 best=0.559618 P_MAE=9.2791 kPa y_iso_MAE=0.018248 T_MAE=1.8609 K y_isob_MAE=0.023147 improved=no epoch_time=34.7s total_time=4983.5s
[seed 1] [stage 2/3: joint VLE] [epoch 68/80] train_total=0.010510 val_score=0.699399 best=0.559618 P_MAE=10.7332 kPa y_iso_MAE=0.020277 T_MAE=1.6696 K y_isob_MAE=0.024337 improved=no epoch_time=34.6s total_time=5018.1s
[seed 1] [stage 2/3: joint VLE] [epoch 69/80] train_total=0.011473 val_score=0.683835 best=0.559618 P_MAE=11.0014 kPa y_iso_MAE=0.019353 T_MAE=1.5863 K y_isob_MAE=0.023410 improved=no epoch_time=34.5s total_time=5052.6s
[seed 1] [stage 2/3: joint VLE] [epoch 70/80] train_total=0.010836 val_score=0.604833 best=0.559618 P_MAE=7.1009 kPa y_iso_MAE=0.018796 T_MAE=1.5815 K y_isob_MAE=0.024567 improved=no epoch_time=36.8s total_time=5089.4s
[seed 1] [stage 2/3: joint VLE] [epoch 71/80] train_total=0.010882 val_score=0.625574 best=0.559618 P_MAE=8.1902 kPa y_iso_MAE=0.018165 T_MAE=1.7393 K y_isob_MAE=0.022969 improved=no epoch_time=35.1s total_time=5124.5s
[seed 1] [stage 2/3: joint VLE] [epoch 72/80] train_total=0.010786 val_score=0.608259 best=0.559618 P_MAE=7.4441 kPa y_iso_MAE=0.017026 T_MAE=1.7046 K y_isob_MAE=0.024681 improved=no epoch_time=34.3s total_time=5158.9s
[seed 1] [stage 2/3: joint VLE] [epoch 73/80] train_total=0.011442 val_score=0.770274 best=0.559618 P_MAE=11.2910 kPa y_iso_MAE=0.020762 T_MAE=2.0681 K y_isob_MAE=0.027509 improved=no epoch_time=34.5s total_time=5193.4s
[seed 1] [stage 2/3: joint VLE] [epoch 74/80] train_total=0.011150 val_score=0.633510 best=0.559618 P_MAE=10.1510 kPa y_iso_MAE=0.017623 T_MAE=1.5347 K y_isob_MAE=0.021345 improved=no epoch_time=34.4s total_time=5227.9s
[seed 1] [stage 2/3: joint VLE] [epoch 75/80] train_total=0.008665 val_score=0.682369 best=0.559618 P_MAE=10.1564 kPa y_iso_MAE=0.018816 T_MAE=1.7415 K y_isob_MAE=0.024534 improved=no epoch_time=34.6s total_time=5262.4s
[seed 1] [stage 2/3: joint VLE] [epoch 76/80] train_total=0.009414 val_score=0.691502 best=0.559618 P_MAE=10.9125 kPa y_iso_MAE=0.018916 T_MAE=1.7061 K y_isob_MAE=0.023851 improved=no epoch_time=34.9s total_time=5297.3s
[seed 1] [stage 2/3: joint VLE] [epoch 77/80] train_total=0.009019 val_score=0.633854 best=0.559618 P_MAE=8.0634 kPa y_iso_MAE=0.018552 T_MAE=1.7198 K y_isob_MAE=0.024415 improved=no epoch_time=34.8s total_time=5332.1s
{"direct_ge_parameter_summary": {"stage1_trainable_parameters": 2015233, "stage2_trainable_parameters": 2052675, "stage3": {"groups": [{"learning_rate": 2e-05, "name": "context_pair_potential", "parameter_count": 148609, "parameter_names": ["context_pair_potential.0.weight", "context_pair_potential.0.bias", "context_pair_potential.2.weight", "context_pair_potential.2.bias"]}, {"learning_rate": 1e-05, "name": "vapor_pressure", "parameter_count": 37442, "parameter_names": ["vapor_pressure.parameter_head.0.weight", "vapor_pressure.parameter_head.0.bias", "vapor_pressure.parameter_head.2.weight", "vapor_pressure.parameter_head.2.bias"]}, {"learning_rate": 5e-06, "name": "film", "parameter_count": 111744, "parameter_names": ["film.0.weight", "film.0.bias", "film.2.weight", "film.2.bias"]}, {"learning_rate": 5e-06, "name": "mixture_token", "parameter_count": 192, "parameter_names": ["mixture_token"]}], "total_parameters": 2052675, "trainable_fraction": 0.14517008294055317, "trainable_parameters": 297987}, "total_parameters": 2052675, "trainable_fraction": 0.14517008294055317, "trainable_parameters": 297987}}
[seed 1] [stage 3/3: fugacity] starting 10 epoch(s)
[seed 1] [stage 3/3: fugacity] [epoch 1/10] train_total=0.008925 val_score=0.572984 best=0.572984 P_MAE=6.8237 kPa y_iso_MAE=0.017244 T_MAE=1.5677 K y_isob_MAE=0.022770 improved=yes epoch_time=34.9s total_time=5367.0s
[seed 1] [stage 3/3: fugacity] [epoch 2/10] train_total=0.007626 val_score=0.581210 best=0.572984 P_MAE=7.4051 kPa y_iso_MAE=0.017031 T_MAE=1.5539 K y_isob_MAE=0.022636 improved=no epoch_time=34.9s total_time=5402.0s
[seed 1] [stage 3/3: fugacity] [epoch 3/10] train_total=0.007862 val_score=0.586080 best=0.572984 P_MAE=7.5831 kPa y_iso_MAE=0.016843 T_MAE=1.5865 K y_isob_MAE=0.022626 improved=no epoch_time=35.1s total_time=5437.1s
[seed 1] [stage 3/3: fugacity] [epoch 4/10] train_total=0.007409 val_score=0.585505 best=0.572984 P_MAE=7.6748 kPa y_iso_MAE=0.016823 T_MAE=1.5681 K y_isob_MAE=0.022516 improved=no epoch_time=34.7s total_time=5471.8s
[seed 1] [stage 3/3: fugacity] [epoch 5/10] train_total=0.007468 val_score=0.588528 best=0.572984 P_MAE=7.7229 kPa y_iso_MAE=0.016821 T_MAE=1.5925 K y_isob_MAE=0.022503 improved=no epoch_time=34.9s total_time=5506.7s
[seed 1] [stage 3/3: fugacity] [epoch 6/10] train_total=0.007087 val_score=0.588960 best=0.572984 P_MAE=7.7486 kPa y_iso_MAE=0.016784 T_MAE=1.5972 K y_isob_MAE=0.022471 improved=no epoch_time=34.8s total_time=5541.5s
[seed 1] [stage 3/3: fugacity] [epoch 7/10] train_total=0.006941 val_score=0.587312 best=0.572984 P_MAE=7.7852 kPa y_iso_MAE=0.016930 T_MAE=1.5497 K y_isob_MAE=0.022546 improved=no epoch_time=33.5s total_time=5575.0s
[seed 1] [stage 3/3: fugacity] [epoch 8/10] train_total=0.006694 val_score=0.581832 best=0.572984 P_MAE=7.6889 kPa y_iso_MAE=0.016714 T_MAE=1.5494 K y_isob_MAE=0.022298 improved=no epoch_time=34.2s total_time=5609.2s
[seed 1] [stage 3/3: fugacity] [epoch 9/10] train_total=0.006619 val_score=0.588155 best=0.572984 P_MAE=7.8757 kPa y_iso_MAE=0.016871 T_MAE=1.5584 K y_isob_MAE=0.022344 improved=no epoch_time=33.8s total_time=5642.9s
[seed 1] [stage 3/3: fugacity] [epoch 10/10] train_total=0.006585 val_score=0.587304 best=0.572984 P_MAE=7.7997 kPa y_iso_MAE=0.016951 T_MAE=1.5539 K y_isob_MAE=0.022413 improved=no epoch_time=33.7s total_time=5676.6s
{"variant": "c3_no_pair_bias", "seed": 1, "status": "completed", "selected_stage": "stage2", "stage0_source": "generated"}
[stage experimental] starting 80 epoch(s)
[stage experimental] [epoch 1/80] train_total=0.748046 val_total=0.102852 best=0.102852 improved=yes epoch_time=2.1s total_time=2.1s
[stage experimental] [epoch 2/80] train_total=0.091741 val_total=0.053148 best=0.053148 improved=yes epoch_time=2.1s total_time=4.2s
[stage experimental] [epoch 3/80] train_total=0.067202 val_total=0.058311 best=0.053148 improved=no epoch_time=2.2s total_time=6.4s
[stage experimental] [epoch 4/80] train_total=0.061187 val_total=0.058583 best=0.053148 improved=no epoch_time=2.1s total_time=8.5s
[stage experimental] [epoch 5/80] train_total=0.053731 val_total=0.053921 best=0.053148 improved=no epoch_time=2.2s total_time=10.7s
[stage experimental] [epoch 6/80] train_total=0.046308 val_total=0.059354 best=0.053148 improved=no epoch_time=2.2s total_time=12.9s
[stage experimental] [epoch 7/80] train_total=0.040827 val_total=0.062038 best=0.053148 improved=no epoch_time=2.2s total_time=15.1s
[stage experimental] [epoch 8/80] train_total=0.038803 val_total=0.058036 best=0.053148 improved=no epoch_time=2.2s total_time=17.3s
[stage experimental] [epoch 9/80] train_total=0.035847 val_total=0.065100 best=0.053148 improved=no epoch_time=2.2s total_time=19.5s
[stage experimental] [epoch 10/80] train_total=0.036100 val_total=0.057072 best=0.053148 improved=no epoch_time=2.1s total_time=21.5s
[stage experimental] [epoch 11/80] train_total=0.041935 val_total=0.060394 best=0.053148 improved=no epoch_time=2.2s total_time=23.7s
[stage experimental] [epoch 12/80] train_total=0.038257 val_total=0.048483 best=0.048483 improved=yes epoch_time=2.0s total_time=25.8s
[stage experimental] [epoch 13/80] train_total=0.036916 val_total=0.040845 best=0.040845 improved=yes epoch_time=2.3s total_time=28.1s
[stage experimental] [epoch 14/80] train_total=0.037213 val_total=0.046878 best=0.040845 improved=no epoch_time=2.4s total_time=30.4s
[stage experimental] [epoch 15/80] train_total=0.031480 val_total=0.047928 best=0.040845 improved=no epoch_time=2.3s total_time=32.7s
[stage experimental] [epoch 16/80] train_total=0.035282 val_total=0.055519 best=0.040845 improved=no epoch_time=2.2s total_time=34.9s
[stage experimental] [epoch 17/80] train_total=0.028510 val_total=0.041679 best=0.040845 improved=no epoch_time=2.1s total_time=37.1s
[stage experimental] [epoch 18/80] train_total=0.024265 val_total=0.050974 best=0.040845 improved=no epoch_time=2.1s total_time=39.2s
[stage experimental] [epoch 19/80] train_total=0.027554 val_total=0.050101 best=0.040845 improved=no epoch_time=2.1s total_time=41.3s
[stage experimental] [epoch 20/80] train_total=0.026558 val_total=0.040123 best=0.040123 improved=yes epoch_time=2.2s total_time=43.5s
[stage experimental] [epoch 21/80] train_total=0.028884 val_total=0.048718 best=0.040123 improved=no epoch_time=2.2s total_time=45.7s
[stage experimental] [epoch 22/80] train_total=0.029492 val_total=0.045238 best=0.040123 improved=no epoch_time=2.2s total_time=48.0s
[stage experimental] [epoch 23/80] train_total=0.025432 val_total=0.040182 best=0.040123 improved=no epoch_time=2.1s total_time=50.1s
[stage experimental] [epoch 24/80] train_total=0.022836 val_total=0.041042 best=0.040123 improved=no epoch_time=2.2s total_time=52.3s
[stage experimental] [epoch 25/80] train_total=0.025906 val_total=0.040142 best=0.040123 improved=no epoch_time=2.1s total_time=54.4s
[stage experimental] [epoch 26/80] train_total=0.022777 val_total=0.041884 best=0.040123 improved=no epoch_time=2.1s total_time=56.5s
[stage experimental] [epoch 27/80] train_total=0.020663 val_total=0.035112 best=0.035112 improved=yes epoch_time=2.2s total_time=58.7s
[stage experimental] [epoch 28/80] train_total=0.021116 val_total=0.037947 best=0.035112 improved=no epoch_time=2.2s total_time=60.8s
[stage experimental] [epoch 29/80] train_total=0.018793 val_total=0.039552 best=0.035112 improved=no epoch_time=2.3s total_time=63.1s
[stage experimental] [epoch 30/80] train_total=0.021385 val_total=0.035327 best=0.035112 improved=no epoch_time=2.1s total_time=65.2s
[stage experimental] [epoch 31/80] train_total=0.019104 val_total=0.041827 best=0.035112 improved=no epoch_time=2.3s total_time=67.6s
[stage experimental] [epoch 32/80] train_total=0.015771 val_total=0.032992 best=0.032992 improved=yes epoch_time=2.5s total_time=70.0s
[stage experimental] [epoch 33/80] train_total=0.016565 val_total=0.029285 best=0.029285 improved=yes epoch_time=2.3s total_time=72.4s
[stage experimental] [epoch 34/80] train_total=0.017320 val_total=0.049440 best=0.029285 improved=no epoch_time=2.2s total_time=74.6s
[stage experimental] [epoch 35/80] train_total=0.017289 val_total=0.029744 best=0.029285 improved=no epoch_time=2.4s total_time=77.0s
[stage experimental] [epoch 36/80] train_total=0.015745 val_total=0.030331 best=0.029285 improved=no epoch_time=2.1s total_time=79.1s
[stage experimental] [epoch 37/80] train_total=0.015744 val_total=0.030383 best=0.029285 improved=no epoch_time=2.2s total_time=81.3s
[stage experimental] [epoch 38/80] train_total=0.019619 val_total=0.034257 best=0.029285 improved=no epoch_time=2.2s total_time=83.5s
[stage experimental] [epoch 39/80] train_total=0.015580 val_total=0.032420 best=0.029285 improved=no epoch_time=2.1s total_time=85.6s
[stage experimental] [epoch 40/80] train_total=0.013543 val_total=0.028904 best=0.028904 improved=yes epoch_time=2.1s total_time=87.7s
[stage experimental] [epoch 41/80] train_total=0.014620 val_total=0.034582 best=0.028904 improved=no epoch_time=2.1s total_time=89.8s
[stage experimental] [epoch 42/80] train_total=0.014336 val_total=0.031206 best=0.028904 improved=no epoch_time=2.1s total_time=92.0s
[stage experimental] [epoch 43/80] train_total=0.013719 val_total=0.025315 best=0.025315 improved=yes epoch_time=2.1s total_time=94.1s
[stage experimental] [epoch 44/80] train_total=0.011907 val_total=0.025527 best=0.025315 improved=no epoch_time=2.1s total_time=96.2s
[stage experimental] [epoch 45/80] train_total=0.012006 val_total=0.027703 best=0.025315 improved=no epoch_time=2.2s total_time=98.5s
[stage experimental] [epoch 46/80] train_total=0.010979 val_total=0.024559 best=0.024559 improved=yes epoch_time=2.3s total_time=100.7s
[stage experimental] [epoch 47/80] train_total=0.010300 val_total=0.023613 best=0.023613 improved=yes epoch_time=2.2s total_time=102.9s
[stage experimental] [epoch 48/80] train_total=0.009792 val_total=0.023452 best=0.023452 improved=yes epoch_time=2.3s total_time=105.2s
[stage experimental] [epoch 49/80] train_total=0.010918 val_total=0.022636 best=0.022636 improved=yes epoch_time=2.2s total_time=107.3s
[stage experimental] [epoch 50/80] train_total=0.012517 val_total=0.021262 best=0.021262 improved=yes epoch_time=2.2s total_time=109.6s
[stage experimental] [epoch 51/80] train_total=0.010827 val_total=0.021949 best=0.021262 improved=no epoch_time=2.2s total_time=111.8s
[stage experimental] [epoch 52/80] train_total=0.009309 val_total=0.022495 best=0.021262 improved=no epoch_time=2.2s total_time=113.9s
[stage experimental] [epoch 53/80] train_total=0.012169 val_total=0.026197 best=0.021262 improved=no epoch_time=2.1s total_time=116.1s
[stage experimental] [epoch 54/80] train_total=0.013327 val_total=0.021176 best=0.021176 improved=yes epoch_time=2.2s total_time=118.3s
[stage experimental] [epoch 55/80] train_total=0.009440 val_total=0.021009 best=0.021009 improved=yes epoch_time=2.2s total_time=120.5s
[stage experimental] [epoch 56/80] train_total=0.009238 val_total=0.025352 best=0.021009 improved=no epoch_time=2.1s total_time=122.7s
[stage experimental] [epoch 57/80] train_total=0.009951 val_total=0.021808 best=0.021009 improved=no epoch_time=2.1s total_time=124.8s
[stage experimental] [epoch 58/80] train_total=0.008512 val_total=0.022107 best=0.021009 improved=no epoch_time=2.1s total_time=126.9s
[stage experimental] [epoch 59/80] train_total=0.010115 val_total=0.020767 best=0.020767 improved=yes epoch_time=2.1s total_time=129.0s
[stage experimental] [epoch 60/80] train_total=0.010950 val_total=0.023112 best=0.020767 improved=no epoch_time=2.2s total_time=131.2s
[stage experimental] [epoch 61/80] train_total=0.008484 val_total=0.019215 best=0.019215 improved=yes epoch_time=2.2s total_time=133.4s
[stage experimental] [epoch 62/80] train_total=0.009103 val_total=0.019705 best=0.019215 improved=no epoch_time=2.1s total_time=135.6s
[stage experimental] [epoch 63/80] train_total=0.008781 val_total=0.021073 best=0.019215 improved=no epoch_time=2.2s total_time=137.8s
[stage experimental] [epoch 64/80] train_total=0.008312 val_total=0.018999 best=0.018999 improved=yes epoch_time=2.2s total_time=140.0s
[stage experimental] [epoch 65/80] train_total=0.009096 val_total=0.022803 best=0.018999 improved=no epoch_time=2.2s total_time=142.1s
[stage experimental] [epoch 66/80] train_total=0.011698 val_total=0.018751 best=0.018751 improved=yes epoch_time=2.1s total_time=144.3s
[stage experimental] [epoch 67/80] train_total=0.008723 val_total=0.019835 best=0.018751 improved=no epoch_time=2.1s total_time=146.4s
[stage experimental] [epoch 68/80] train_total=0.009178 val_total=0.018374 best=0.018374 improved=yes epoch_time=2.1s total_time=148.5s
[stage experimental] [epoch 69/80] train_total=0.009359 val_total=0.020194 best=0.018374 improved=no epoch_time=2.2s total_time=150.7s
[stage experimental] [epoch 70/80] train_total=0.007106 val_total=0.017941 best=0.017941 improved=yes epoch_time=2.1s total_time=152.8s
[stage experimental] [epoch 71/80] train_total=0.010560 val_total=0.020984 best=0.017941 improved=no epoch_time=2.1s total_time=154.9s
[stage experimental] [epoch 72/80] train_total=0.009398 val_total=0.019432 best=0.017941 improved=no epoch_time=2.1s total_time=157.0s
[stage experimental] [epoch 73/80] train_total=0.011306 val_total=0.018963 best=0.017941 improved=no epoch_time=2.2s total_time=159.2s
[stage experimental] [epoch 74/80] train_total=0.007912 val_total=0.018388 best=0.017941 improved=no epoch_time=2.1s total_time=161.3s
[stage experimental] [epoch 75/80] train_total=0.009456 val_total=0.021677 best=0.017941 improved=no epoch_time=2.1s total_time=163.4s
[stage experimental] [epoch 76/80] train_total=0.008198 val_total=0.019822 best=0.017941 improved=no epoch_time=2.1s total_time=165.5s
[stage experimental] [epoch 77/80] train_total=0.008169 val_total=0.019722 best=0.017941 improved=no epoch_time=2.2s total_time=167.7s
[stage experimental] [epoch 78/80] train_total=0.008636 val_total=0.019464 best=0.017941 improved=no epoch_time=2.2s total_time=169.9s
[stage experimental] [epoch 79/80] train_total=0.007819 val_total=0.018204 best=0.017941 improved=no epoch_time=2.4s total_time=172.3s
[stage experimental] [epoch 80/80] train_total=0.009746 val_total=0.019245 best=0.017941 improved=no epoch_time=2.2s total_time=174.5s
[seed 4] [stage 1/3: direct GE] starting 20 epoch(s)
[seed 4] [stage 1/3: direct GE] [epoch 1/20] train_total=0.004402 val_score=1.144383 best=1.144383 P_MAE=8.0385 kPa y_iso_MAE=0.025857 T_MAE=2.9815 K y_isob_MAE=0.027050 improved=yes epoch_time=31.7s total_time=61.8s
[seed 4] [stage 1/3: direct GE] [epoch 2/20] train_total=0.003719 val_score=1.208245 best=1.144383 P_MAE=8.8039 kPa y_iso_MAE=0.026789 T_MAE=3.1594 K y_isob_MAE=0.028144 improved=no epoch_time=31.8s total_time=93.6s
[seed 4] [stage 1/3: direct GE] [epoch 3/20] train_total=0.003940 val_score=1.124443 best=1.124443 P_MAE=8.1085 kPa y_iso_MAE=0.026097 T_MAE=2.7983 K y_isob_MAE=0.026580 improved=yes epoch_time=32.3s total_time=126.0s
[seed 4] [stage 1/3: direct GE] [epoch 4/20] train_total=0.003439 val_score=1.145641 best=1.124443 P_MAE=8.4736 kPa y_iso_MAE=0.027615 T_MAE=2.7178 K y_isob_MAE=0.026732 improved=no epoch_time=31.8s total_time=157.8s
[seed 4] [stage 1/3: direct GE] [epoch 5/20] train_total=0.003360 val_score=1.021820 best=1.021820 P_MAE=7.5250 kPa y_iso_MAE=0.024392 T_MAE=2.4136 K y_isob_MAE=0.024295 improved=yes epoch_time=31.8s total_time=189.5s
[seed 4] [stage 1/3: direct GE] [epoch 6/20] train_total=0.003536 val_score=1.189269 best=1.021820 P_MAE=8.7872 kPa y_iso_MAE=0.023819 T_MAE=3.1508 K y_isob_MAE=0.029727 improved=no epoch_time=27.9s total_time=217.5s
[seed 4] [stage 1/3: direct GE] [epoch 7/20] train_total=0.003357 val_score=1.107721 best=1.021820 P_MAE=7.8722 kPa y_iso_MAE=0.025063 T_MAE=2.7850 K y_isob_MAE=0.026913 improved=no epoch_time=24.6s total_time=242.1s
[seed 4] [stage 1/3: direct GE] [epoch 8/20] train_total=0.003453 val_score=1.208131 best=1.021820 P_MAE=8.9016 kPa y_iso_MAE=0.030910 T_MAE=2.8010 K y_isob_MAE=0.026996 improved=no epoch_time=24.5s total_time=266.5s
[seed 4] [stage 1/3: direct GE] [epoch 9/20] train_total=0.003346 val_score=1.164809 best=1.021820 P_MAE=8.6371 kPa y_iso_MAE=0.025555 T_MAE=2.9876 K y_isob_MAE=0.027605 improved=no epoch_time=24.6s total_time=291.2s
[seed 4] [stage 1/3: direct GE] [epoch 10/20] train_total=0.003116 val_score=1.181235 best=1.021820 P_MAE=7.9711 kPa y_iso_MAE=0.027984 T_MAE=3.0421 K y_isob_MAE=0.027753 improved=no epoch_time=24.6s total_time=315.7s
[seed 4] [stage 1/3: direct GE] [epoch 11/20] train_total=0.003248 val_score=1.241233 best=1.021820 P_MAE=8.5620 kPa y_iso_MAE=0.024979 T_MAE=3.4541 K y_isob_MAE=0.030878 improved=no epoch_time=24.8s total_time=340.5s
[seed 4] [stage 1/3: direct GE] [epoch 12/20] train_total=0.003157 val_score=1.147922 best=1.021820 P_MAE=7.5906 kPa y_iso_MAE=0.026331 T_MAE=2.8718 K y_isob_MAE=0.029176 improved=no epoch_time=24.6s total_time=365.2s
[seed 4] [stage 1/3: direct GE] [epoch 13/20] train_total=0.003108 val_score=1.208788 best=1.021820 P_MAE=7.9102 kPa y_iso_MAE=0.025628 T_MAE=3.2582 K y_isob_MAE=0.030874 improved=no epoch_time=24.6s total_time=389.7s
[seed 4] [stage 1/3: direct GE] [epoch 14/20] train_total=0.003155 val_score=1.163898 best=1.021820 P_MAE=7.1672 kPa y_iso_MAE=0.023258 T_MAE=3.3091 K y_isob_MAE=0.030752 improved=no epoch_time=24.6s total_time=414.3s
[seed 4] [stage 1/3: direct GE] [epoch 15/20] train_total=0.003239 val_score=1.087240 best=1.021820 P_MAE=8.0882 kPa y_iso_MAE=0.025228 T_MAE=2.5741 K y_isob_MAE=0.026358 improved=no epoch_time=25.7s total_time=440.0s
[seed 4] [stage 1/3: direct GE] [epoch 16/20] train_total=0.003141 val_score=1.155797 best=1.021820 P_MAE=8.2903 kPa y_iso_MAE=0.026687 T_MAE=2.8115 K y_isob_MAE=0.028240 improved=no epoch_time=24.9s total_time=464.8s
[seed 4] [stage 1/3: direct GE] [epoch 17/20] train_total=0.003047 val_score=1.153333 best=1.021820 P_MAE=7.9093 kPa y_iso_MAE=0.026583 T_MAE=2.7556 K y_isob_MAE=0.029714 improved=no epoch_time=25.0s total_time=489.8s
[seed 4] [stage 1/3: direct GE] [epoch 18/20] train_total=0.003096 val_score=1.225067 best=1.021820 P_MAE=8.3768 kPa y_iso_MAE=0.028022 T_MAE=3.1363 K y_isob_MAE=0.029758 improved=no epoch_time=25.1s total_time=514.9s
[seed 4] [stage 1/3: direct GE] [epoch 19/20] train_total=0.003146 val_score=1.198810 best=1.021820 P_MAE=8.2421 kPa y_iso_MAE=0.028061 T_MAE=3.0135 K y_isob_MAE=0.028865 improved=no epoch_time=25.8s total_time=540.7s
[seed 4] [stage 1/3: direct GE] [epoch 20/20] train_total=0.003130 val_score=1.171354 best=1.021820 P_MAE=8.5507 kPa y_iso_MAE=0.026285 T_MAE=3.0443 K y_isob_MAE=0.027088 improved=no epoch_time=25.9s total_time=566.6s
[seed 4] [stage 2/3: joint VLE] starting 80 epoch(s)
[seed 4] [stage 2/3: joint VLE] [epoch 1/80] train_total=0.015890 val_score=0.994697 best=0.994697 P_MAE=7.6165 kPa y_iso_MAE=0.020602 T_MAE=2.4886 K y_isob_MAE=0.024877 improved=yes epoch_time=26.7s total_time=593.3s
[seed 4] [stage 2/3: joint VLE] [epoch 2/80] train_total=0.013059 val_score=1.038233 best=0.994697 P_MAE=10.3437 kPa y_iso_MAE=0.021054 T_MAE=2.2563 K y_isob_MAE=0.023416 improved=no epoch_time=26.6s total_time=619.8s
[seed 4] [stage 2/3: joint VLE] [epoch 3/80] train_total=0.014395 val_score=1.167759 best=0.994697 P_MAE=9.8540 kPa y_iso_MAE=0.024111 T_MAE=2.9135 K y_isob_MAE=0.026906 improved=no epoch_time=26.8s total_time=646.7s
[seed 4] [stage 2/3: joint VLE] [epoch 4/80] train_total=0.016436 val_score=1.076896 best=0.994697 P_MAE=8.3913 kPa y_iso_MAE=0.022249 T_MAE=2.5241 K y_isob_MAE=0.028307 improved=no epoch_time=26.6s total_time=673.3s
[seed 4] [stage 2/3: joint VLE] [epoch 5/80] train_total=0.020663 val_score=1.042443 best=0.994697 P_MAE=7.3388 kPa y_iso_MAE=0.023075 T_MAE=2.5304 K y_isob_MAE=0.026977 improved=no epoch_time=26.9s total_time=700.1s
[seed 4] [stage 2/3: joint VLE] [epoch 6/80] train_total=0.012728 val_score=1.027899 best=0.994697 P_MAE=9.5505 kPa y_iso_MAE=0.023620 T_MAE=2.1708 K y_isob_MAE=0.022668 improved=no epoch_time=26.6s total_time=726.7s
[seed 4] [stage 2/3: joint VLE] [epoch 7/80] train_total=0.012148 val_score=1.008764 best=0.994697 P_MAE=7.7868 kPa y_iso_MAE=0.022719 T_MAE=2.3994 K y_isob_MAE=0.024329 improved=no epoch_time=28.2s total_time=754.9s
[seed 4] [stage 2/3: joint VLE] [epoch 8/80] train_total=0.013346 val_score=0.970081 best=0.970081 P_MAE=7.0183 kPa y_iso_MAE=0.021003 T_MAE=2.2960 K y_isob_MAE=0.025695 improved=yes epoch_time=27.4s total_time=782.3s
[seed 4] [stage 2/3: joint VLE] [epoch 9/80] train_total=0.011719 val_score=0.998924 best=0.970081 P_MAE=7.8275 kPa y_iso_MAE=0.022767 T_MAE=2.3720 K y_isob_MAE=0.023524 improved=no epoch_time=26.6s total_time=808.9s
[seed 4] [stage 2/3: joint VLE] [epoch 10/80] train_total=0.012604 val_score=1.067057 best=0.970081 P_MAE=9.5321 kPa y_iso_MAE=0.021468 T_MAE=2.4771 K y_isob_MAE=0.025631 improved=no epoch_time=25.8s total_time=834.7s
[seed 4] [stage 2/3: joint VLE] [epoch 11/80] train_total=0.011840 val_score=0.961600 best=0.961600 P_MAE=8.1108 kPa y_iso_MAE=0.020098 T_MAE=2.2277 K y_isob_MAE=0.023621 improved=yes epoch_time=25.8s total_time=860.5s
[seed 4] [stage 2/3: joint VLE] [epoch 12/80] train_total=0.010728 val_score=0.937711 best=0.937711 P_MAE=6.6104 kPa y_iso_MAE=0.020574 T_MAE=2.3100 K y_isob_MAE=0.024101 improved=yes epoch_time=25.9s total_time=886.4s
[seed 4] [stage 2/3: joint VLE] [epoch 13/80] train_total=0.012431 val_score=0.968283 best=0.937711 P_MAE=7.5572 kPa y_iso_MAE=0.020767 T_MAE=2.3253 K y_isob_MAE=0.024033 improved=no epoch_time=26.7s total_time=913.1s
[seed 4] [stage 2/3: joint VLE] [epoch 14/80] train_total=0.011990 val_score=0.988640 best=0.937711 P_MAE=8.8483 kPa y_iso_MAE=0.020045 T_MAE=2.3007 K y_isob_MAE=0.023477 improved=no epoch_time=27.5s total_time=940.6s
[seed 4] [stage 2/3: joint VLE] [epoch 15/80] train_total=0.012555 val_score=1.031385 best=0.937711 P_MAE=8.3795 kPa y_iso_MAE=0.020801 T_MAE=2.6224 K y_isob_MAE=0.024680 improved=no epoch_time=27.0s total_time=967.6s
[seed 4] [stage 2/3: joint VLE] [epoch 16/80] train_total=0.011098 val_score=1.017336 best=0.937711 P_MAE=6.9892 kPa y_iso_MAE=0.021179 T_MAE=2.5252 K y_isob_MAE=0.027688 improved=no epoch_time=25.8s total_time=993.4s
[seed 4] [stage 2/3: joint VLE] [epoch 17/80] train_total=0.011255 val_score=0.988240 best=0.937711 P_MAE=7.2529 kPa y_iso_MAE=0.022920 T_MAE=2.4000 K y_isob_MAE=0.023632 improved=no epoch_time=25.5s total_time=1018.9s
[seed 4] [stage 2/3: joint VLE] [epoch 18/80] train_total=0.010876 val_score=0.952493 best=0.937711 P_MAE=6.8765 kPa y_iso_MAE=0.020738 T_MAE=2.4247 K y_isob_MAE=0.023433 improved=no epoch_time=25.9s total_time=1044.7s
[seed 4] [stage 2/3: joint VLE] [epoch 19/80] train_total=0.010314 val_score=0.979292 best=0.937711 P_MAE=7.7713 kPa y_iso_MAE=0.020801 T_MAE=2.3026 K y_isob_MAE=0.024674 improved=no epoch_time=26.3s total_time=1071.1s
[seed 4] [stage 2/3: joint VLE] [epoch 20/80] train_total=0.010895 val_score=1.006223 best=0.937711 P_MAE=7.8261 kPa y_iso_MAE=0.022815 T_MAE=2.3249 K y_isob_MAE=0.024629 improved=no epoch_time=26.0s total_time=1097.0s
[seed 4] [stage 2/3: joint VLE] [epoch 21/80] train_total=0.011790 val_score=1.085000 best=0.937711 P_MAE=8.7525 kPa y_iso_MAE=0.024833 T_MAE=2.5890 K y_isob_MAE=0.024635 improved=no epoch_time=26.3s total_time=1123.3s
[seed 4] [stage 2/3: joint VLE] [epoch 22/80] train_total=0.013134 val_score=0.976860 best=0.937711 P_MAE=7.5076 kPa y_iso_MAE=0.021331 T_MAE=2.3577 K y_isob_MAE=0.024030 improved=no epoch_time=26.6s total_time=1149.9s
[seed 4] [stage 2/3: joint VLE] [epoch 23/80] train_total=0.010892 val_score=1.019155 best=0.937711 P_MAE=9.0294 kPa y_iso_MAE=0.020533 T_MAE=2.5599 K y_isob_MAE=0.022703 improved=no epoch_time=25.0s total_time=1174.8s
[seed 4] [stage 2/3: joint VLE] [epoch 24/80] train_total=0.009917 val_score=0.970659 best=0.937711 P_MAE=7.7591 kPa y_iso_MAE=0.020234 T_MAE=2.3027 K y_isob_MAE=0.024516 improved=no epoch_time=26.2s total_time=1201.1s
{"direct_ge_parameter_summary": {"stage1_trainable_parameters": 2015233, "stage2_trainable_parameters": 2052675, "stage3": {"groups": [{"learning_rate": 2e-05, "name": "context_pair_potential", "parameter_count": 148609, "parameter_names": ["context_pair_potential.0.weight", "context_pair_potential.0.bias", "context_pair_potential.2.weight", "context_pair_potential.2.bias"]}, {"learning_rate": 1e-05, "name": "vapor_pressure", "parameter_count": 37442, "parameter_names": ["vapor_pressure.parameter_head.0.weight", "vapor_pressure.parameter_head.0.bias", "vapor_pressure.parameter_head.2.weight", "vapor_pressure.parameter_head.2.bias"]}, {"learning_rate": 5e-06, "name": "film", "parameter_count": 111744, "parameter_names": ["film.0.weight", "film.0.bias", "film.2.weight", "film.2.bias"]}, {"learning_rate": 5e-06, "name": "mixture_token", "parameter_count": 192, "parameter_names": ["mixture_token"]}], "total_parameters": 2052675, "trainable_fraction": 0.14517008294055317, "trainable_parameters": 297987}, "total_parameters": 2052675, "trainable_fraction": 0.14517008294055317, "trainable_parameters": 297987}}
[seed 4] [stage 3/3: fugacity] starting 10 epoch(s)
[seed 4] [stage 3/3: fugacity] [epoch 1/10] train_total=0.008841 val_score=0.904792 best=0.904792 P_MAE=6.6816 kPa y_iso_MAE=0.019801 T_MAE=2.1592 K y_isob_MAE=0.023192 improved=yes epoch_time=25.2s total_time=1226.2s
[seed 4] [stage 3/3: fugacity] [epoch 2/10] train_total=0.008027 val_score=0.907000 best=0.904792 P_MAE=6.8314 kPa y_iso_MAE=0.019891 T_MAE=2.1323 K y_isob_MAE=0.023165 improved=no epoch_time=25.7s total_time=1251.9s
[seed 4] [stage 3/3: fugacity] [epoch 3/10] train_total=0.007992 val_score=0.914911 best=0.904792 P_MAE=6.9300 kPa y_iso_MAE=0.020090 T_MAE=2.1365 K y_isob_MAE=0.023379 improved=no epoch_time=26.5s total_time=1278.4s
[seed 4] [stage 3/3: fugacity] [epoch 4/10] train_total=0.007670 val_score=0.913446 best=0.904792 P_MAE=6.9253 kPa y_iso_MAE=0.020028 T_MAE=2.1334 K y_isob_MAE=0.023353 improved=no epoch_time=27.1s total_time=1305.4s
[seed 4] [stage 3/3: fugacity] [epoch 5/10] train_total=0.007239 val_score=0.913521 best=0.904792 P_MAE=6.9303 kPa y_iso_MAE=0.019935 T_MAE=2.1363 K y_isob_MAE=0.023418 improved=no epoch_time=27.0s total_time=1332.5s
[seed 4] [stage 3/3: fugacity] [epoch 6/10] train_total=0.007313 val_score=0.916109 best=0.904792 P_MAE=6.9602 kPa y_iso_MAE=0.019953 T_MAE=2.1319 K y_isob_MAE=0.023604 improved=no epoch_time=26.2s total_time=1358.6s
[seed 4] [stage 3/3: fugacity] [epoch 7/10] train_total=0.007172 val_score=0.915455 best=0.904792 P_MAE=7.0481 kPa y_iso_MAE=0.019867 T_MAE=2.1429 K y_isob_MAE=0.023289 improved=no epoch_time=26.0s total_time=1384.6s
[seed 4] [stage 3/3: fugacity] [epoch 8/10] train_total=0.007205 val_score=0.913129 best=0.904792 P_MAE=6.9850 kPa y_iso_MAE=0.019754 T_MAE=2.1537 K y_isob_MAE=0.023256 improved=no epoch_time=25.6s total_time=1410.2s
[seed 4] [stage 3/3: fugacity] [epoch 9/10] train_total=0.007416 val_score=0.920745 best=0.904792 P_MAE=7.0373 kPa y_iso_MAE=0.019899 T_MAE=2.1680 K y_isob_MAE=0.023525 improved=no epoch_time=25.5s total_time=1435.8s
[seed 4] [stage 3/3: fugacity] [epoch 10/10] train_total=0.006880 val_score=0.918745 best=0.904792 P_MAE=7.0190 kPa y_iso_MAE=0.019869 T_MAE=2.1541 K y_isob_MAE=0.023560 improved=no epoch_time=24.8s total_time=1460.6s
{"variant": "c3_no_pair_bias", "seed": 4, "status": "completed", "selected_stage": "stage3", "stage0_source": "generated"}
