[stage experimental] starting 80 epoch(s)
[stage experimental] [epoch 1/80] train_total=0.703582 val_total=0.120208 best=0.120208 improved=yes epoch_time=3.8s total_time=3.8s
[stage experimental] [epoch 2/80] train_total=0.101969 val_total=0.087305 best=0.087305 improved=yes epoch_time=3.5s total_time=7.4s
[stage experimental] [epoch 3/80] train_total=0.069775 val_total=0.081186 best=0.081186 improved=yes epoch_time=3.6s total_time=11.0s
[stage experimental] [epoch 4/80] train_total=0.051979 val_total=0.068911 best=0.068911 improved=yes epoch_time=3.5s total_time=14.5s
[stage experimental] [epoch 5/80] train_total=0.047608 val_total=0.075313 best=0.068911 improved=no epoch_time=3.4s total_time=18.0s
[stage experimental] [epoch 6/80] train_total=0.043994 val_total=0.059560 best=0.059560 improved=yes epoch_time=3.5s total_time=21.5s
[stage experimental] [epoch 7/80] train_total=0.041128 val_total=0.080221 best=0.059560 improved=no epoch_time=3.4s total_time=24.9s
[stage experimental] [epoch 8/80] train_total=0.047474 val_total=0.080390 best=0.059560 improved=no epoch_time=3.6s total_time=28.5s
[stage experimental] [epoch 9/80] train_total=0.041104 val_total=0.073481 best=0.059560 improved=no epoch_time=3.6s total_time=32.0s
[stage experimental] [epoch 10/80] train_total=0.035127 val_total=0.079135 best=0.059560 improved=no epoch_time=3.5s total_time=35.5s
[stage experimental] [epoch 11/80] train_total=0.040224 val_total=0.063306 best=0.059560 improved=no epoch_time=3.6s total_time=39.1s
[stage experimental] [epoch 12/80] train_total=0.033340 val_total=0.062899 best=0.059560 improved=no epoch_time=3.5s total_time=42.6s
[stage experimental] [epoch 13/80] train_total=0.030363 val_total=0.067293 best=0.059560 improved=no epoch_time=3.5s total_time=46.1s
[stage experimental] [epoch 14/80] train_total=0.032983 val_total=0.055613 best=0.055613 improved=yes epoch_time=3.6s total_time=49.7s
[stage experimental] [epoch 15/80] train_total=0.027722 val_total=0.060357 best=0.055613 improved=no epoch_time=3.5s total_time=53.2s
[stage experimental] [epoch 16/80] train_total=0.031908 val_total=0.058532 best=0.055613 improved=no epoch_time=3.5s total_time=56.8s
[stage experimental] [epoch 17/80] train_total=0.029341 val_total=0.052874 best=0.052874 improved=yes epoch_time=3.4s total_time=60.2s
[stage experimental] [epoch 18/80] train_total=0.033565 val_total=0.059603 best=0.052874 improved=no epoch_time=3.5s total_time=63.7s
[stage experimental] [epoch 19/80] train_total=0.027689 val_total=0.057371 best=0.052874 improved=no epoch_time=3.7s total_time=67.4s
[stage experimental] [epoch 20/80] train_total=0.028001 val_total=0.068046 best=0.052874 improved=no epoch_time=3.5s total_time=70.9s
[stage experimental] [epoch 21/80] train_total=0.027600 val_total=0.056543 best=0.052874 improved=no epoch_time=3.5s total_time=74.3s
[stage experimental] [epoch 22/80] train_total=0.024484 val_total=0.060118 best=0.052874 improved=no epoch_time=3.6s total_time=77.9s
[stage experimental] [epoch 23/80] train_total=0.026984 val_total=0.057601 best=0.052874 improved=no epoch_time=3.7s total_time=81.6s
[stage experimental] [epoch 24/80] train_total=0.027299 val_total=0.059313 best=0.052874 improved=no epoch_time=3.5s total_time=85.1s
[stage experimental] [epoch 25/80] train_total=0.027527 val_total=0.053462 best=0.052874 improved=no epoch_time=3.8s total_time=88.9s
[stage experimental] [epoch 26/80] train_total=0.023187 val_total=0.052306 best=0.052306 improved=yes epoch_time=3.6s total_time=92.6s
[stage experimental] [epoch 27/80] train_total=0.022566 val_total=0.055902 best=0.052306 improved=no epoch_time=3.5s total_time=96.1s
[stage experimental] [epoch 28/80] train_total=0.022982 val_total=0.050400 best=0.050400 improved=yes epoch_time=3.6s total_time=99.7s
[stage experimental] [epoch 29/80] train_total=0.023287 val_total=0.053032 best=0.050400 improved=no epoch_time=3.6s total_time=103.4s
[stage experimental] [epoch 30/80] train_total=0.020805 val_total=0.052723 best=0.050400 improved=no epoch_time=3.6s total_time=107.0s
[stage experimental] [epoch 31/80] train_total=0.019454 val_total=0.051082 best=0.050400 improved=no epoch_time=3.7s total_time=110.7s
[stage experimental] [epoch 32/80] train_total=0.019738 val_total=0.042593 best=0.042593 improved=yes epoch_time=3.6s total_time=114.3s
[stage experimental] [epoch 33/80] train_total=0.018432 val_total=0.049528 best=0.042593 improved=no epoch_time=3.6s total_time=117.9s
[stage experimental] [epoch 34/80] train_total=0.015485 val_total=0.045465 best=0.042593 improved=no epoch_time=3.5s total_time=121.4s
[stage experimental] [epoch 35/80] train_total=0.017948 val_total=0.042358 best=0.042358 improved=yes epoch_time=3.5s total_time=124.9s
[stage experimental] [epoch 36/80] train_total=0.017009 val_total=0.039981 best=0.039981 improved=yes epoch_time=3.8s total_time=128.8s
[stage experimental] [epoch 37/80] train_total=0.015365 val_total=0.037031 best=0.037031 improved=yes epoch_time=3.3s total_time=132.1s
[stage experimental] [epoch 38/80] train_total=0.018163 val_total=0.039598 best=0.037031 improved=no epoch_time=3.5s total_time=135.5s
[stage experimental] [epoch 39/80] train_total=0.016298 val_total=0.040674 best=0.037031 improved=no epoch_time=3.9s total_time=139.4s
[stage experimental] [epoch 40/80] train_total=0.017188 val_total=0.036256 best=0.036256 improved=yes epoch_time=3.7s total_time=143.1s
[stage experimental] [epoch 41/80] train_total=0.015473 val_total=0.035011 best=0.035011 improved=yes epoch_time=3.8s total_time=146.9s
[stage experimental] [epoch 42/80] train_total=0.015424 val_total=0.036812 best=0.035011 improved=no epoch_time=3.9s total_time=150.8s
[stage experimental] [epoch 43/80] train_total=0.012398 val_total=0.045239 best=0.035011 improved=no epoch_time=3.7s total_time=154.5s
[stage experimental] [epoch 44/80] train_total=0.012185 val_total=0.038297 best=0.035011 improved=no epoch_time=3.7s total_time=158.2s
[stage experimental] [epoch 45/80] train_total=0.016527 val_total=0.030751 best=0.030751 improved=yes epoch_time=3.7s total_time=161.9s
[stage experimental] [epoch 46/80] train_total=0.012766 val_total=0.031168 best=0.030751 improved=no epoch_time=3.9s total_time=165.8s
[stage experimental] [epoch 47/80] train_total=0.012762 val_total=0.030086 best=0.030086 improved=yes epoch_time=3.8s total_time=169.7s
[stage experimental] [epoch 48/80] train_total=0.010820 val_total=0.029202 best=0.029202 improved=yes epoch_time=4.0s total_time=173.6s
[stage experimental] [epoch 49/80] train_total=0.012428 val_total=0.037388 best=0.029202 improved=no epoch_time=3.7s total_time=177.4s
[stage experimental] [epoch 50/80] train_total=0.010985 val_total=0.030162 best=0.029202 improved=no epoch_time=3.8s total_time=181.1s
[stage experimental] [epoch 51/80] train_total=0.011934 val_total=0.030366 best=0.029202 improved=no epoch_time=3.8s total_time=184.9s
[stage experimental] [epoch 52/80] train_total=0.014924 val_total=0.029664 best=0.029202 improved=no epoch_time=3.8s total_time=188.8s
[stage experimental] [epoch 53/80] train_total=0.012463 val_total=0.029821 best=0.029202 improved=no epoch_time=3.6s total_time=192.4s
[stage experimental] [epoch 54/80] train_total=0.009950 val_total=0.030283 best=0.029202 improved=no epoch_time=3.7s total_time=196.0s
[stage experimental] [epoch 55/80] train_total=0.010269 val_total=0.025161 best=0.025161 improved=yes epoch_time=3.8s total_time=199.8s
[stage experimental] [epoch 56/80] train_total=0.010458 val_total=0.027372 best=0.025161 improved=no epoch_time=3.7s total_time=203.5s
[stage experimental] [epoch 57/80] train_total=0.009133 val_total=0.028255 best=0.025161 improved=no epoch_time=3.6s total_time=207.2s
[stage experimental] [epoch 58/80] train_total=0.010414 val_total=0.023454 best=0.023454 improved=yes epoch_time=3.8s total_time=211.0s
[stage experimental] [epoch 59/80] train_total=0.010830 val_total=0.023434 best=0.023434 improved=yes epoch_time=3.4s total_time=214.4s
[stage experimental] [epoch 60/80] train_total=0.009503 val_total=0.024531 best=0.023434 improved=no epoch_time=2.9s total_time=217.3s
[stage experimental] [epoch 61/80] train_total=0.010222 val_total=0.024085 best=0.023434 improved=no epoch_time=3.5s total_time=220.8s
[stage experimental] [epoch 62/80] train_total=0.007952 val_total=0.026063 best=0.023434 improved=no epoch_time=3.6s total_time=224.4s
[stage experimental] [epoch 63/80] train_total=0.010511 val_total=0.023623 best=0.023434 improved=no epoch_time=3.5s total_time=227.9s
[stage experimental] [epoch 64/80] train_total=0.010208 val_total=0.026719 best=0.023434 improved=no epoch_time=3.6s total_time=231.4s
[stage experimental] [epoch 65/80] train_total=0.010186 val_total=0.027545 best=0.023434 improved=no epoch_time=3.6s total_time=235.0s
[stage experimental] [epoch 66/80] train_total=0.011009 val_total=0.033628 best=0.023434 improved=no epoch_time=3.5s total_time=238.5s
[stage experimental] [epoch 67/80] train_total=0.008295 val_total=0.024562 best=0.023434 improved=no epoch_time=3.6s total_time=242.1s
[stage experimental] [epoch 68/80] train_total=0.008426 val_total=0.024480 best=0.023434 improved=no epoch_time=3.5s total_time=245.6s
[stage experimental] [epoch 69/80] train_total=0.008300 val_total=0.022030 best=0.022030 improved=yes epoch_time=3.5s total_time=249.1s
[stage experimental] [epoch 70/80] train_total=0.008536 val_total=0.023989 best=0.022030 improved=no epoch_time=3.3s total_time=252.5s
[stage experimental] [epoch 71/80] train_total=0.008925 val_total=0.022759 best=0.022030 improved=no epoch_time=3.5s total_time=255.9s
[stage experimental] [epoch 72/80] train_total=0.009090 val_total=0.025027 best=0.022030 improved=no epoch_time=3.5s total_time=259.4s
[stage experimental] [epoch 73/80] train_total=0.008727 val_total=0.025345 best=0.022030 improved=no epoch_time=3.6s total_time=263.0s
[stage experimental] [epoch 74/80] train_total=0.007956 val_total=0.024681 best=0.022030 improved=no epoch_time=3.5s total_time=266.5s
[stage experimental] [epoch 75/80] train_total=0.008401 val_total=0.022358 best=0.022030 improved=no epoch_time=3.4s total_time=269.9s
[stage experimental] [epoch 76/80] train_total=0.007004 val_total=0.022706 best=0.022030 improved=no epoch_time=3.4s total_time=273.3s
[stage experimental] [epoch 77/80] train_total=0.007918 val_total=0.027053 best=0.022030 improved=no epoch_time=3.4s total_time=276.8s
[stage experimental] [epoch 78/80] train_total=0.008043 val_total=0.023405 best=0.022030 improved=no epoch_time=3.5s total_time=280.3s
[stage experimental] [epoch 79/80] train_total=0.008911 val_total=0.023434 best=0.022030 improved=no epoch_time=3.6s total_time=283.9s
[stage experimental] [epoch 80/80] train_total=0.008036 val_total=0.021292 best=0.021292 improved=yes epoch_time=3.6s total_time=287.5s
[seed 2] [stage 1/3: direct GE] starting 20 epoch(s)
[seed 2] [stage 1/3: direct GE] [epoch 1/20] train_total=0.004183 val_score=1.164330 best=1.164330 P_MAE=8.4147 kPa y_iso_MAE=0.033498 T_MAE=2.4698 K y_isob_MAE=0.035034 improved=yes epoch_time=56.2s total_time=108.8s
[seed 2] [stage 1/3: direct GE] [epoch 2/20] train_total=0.003653 val_score=1.104249 best=1.104249 P_MAE=7.8151 kPa y_iso_MAE=0.033239 T_MAE=2.2947 K y_isob_MAE=0.033208 improved=yes epoch_time=56.5s total_time=165.3s
[seed 2] [stage 1/3: direct GE] [epoch 3/20] train_total=0.003428 val_score=1.209661 best=1.104249 P_MAE=8.6173 kPa y_iso_MAE=0.037075 T_MAE=2.5584 K y_isob_MAE=0.034824 improved=no epoch_time=57.2s total_time=222.5s
[seed 2] [stage 1/3: direct GE] [epoch 4/20] train_total=0.003543 val_score=1.162305 best=1.104249 P_MAE=7.2901 kPa y_iso_MAE=0.030301 T_MAE=2.7936 K y_isob_MAE=0.037649 improved=no epoch_time=57.1s total_time=279.6s
[seed 2] [stage 1/3: direct GE] [epoch 5/20] train_total=0.003328 val_score=1.293510 best=1.104249 P_MAE=9.8209 kPa y_iso_MAE=0.035112 T_MAE=3.0245 K y_isob_MAE=0.034744 improved=no epoch_time=62.5s total_time=342.1s
[seed 2] [stage 1/3: direct GE] [epoch 6/20] train_total=0.003152 val_score=1.229811 best=1.104249 P_MAE=8.1514 kPa y_iso_MAE=0.031865 T_MAE=2.9902 K y_isob_MAE=0.037688 improved=no epoch_time=59.2s total_time=401.3s
[seed 2] [stage 1/3: direct GE] [epoch 7/20] train_total=0.003205 val_score=1.183682 best=1.104249 P_MAE=7.2230 kPa y_iso_MAE=0.030984 T_MAE=3.0589 K y_isob_MAE=0.035810 improved=no epoch_time=58.3s total_time=459.6s
[seed 2] [stage 1/3: direct GE] [epoch 8/20] train_total=0.003136 val_score=1.241398 best=1.104249 P_MAE=9.1515 kPa y_iso_MAE=0.033006 T_MAE=2.8166 K y_isob_MAE=0.036456 improved=no epoch_time=58.8s total_time=518.5s
[seed 2] [stage 1/3: direct GE] [epoch 9/20] train_total=0.002954 val_score=1.283872 best=1.104249 P_MAE=8.7501 kPa y_iso_MAE=0.033158 T_MAE=3.1906 K y_isob_MAE=0.037405 improved=no epoch_time=59.4s total_time=577.9s
[seed 2] [stage 1/3: direct GE] [epoch 10/20] train_total=0.003070 val_score=1.206833 best=1.104249 P_MAE=7.2838 kPa y_iso_MAE=0.031114 T_MAE=3.1570 K y_isob_MAE=0.036725 improved=no epoch_time=59.2s total_time=637.1s
[seed 2] [stage 1/3: direct GE] [epoch 11/20] train_total=0.002962 val_score=1.346878 best=1.104249 P_MAE=8.2020 kPa y_iso_MAE=0.033728 T_MAE=3.5111 K y_isob_MAE=0.041839 improved=no epoch_time=59.1s total_time=696.2s
[seed 2] [stage 1/3: direct GE] [epoch 12/20] train_total=0.002929 val_score=1.323522 best=1.104249 P_MAE=8.9147 kPa y_iso_MAE=0.034099 T_MAE=3.3188 K y_isob_MAE=0.038630 improved=no epoch_time=58.6s total_time=754.8s
[seed 2] [stage 1/3: direct GE] [epoch 13/20] train_total=0.002888 val_score=1.372795 best=1.104249 P_MAE=9.2588 kPa y_iso_MAE=0.033754 T_MAE=3.6687 K y_isob_MAE=0.038153 improved=no epoch_time=58.1s total_time=812.8s
[seed 2] [stage 1/3: direct GE] [epoch 14/20] train_total=0.002938 val_score=1.358934 best=1.104249 P_MAE=9.4308 kPa y_iso_MAE=0.033270 T_MAE=3.4050 K y_isob_MAE=0.040243 improved=no epoch_time=59.7s total_time=872.6s
[seed 2] [stage 1/3: direct GE] [epoch 15/20] train_total=0.002825 val_score=1.398533 best=1.104249 P_MAE=7.8616 kPa y_iso_MAE=0.032570 T_MAE=4.1052 K y_isob_MAE=0.041573 improved=no epoch_time=59.0s total_time=931.6s
[seed 2] [stage 1/3: direct GE] [epoch 16/20] train_total=0.003078 val_score=1.493310 best=1.104249 P_MAE=9.6625 kPa y_iso_MAE=0.036259 T_MAE=4.0892 K y_isob_MAE=0.042152 improved=no epoch_time=59.2s total_time=990.8s
[seed 2] [stage 1/3: direct GE] [epoch 17/20] train_total=0.002999 val_score=1.427721 best=1.104249 P_MAE=8.3636 kPa y_iso_MAE=0.032795 T_MAE=4.1587 K y_isob_MAE=0.041968 improved=no epoch_time=56.4s total_time=1047.2s
[seed 2] [stage 1/3: direct GE] [epoch 18/20] train_total=0.002746 val_score=1.356375 best=1.104249 P_MAE=8.2435 kPa y_iso_MAE=0.032864 T_MAE=3.7702 K y_isob_MAE=0.039716 improved=no epoch_time=57.4s total_time=1104.7s
[seed 2] [stage 1/3: direct GE] [epoch 19/20] train_total=0.002698 val_score=1.479787 best=1.104249 P_MAE=8.6647 kPa y_iso_MAE=0.033151 T_MAE=4.4103 K y_isob_MAE=0.042814 improved=no epoch_time=56.6s total_time=1161.3s
[seed 2] [stage 1/3: direct GE] [epoch 20/20] train_total=0.002685 val_score=1.376082 best=1.104249 P_MAE=7.8499 kPa y_iso_MAE=0.031774 T_MAE=3.9921 K y_isob_MAE=0.041412 improved=no epoch_time=56.8s total_time=1218.1s
[seed 2] [stage 2/3: joint VLE] starting 80 epoch(s)
[seed 2] [stage 2/3: joint VLE] [epoch 1/80] train_total=0.018274 val_score=1.127925 best=1.127925 P_MAE=9.5568 kPa y_iso_MAE=0.034170 T_MAE=2.0408 K y_isob_MAE=0.031773 improved=yes epoch_time=59.2s total_time=1277.3s
[seed 2] [stage 2/3: joint VLE] [epoch 2/80] train_total=0.013029 val_score=1.074802 best=1.074802 P_MAE=7.5810 kPa y_iso_MAE=0.031978 T_MAE=2.2741 K y_isob_MAE=0.032177 improved=yes epoch_time=58.9s total_time=1336.2s
[seed 2] [stage 2/3: joint VLE] [epoch 3/80] train_total=0.012258 val_score=1.106873 best=1.074802 P_MAE=7.3159 kPa y_iso_MAE=0.032390 T_MAE=2.5054 K y_isob_MAE=0.033224 improved=no epoch_time=61.8s total_time=1398.1s
[seed 2] [stage 2/3: joint VLE] [epoch 4/80] train_total=0.014240 val_score=1.135389 best=1.074802 P_MAE=8.0812 kPa y_iso_MAE=0.033926 T_MAE=2.5244 K y_isob_MAE=0.031695 improved=no epoch_time=60.4s total_time=1458.5s
[seed 2] [stage 2/3: joint VLE] [epoch 5/80] train_total=0.011122 val_score=1.096990 best=1.074802 P_MAE=9.0853 kPa y_iso_MAE=0.032632 T_MAE=1.9860 K y_isob_MAE=0.032337 improved=no epoch_time=61.0s total_time=1519.5s
[seed 2] [stage 2/3: joint VLE] [epoch 6/80] train_total=0.011369 val_score=1.136852 best=1.074802 P_MAE=9.8667 kPa y_iso_MAE=0.033417 T_MAE=2.0502 K y_isob_MAE=0.032149 improved=no epoch_time=61.1s total_time=1580.6s
[seed 2] [stage 2/3: joint VLE] [epoch 7/80] train_total=0.014322 val_score=1.114819 best=1.074802 P_MAE=8.2155 kPa y_iso_MAE=0.032289 T_MAE=2.3188 K y_isob_MAE=0.033374 improved=no epoch_time=61.0s total_time=1641.6s
[seed 2] [stage 2/3: joint VLE] [epoch 8/80] train_total=0.012816 val_score=1.242951 best=1.074802 P_MAE=10.6310 kPa y_iso_MAE=0.034776 T_MAE=2.4814 K y_isob_MAE=0.033869 improved=no epoch_time=60.8s total_time=1702.4s
[seed 2] [stage 2/3: joint VLE] [epoch 9/80] train_total=0.014069 val_score=1.083459 best=1.074802 P_MAE=8.4293 kPa y_iso_MAE=0.035708 T_MAE=1.9228 K y_isob_MAE=0.031404 improved=no epoch_time=58.7s total_time=1761.1s
[seed 2] [stage 2/3: joint VLE] [epoch 10/80] train_total=0.012567 val_score=1.031855 best=1.031855 P_MAE=7.0711 kPa y_iso_MAE=0.031410 T_MAE=2.1888 K y_isob_MAE=0.030976 improved=yes epoch_time=59.4s total_time=1820.5s
[seed 2] [stage 2/3: joint VLE] [epoch 11/80] train_total=0.010792 val_score=1.265429 best=1.031855 P_MAE=12.6190 kPa y_iso_MAE=0.038632 T_MAE=2.0114 K y_isob_MAE=0.031706 improved=no epoch_time=59.1s total_time=1879.6s
[seed 2] [stage 2/3: joint VLE] [epoch 12/80] train_total=0.010886 val_score=1.106655 best=1.031855 P_MAE=8.1834 kPa y_iso_MAE=0.033110 T_MAE=2.2796 K y_isob_MAE=0.032324 improved=no epoch_time=59.1s total_time=1938.8s
[seed 2] [stage 2/3: joint VLE] [epoch 13/80] train_total=0.011536 val_score=1.144224 best=1.031855 P_MAE=8.0668 kPa y_iso_MAE=0.032755 T_MAE=2.6816 K y_isob_MAE=0.031570 improved=no epoch_time=60.0s total_time=1998.8s
[seed 2] [stage 2/3: joint VLE] [epoch 14/80] train_total=0.012438 val_score=1.073330 best=1.031855 P_MAE=7.2598 kPa y_iso_MAE=0.032406 T_MAE=2.3028 K y_isob_MAE=0.032481 improved=no epoch_time=61.9s total_time=2060.7s
[seed 2] [stage 2/3: joint VLE] [epoch 15/80] train_total=0.015386 val_score=1.075845 best=1.031855 P_MAE=8.0847 kPa y_iso_MAE=0.033886 T_MAE=2.0803 K y_isob_MAE=0.031299 improved=no epoch_time=60.6s total_time=2121.3s
[seed 2] [stage 2/3: joint VLE] [epoch 16/80] train_total=0.011346 val_score=1.095079 best=1.031855 P_MAE=7.6346 kPa y_iso_MAE=0.032846 T_MAE=2.3567 K y_isob_MAE=0.032297 improved=no epoch_time=59.5s total_time=2180.8s
[seed 2] [stage 2/3: joint VLE] [epoch 17/80] train_total=0.010103 val_score=1.071023 best=1.031855 P_MAE=8.0674 kPa y_iso_MAE=0.034307 T_MAE=2.0407 K y_isob_MAE=0.030983 improved=no epoch_time=58.2s total_time=2239.0s
[seed 2] [stage 2/3: joint VLE] [epoch 18/80] train_total=0.014241 val_score=1.144949 best=1.031855 P_MAE=9.9663 kPa y_iso_MAE=0.035264 T_MAE=2.0224 K y_isob_MAE=0.031337 improved=no epoch_time=59.5s total_time=2298.5s
[seed 2] [stage 2/3: joint VLE] [epoch 19/80] train_total=0.012752 val_score=1.120953 best=1.031855 P_MAE=7.5670 kPa y_iso_MAE=0.031858 T_MAE=2.3812 K y_isob_MAE=0.036273 improved=no epoch_time=62.4s total_time=2361.0s
[seed 2] [stage 2/3: joint VLE] [epoch 20/80] train_total=0.012500 val_score=1.169972 best=1.031855 P_MAE=10.3332 kPa y_iso_MAE=0.034721 T_MAE=2.1379 K y_isob_MAE=0.031598 improved=no epoch_time=63.7s total_time=2424.7s
[seed 2] [stage 2/3: joint VLE] [epoch 21/80] train_total=0.009793 val_score=1.013608 best=1.013608 P_MAE=7.7569 kPa y_iso_MAE=0.031781 T_MAE=1.8582 K y_isob_MAE=0.030592 improved=yes epoch_time=59.1s total_time=2483.7s
[seed 2] [stage 2/3: joint VLE] [epoch 22/80] train_total=0.009432 val_score=1.126405 best=1.013608 P_MAE=7.5941 kPa y_iso_MAE=0.035193 T_MAE=2.3672 K y_isob_MAE=0.033790 improved=no epoch_time=58.9s total_time=2542.7s
[seed 2] [stage 2/3: joint VLE] [epoch 23/80] train_total=0.009232 val_score=1.043212 best=1.013608 P_MAE=7.6672 kPa y_iso_MAE=0.033220 T_MAE=1.9471 K y_isob_MAE=0.031776 improved=no epoch_time=60.2s total_time=2602.9s
[seed 2] [stage 2/3: joint VLE] [epoch 24/80] train_total=0.010186 val_score=1.073693 best=1.013608 P_MAE=7.8510 kPa y_iso_MAE=0.032095 T_MAE=2.2375 K y_isob_MAE=0.031365 improved=no epoch_time=58.7s total_time=2661.6s
[seed 2] [stage 2/3: joint VLE] [epoch 25/80] train_total=0.011336 val_score=1.039654 best=1.013608 P_MAE=7.8618 kPa y_iso_MAE=0.032706 T_MAE=2.0659 K y_isob_MAE=0.029238 improved=no epoch_time=59.1s total_time=2720.6s
[seed 2] [stage 2/3: joint VLE] [epoch 26/80] train_total=0.011807 val_score=1.055333 best=1.013608 P_MAE=7.7799 kPa y_iso_MAE=0.032592 T_MAE=2.1104 K y_isob_MAE=0.030899 improved=no epoch_time=58.9s total_time=2779.5s
[seed 2] [stage 2/3: joint VLE] [epoch 27/80] train_total=0.010390 val_score=1.006069 best=1.006069 P_MAE=7.6517 kPa y_iso_MAE=0.032035 T_MAE=1.9075 K y_isob_MAE=0.029127 improved=yes epoch_time=59.0s total_time=2838.6s
[seed 2] [stage 2/3: joint VLE] [epoch 28/80] train_total=0.008169 val_score=1.033532 best=1.006069 P_MAE=7.3727 kPa y_iso_MAE=0.031714 T_MAE=2.0715 K y_isob_MAE=0.031410 improved=no epoch_time=59.2s total_time=2897.8s
[seed 2] [stage 2/3: joint VLE] [epoch 29/80] train_total=0.008636 val_score=1.062201 best=1.006069 P_MAE=8.7042 kPa y_iso_MAE=0.032701 T_MAE=1.9889 K y_isob_MAE=0.029625 improved=no epoch_time=59.3s total_time=2957.1s
[seed 2] [stage 2/3: joint VLE] [epoch 30/80] train_total=0.010075 val_score=1.062516 best=1.006069 P_MAE=8.6047 kPa y_iso_MAE=0.031640 T_MAE=1.9626 K y_isob_MAE=0.031505 improved=no epoch_time=59.4s total_time=3016.5s
[seed 2] [stage 2/3: joint VLE] [epoch 31/80] train_total=0.009723 val_score=1.035469 best=1.006069 P_MAE=7.5680 kPa y_iso_MAE=0.031487 T_MAE=2.1834 K y_isob_MAE=0.029356 improved=no epoch_time=60.1s total_time=3076.6s
[seed 2] [stage 2/3: joint VLE] [epoch 32/80] train_total=0.014746 val_score=1.087529 best=1.006069 P_MAE=8.8452 kPa y_iso_MAE=0.032612 T_MAE=2.0373 K y_isob_MAE=0.031437 improved=no epoch_time=59.9s total_time=3136.5s
[seed 2] [stage 2/3: joint VLE] [epoch 33/80] train_total=0.011139 val_score=1.189187 best=1.006069 P_MAE=11.3055 kPa y_iso_MAE=0.035230 T_MAE=2.1180 K y_isob_MAE=0.029680 improved=no epoch_time=60.5s total_time=3197.0s
[seed 2] [stage 2/3: joint VLE] [epoch 34/80] train_total=0.008904 val_score=1.089505 best=1.006069 P_MAE=9.0235 kPa y_iso_MAE=0.031762 T_MAE=2.0968 K y_isob_MAE=0.030858 improved=no epoch_time=62.6s total_time=3259.6s
[seed 2] [stage 2/3: joint VLE] [epoch 35/80] train_total=0.008474 val_score=1.065063 best=1.006069 P_MAE=8.0325 kPa y_iso_MAE=0.032809 T_MAE=2.0938 K y_isob_MAE=0.031060 improved=no epoch_time=62.4s total_time=3322.0s
[seed 2] [stage 2/3: joint VLE] [epoch 36/80] train_total=0.009917 val_score=1.113024 best=1.006069 P_MAE=8.1005 kPa y_iso_MAE=0.033542 T_MAE=2.3015 K y_isob_MAE=0.032680 improved=no epoch_time=62.0s total_time=3384.0s
[seed 2] [stage 2/3: joint VLE] [epoch 37/80] train_total=0.009807 val_score=1.020294 best=1.006069 P_MAE=7.6173 kPa y_iso_MAE=0.032022 T_MAE=1.9555 K y_isob_MAE=0.030265 improved=no epoch_time=52.6s total_time=3436.7s
[seed 2] [stage 2/3: joint VLE] [epoch 38/80] train_total=0.009969 val_score=1.047455 best=1.006069 P_MAE=7.5767 kPa y_iso_MAE=0.032552 T_MAE=2.1002 K y_isob_MAE=0.030988 improved=no epoch_time=46.7s total_time=3483.4s
[seed 2] [stage 2/3: joint VLE] [epoch 39/80] train_total=0.009379 val_score=1.070504 best=1.006069 P_MAE=8.5309 kPa y_iso_MAE=0.032500 T_MAE=2.0958 K y_isob_MAE=0.029916 improved=no epoch_time=46.7s total_time=3530.1s
{"direct_ge_parameter_summary": {"stage1_trainable_parameters": 2015233, "stage2_trainable_parameters": 2052675, "stage3": {"groups": [{"learning_rate": 2e-05, "name": "context_pair_potential", "parameter_count": 148609, "parameter_names": ["context_pair_potential.0.weight", "context_pair_potential.0.bias", "context_pair_potential.2.weight", "context_pair_potential.2.bias"]}, {"learning_rate": 1e-05, "name": "vapor_pressure", "parameter_count": 37442, "parameter_names": ["vapor_pressure.parameter_head.0.weight", "vapor_pressure.parameter_head.0.bias", "vapor_pressure.parameter_head.2.weight", "vapor_pressure.parameter_head.2.bias"]}, {"learning_rate": 5e-06, "name": "film", "parameter_count": 111744, "parameter_names": ["film.0.weight", "film.0.bias", "film.2.weight", "film.2.bias"]}, {"learning_rate": 5e-06, "name": "mixture_token", "parameter_count": 192, "parameter_names": ["mixture_token"]}], "total_parameters": 2052675, "trainable_fraction": 0.14517008294055317, "trainable_parameters": 297987}, "total_parameters": 2052675, "trainable_fraction": 0.14517008294055317, "trainable_parameters": 297987}}
[seed 2] [stage 3/3: fugacity] starting 10 epoch(s)
[seed 2] [stage 3/3: fugacity] [epoch 1/10] train_total=0.007413 val_score=0.997037 best=0.997037 P_MAE=7.5041 kPa y_iso_MAE=0.031518 T_MAE=1.8819 K y_isob_MAE=0.029545 improved=yes epoch_time=46.2s total_time=3576.3s
[seed 2] [stage 3/3: fugacity] [epoch 2/10] train_total=0.007195 val_score=0.996909 best=0.996909 P_MAE=7.5700 kPa y_iso_MAE=0.031680 T_MAE=1.8564 K y_isob_MAE=0.029486 improved=yes epoch_time=46.3s total_time=3622.7s
[seed 2] [stage 3/3: fugacity] [epoch 3/10] train_total=0.006967 val_score=0.992838 best=0.992838 P_MAE=7.5390 kPa y_iso_MAE=0.031667 T_MAE=1.8365 K y_isob_MAE=0.029439 improved=yes epoch_time=46.9s total_time=3669.6s
[seed 2] [stage 3/3: fugacity] [epoch 4/10] train_total=0.006702 val_score=0.992157 best=0.992157 P_MAE=7.5775 kPa y_iso_MAE=0.031729 T_MAE=1.8198 K y_isob_MAE=0.029391 improved=yes epoch_time=46.1s total_time=3715.7s
[seed 2] [stage 3/3: fugacity] [epoch 5/10] train_total=0.007110 val_score=0.989878 best=0.989878 P_MAE=7.4929 kPa y_iso_MAE=0.031479 T_MAE=1.8418 K y_isob_MAE=0.029377 improved=yes epoch_time=47.0s total_time=3762.8s
[seed 2] [stage 3/3: fugacity] [epoch 6/10] train_total=0.006826 val_score=0.988144 best=0.988144 P_MAE=7.4650 kPa y_iso_MAE=0.031412 T_MAE=1.8348 K y_isob_MAE=0.029456 improved=yes epoch_time=47.2s total_time=3810.0s
[seed 2] [stage 3/3: fugacity] [epoch 7/10] train_total=0.006777 val_score=0.989944 best=0.988144 P_MAE=7.5150 kPa y_iso_MAE=0.031511 T_MAE=1.8312 K y_isob_MAE=0.029423 improved=no epoch_time=46.5s total_time=3856.4s
[seed 2] [stage 3/3: fugacity] [epoch 8/10] train_total=0.006795 val_score=0.984322 best=0.984322 P_MAE=7.4919 kPa y_iso_MAE=0.031416 T_MAE=1.8022 K y_isob_MAE=0.029375 improved=yes epoch_time=46.7s total_time=3903.2s
[seed 2] [stage 3/3: fugacity] [epoch 9/10] train_total=0.007065 val_score=0.987658 best=0.984322 P_MAE=7.5828 kPa y_iso_MAE=0.031624 T_MAE=1.7862 K y_isob_MAE=0.029440 improved=no epoch_time=47.1s total_time=3950.3s
[seed 2] [stage 3/3: fugacity] [epoch 10/10] train_total=0.006538 val_score=0.988403 best=0.984322 P_MAE=7.5365 kPa y_iso_MAE=0.031532 T_MAE=1.8024 K y_isob_MAE=0.029565 improved=no epoch_time=47.3s total_time=3997.5s
{"variant": "c3_no_pair_bias", "seed": 2, "status": "completed", "selected_stage": "stage3", "stage0_source": "generated"}
