[stage experimental] starting 80 epoch(s)
[stage experimental] [epoch 1/80] train_total=0.943262 val_total=0.123938 best=0.123938 improved=yes epoch_time=2.1s total_time=2.1s
[stage experimental] [epoch 2/80] train_total=0.122422 val_total=0.110936 best=0.110936 improved=yes epoch_time=2.0s total_time=4.1s
[stage experimental] [epoch 3/80] train_total=0.085716 val_total=0.079261 best=0.079261 improved=yes epoch_time=2.0s total_time=6.2s
[stage experimental] [epoch 4/80] train_total=0.063731 val_total=0.068755 best=0.068755 improved=yes epoch_time=2.0s total_time=8.1s
[stage experimental] [epoch 5/80] train_total=0.048781 val_total=0.063109 best=0.063109 improved=yes epoch_time=2.1s total_time=10.2s
[stage experimental] [epoch 6/80] train_total=0.042038 val_total=0.068891 best=0.063109 improved=no epoch_time=1.8s total_time=12.0s
[stage experimental] [epoch 7/80] train_total=0.041841 val_total=0.076492 best=0.063109 improved=no epoch_time=1.8s total_time=13.8s
[stage experimental] [epoch 8/80] train_total=0.036649 val_total=0.090270 best=0.063109 improved=no epoch_time=1.8s total_time=15.7s
[stage experimental] [epoch 9/80] train_total=0.039007 val_total=0.076598 best=0.063109 improved=no epoch_time=1.8s total_time=17.5s
[stage experimental] [epoch 10/80] train_total=0.039077 val_total=0.050227 best=0.050227 improved=yes epoch_time=1.8s total_time=19.2s
[stage experimental] [epoch 11/80] train_total=0.034674 val_total=0.089420 best=0.050227 improved=no epoch_time=1.9s total_time=21.1s
[stage experimental] [epoch 12/80] train_total=0.032647 val_total=0.064714 best=0.050227 improved=no epoch_time=1.7s total_time=22.8s
[stage experimental] [epoch 13/80] train_total=0.031246 val_total=0.056716 best=0.050227 improved=no epoch_time=1.7s total_time=24.5s
[stage experimental] [epoch 14/80] train_total=0.029768 val_total=0.058147 best=0.050227 improved=no epoch_time=1.7s total_time=26.3s
[stage experimental] [epoch 15/80] train_total=0.029955 val_total=0.053395 best=0.050227 improved=no epoch_time=1.7s total_time=28.0s
[stage experimental] [epoch 16/80] train_total=0.033305 val_total=0.055067 best=0.050227 improved=no epoch_time=1.7s total_time=29.7s
[stage experimental] [epoch 17/80] train_total=0.032574 val_total=0.057712 best=0.050227 improved=no epoch_time=1.7s total_time=31.5s
[stage experimental] [epoch 18/80] train_total=0.030033 val_total=0.069069 best=0.050227 improved=no epoch_time=1.8s total_time=33.2s
[stage experimental] [epoch 19/80] train_total=0.027844 val_total=0.061497 best=0.050227 improved=no epoch_time=1.8s total_time=35.0s
[stage experimental] [epoch 20/80] train_total=0.031956 val_total=0.053366 best=0.050227 improved=no epoch_time=1.7s total_time=36.7s
[stage experimental] [epoch 21/80] train_total=0.027584 val_total=0.055102 best=0.050227 improved=no epoch_time=1.7s total_time=38.5s
[stage experimental] [epoch 22/80] train_total=0.031027 val_total=0.065202 best=0.050227 improved=no epoch_time=1.7s total_time=40.2s
[stage experimental] early stopping at epoch 22; best_validation=0.050227
[seed 3] [stage 1/3: direct GE] starting 20 epoch(s)
[seed 3] [stage 1/3: direct GE] [epoch 1/20] train_total=0.007894 val_score=1.139411 best=1.139411 P_MAE=19.4285 kPa y_iso_MAE=0.047606 T_MAE=4.6876 K y_isob_MAE=0.051957 improved=yes epoch_time=25.0s total_time=47.8s
[seed 3] [stage 1/3: direct GE] [epoch 2/20] train_total=0.006461 val_score=1.136678 best=1.136678 P_MAE=17.6111 kPa y_iso_MAE=0.043716 T_MAE=5.3602 K y_isob_MAE=0.055220 improved=yes epoch_time=24.3s total_time=72.2s
[seed 3] [stage 1/3: direct GE] [epoch 3/20] train_total=0.005013 val_score=1.139561 best=1.136678 P_MAE=17.4534 kPa y_iso_MAE=0.043866 T_MAE=5.5038 K y_isob_MAE=0.054564 improved=no epoch_time=26.0s total_time=98.2s
[seed 3] [stage 1/3: direct GE] [epoch 4/20] train_total=0.004575 val_score=1.181279 best=1.136678 P_MAE=17.5515 kPa y_iso_MAE=0.046104 T_MAE=5.7630 K y_isob_MAE=0.057023 improved=no epoch_time=25.1s total_time=123.3s
[seed 3] [stage 1/3: direct GE] [epoch 5/20] train_total=0.004697 val_score=1.193370 best=1.136678 P_MAE=18.7701 kPa y_iso_MAE=0.045041 T_MAE=5.8291 K y_isob_MAE=0.055801 improved=no epoch_time=25.9s total_time=149.1s
[seed 3] [stage 1/3: direct GE] [epoch 6/20] train_total=0.004334 val_score=1.168179 best=1.136678 P_MAE=18.2895 kPa y_iso_MAE=0.042808 T_MAE=5.7847 K y_isob_MAE=0.055671 improved=no epoch_time=26.1s total_time=175.3s
[seed 3] [stage 1/3: direct GE] [epoch 7/20] train_total=0.004258 val_score=1.191086 best=1.136678 P_MAE=19.1039 kPa y_iso_MAE=0.043451 T_MAE=5.7450 K y_isob_MAE=0.057122 improved=no epoch_time=26.2s total_time=201.5s
[seed 3] [stage 1/3: direct GE] [epoch 8/20] train_total=0.004112 val_score=1.234744 best=1.136678 P_MAE=19.3323 kPa y_iso_MAE=0.046325 T_MAE=6.1339 K y_isob_MAE=0.057248 improved=no epoch_time=25.6s total_time=227.1s
[seed 3] [stage 1/3: direct GE] [epoch 9/20] train_total=0.004206 val_score=1.255806 best=1.136678 P_MAE=18.4197 kPa y_iso_MAE=0.046955 T_MAE=6.5600 K y_isob_MAE=0.059213 improved=no epoch_time=25.6s total_time=252.8s
[seed 3] [stage 1/3: direct GE] [epoch 10/20] train_total=0.004100 val_score=1.213806 best=1.136678 P_MAE=19.1454 kPa y_iso_MAE=0.045055 T_MAE=6.0857 K y_isob_MAE=0.055767 improved=no epoch_time=26.1s total_time=278.9s
[seed 3] [stage 1/3: direct GE] [epoch 11/20] train_total=0.004761 val_score=1.225649 best=1.136678 P_MAE=15.4769 kPa y_iso_MAE=0.045402 T_MAE=6.6240 K y_isob_MAE=0.064697 improved=no epoch_time=27.6s total_time=306.5s
[seed 3] [stage 1/3: direct GE] [epoch 12/20] train_total=0.003929 val_score=1.211263 best=1.136678 P_MAE=15.4277 kPa y_iso_MAE=0.043736 T_MAE=6.7970 K y_isob_MAE=0.062090 improved=no epoch_time=26.4s total_time=332.9s
[seed 3] [stage 1/3: direct GE] [epoch 13/20] train_total=0.003943 val_score=1.168737 best=1.136678 P_MAE=17.7841 kPa y_iso_MAE=0.044679 T_MAE=5.6821 K y_isob_MAE=0.056346 improved=no epoch_time=26.9s total_time=359.8s
[seed 3] [stage 1/3: direct GE] [epoch 14/20] train_total=0.003793 val_score=1.173193 best=1.136678 P_MAE=18.0316 kPa y_iso_MAE=0.042289 T_MAE=5.9163 K y_isob_MAE=0.056796 improved=no epoch_time=26.7s total_time=386.5s
[seed 3] [stage 1/3: direct GE] [epoch 15/20] train_total=0.003865 val_score=1.280530 best=1.136678 P_MAE=18.0961 kPa y_iso_MAE=0.045988 T_MAE=6.8899 K y_isob_MAE=0.062960 improved=no epoch_time=26.8s total_time=413.4s
[seed 3] [stage 1/3: direct GE] [epoch 16/20] train_total=0.003861 val_score=1.218732 best=1.136678 P_MAE=17.1633 kPa y_iso_MAE=0.044378 T_MAE=6.4906 K y_isob_MAE=0.060107 improved=no epoch_time=28.0s total_time=441.4s
[seed 3] [stage 1/3: direct GE] [epoch 17/20] train_total=0.003792 val_score=1.201595 best=1.136678 P_MAE=18.4619 kPa y_iso_MAE=0.042786 T_MAE=6.0333 K y_isob_MAE=0.059159 improved=no epoch_time=27.9s total_time=469.3s
[seed 3] [stage 1/3: direct GE] [epoch 18/20] train_total=0.003686 val_score=1.157405 best=1.136678 P_MAE=17.2464 kPa y_iso_MAE=0.042457 T_MAE=5.9211 K y_isob_MAE=0.056064 improved=no epoch_time=28.4s total_time=497.7s
[seed 3] [stage 1/3: direct GE] [epoch 19/20] train_total=0.003809 val_score=1.153731 best=1.136678 P_MAE=17.4065 kPa y_iso_MAE=0.042152 T_MAE=5.7728 K y_isob_MAE=0.056799 improved=no epoch_time=25.9s total_time=523.6s
[seed 3] [stage 1/3: direct GE] [epoch 20/20] train_total=0.003600 val_score=1.156914 best=1.136678 P_MAE=16.7756 kPa y_iso_MAE=0.044277 T_MAE=5.9771 K y_isob_MAE=0.054683 improved=no epoch_time=26.3s total_time=549.9s
[seed 3] [stage 2/3: joint VLE] starting 80 epoch(s)
[seed 3] [stage 2/3: joint VLE] [epoch 1/80] train_total=0.053893 val_score=1.083401 best=1.083401 P_MAE=13.8233 kPa y_iso_MAE=0.037855 T_MAE=5.7677 K y_isob_MAE=0.060570 improved=yes epoch_time=31.4s total_time=581.3s
[seed 3] [stage 2/3: joint VLE] [epoch 2/80] train_total=0.048203 val_score=1.133649 best=1.083401 P_MAE=13.8831 kPa y_iso_MAE=0.042239 T_MAE=6.1649 K y_isob_MAE=0.060630 improved=no epoch_time=31.4s total_time=612.7s
[seed 3] [stage 2/3: joint VLE] [epoch 3/80] train_total=0.039500 val_score=1.099447 best=1.083401 P_MAE=10.4219 kPa y_iso_MAE=0.037126 T_MAE=7.0399 K y_isob_MAE=0.062529 improved=no epoch_time=34.3s total_time=647.0s
[seed 3] [stage 2/3: joint VLE] [epoch 4/80] train_total=0.050489 val_score=0.934733 best=0.934733 P_MAE=7.7817 kPa y_iso_MAE=0.035074 T_MAE=5.5352 K y_isob_MAE=0.057576 improved=yes epoch_time=31.3s total_time=678.2s
[seed 3] [stage 2/3: joint VLE] [epoch 5/80] train_total=0.048638 val_score=0.998643 best=0.934733 P_MAE=11.3410 kPa y_iso_MAE=0.042912 T_MAE=5.0320 K y_isob_MAE=0.053778 improved=no epoch_time=28.9s total_time=707.1s
[seed 3] [stage 2/3: joint VLE] [epoch 6/80] train_total=0.038294 val_score=0.914077 best=0.914077 P_MAE=8.1552 kPa y_iso_MAE=0.037479 T_MAE=5.0854 K y_isob_MAE=0.054005 improved=yes epoch_time=31.1s total_time=738.2s
[seed 3] [stage 2/3: joint VLE] [epoch 7/80] train_total=0.040924 val_score=0.983481 best=0.914077 P_MAE=9.3769 kPa y_iso_MAE=0.043591 T_MAE=4.9545 K y_isob_MAE=0.057627 improved=no epoch_time=31.5s total_time=769.7s
[seed 3] [stage 2/3: joint VLE] [epoch 8/80] train_total=0.034783 val_score=0.974867 best=0.914077 P_MAE=9.8320 kPa y_iso_MAE=0.034634 T_MAE=5.7849 K y_isob_MAE=0.056313 improved=no epoch_time=34.3s total_time=804.0s
[seed 3] [stage 2/3: joint VLE] [epoch 9/80] train_total=0.033932 val_score=0.894727 best=0.894727 P_MAE=9.4977 kPa y_iso_MAE=0.035133 T_MAE=4.7115 K y_isob_MAE=0.052468 improved=yes epoch_time=34.7s total_time=838.7s
[seed 3] [stage 2/3: joint VLE] [epoch 10/80] train_total=0.030084 val_score=0.877122 best=0.877122 P_MAE=7.3459 kPa y_iso_MAE=0.032460 T_MAE=5.1310 K y_isob_MAE=0.055158 improved=yes epoch_time=29.0s total_time=867.8s
[seed 3] [stage 2/3: joint VLE] [epoch 11/80] train_total=0.032624 val_score=0.927178 best=0.877122 P_MAE=12.0669 kPa y_iso_MAE=0.037258 T_MAE=4.4126 K y_isob_MAE=0.050693 improved=no epoch_time=33.4s total_time=901.2s
[seed 3] [stage 2/3: joint VLE] [epoch 12/80] train_total=0.031164 val_score=0.943611 best=0.877122 P_MAE=11.5011 kPa y_iso_MAE=0.035380 T_MAE=4.7547 K y_isob_MAE=0.054617 improved=no epoch_time=32.2s total_time=933.3s
[seed 3] [stage 2/3: joint VLE] [epoch 13/80] train_total=0.033912 val_score=1.100020 best=0.877122 P_MAE=18.4381 kPa y_iso_MAE=0.043094 T_MAE=4.9871 K y_isob_MAE=0.049747 improved=no epoch_time=33.3s total_time=966.7s
[seed 3] [stage 2/3: joint VLE] [epoch 14/80] train_total=0.031774 val_score=0.842400 best=0.842400 P_MAE=9.2293 kPa y_iso_MAE=0.034841 T_MAE=4.0967 K y_isob_MAE=0.049954 improved=yes epoch_time=32.8s total_time=999.5s
[seed 3] [stage 2/3: joint VLE] [epoch 15/80] train_total=0.028465 val_score=0.839714 best=0.839714 P_MAE=10.9371 kPa y_iso_MAE=0.036139 T_MAE=3.5961 K y_isob_MAE=0.047333 improved=yes epoch_time=33.4s total_time=1032.9s
[seed 3] [stage 2/3: joint VLE] [epoch 16/80] train_total=0.028873 val_score=0.934949 best=0.839714 P_MAE=11.5343 kPa y_iso_MAE=0.037684 T_MAE=4.6918 K y_isob_MAE=0.050492 improved=no epoch_time=34.6s total_time=1067.5s
[seed 3] [stage 2/3: joint VLE] [epoch 17/80] train_total=0.026489 val_score=0.893465 best=0.839714 P_MAE=11.5668 kPa y_iso_MAE=0.036284 T_MAE=4.2266 K y_isob_MAE=0.048869 improved=no epoch_time=35.7s total_time=1103.2s
[seed 3] [stage 2/3: joint VLE] [epoch 18/80] train_total=0.023668 val_score=0.881934 best=0.839714 P_MAE=11.0999 kPa y_iso_MAE=0.038771 T_MAE=4.1185 K y_isob_MAE=0.046201 improved=no epoch_time=33.5s total_time=1136.7s
[seed 3] [stage 2/3: joint VLE] [epoch 19/80] train_total=0.026798 val_score=0.857629 best=0.839714 P_MAE=9.5050 kPa y_iso_MAE=0.036330 T_MAE=4.2417 K y_isob_MAE=0.048580 improved=no epoch_time=31.7s total_time=1168.4s
[seed 3] [stage 2/3: joint VLE] [epoch 20/80] train_total=0.027717 val_score=0.929444 best=0.839714 P_MAE=13.4108 kPa y_iso_MAE=0.035177 T_MAE=4.3564 K y_isob_MAE=0.049682 improved=no epoch_time=32.2s total_time=1200.7s
[seed 3] [stage 2/3: joint VLE] [epoch 21/80] train_total=0.023601 val_score=0.827669 best=0.827669 P_MAE=9.0918 kPa y_iso_MAE=0.032518 T_MAE=4.3875 K y_isob_MAE=0.047101 improved=yes epoch_time=31.7s total_time=1232.3s
[seed 3] [stage 2/3: joint VLE] [epoch 22/80] train_total=0.021776 val_score=0.788587 best=0.788587 P_MAE=9.9649 kPa y_iso_MAE=0.034749 T_MAE=3.4798 K y_isob_MAE=0.043348 improved=yes epoch_time=31.7s total_time=1264.0s
[seed 3] [stage 2/3: joint VLE] [epoch 23/80] train_total=0.025575 val_score=0.791907 best=0.788587 P_MAE=10.9925 kPa y_iso_MAE=0.036401 T_MAE=3.0226 K y_isob_MAE=0.043430 improved=no epoch_time=27.9s total_time=1291.9s
[seed 3] [stage 2/3: joint VLE] [epoch 24/80] train_total=0.022043 val_score=0.839346 best=0.788587 P_MAE=8.8414 kPa y_iso_MAE=0.034426 T_MAE=4.5054 K y_isob_MAE=0.046631 improved=no epoch_time=27.6s total_time=1319.5s
[seed 3] [stage 2/3: joint VLE] [epoch 25/80] train_total=0.023023 val_score=0.768519 best=0.768519 P_MAE=8.8262 kPa y_iso_MAE=0.035366 T_MAE=3.3624 K y_isob_MAE=0.043792 improved=yes epoch_time=27.5s total_time=1347.0s
[seed 3] [stage 2/3: joint VLE] [epoch 26/80] train_total=0.023937 val_score=0.794135 best=0.768519 P_MAE=10.0706 kPa y_iso_MAE=0.035203 T_MAE=3.4011 K y_isob_MAE=0.044421 improved=no epoch_time=27.3s total_time=1374.3s
[seed 3] [stage 2/3: joint VLE] [epoch 27/80] train_total=0.025474 val_score=0.749474 best=0.749474 P_MAE=8.3292 kPa y_iso_MAE=0.033197 T_MAE=3.4830 K y_isob_MAE=0.043044 improved=yes epoch_time=27.1s total_time=1401.4s
[seed 3] [stage 2/3: joint VLE] [epoch 28/80] train_total=0.021257 val_score=0.788256 best=0.749474 P_MAE=10.5456 kPa y_iso_MAE=0.035784 T_MAE=3.3672 K y_isob_MAE=0.041171 improved=no epoch_time=27.6s total_time=1429.0s
[seed 3] [stage 2/3: joint VLE] [epoch 29/80] train_total=0.019735 val_score=0.789048 best=0.749474 P_MAE=11.2702 kPa y_iso_MAE=0.034095 T_MAE=3.2503 K y_isob_MAE=0.042235 improved=no epoch_time=27.5s total_time=1456.5s
[seed 3] [stage 2/3: joint VLE] [epoch 30/80] train_total=0.020343 val_score=0.760186 best=0.749474 P_MAE=10.2469 kPa y_iso_MAE=0.032896 T_MAE=3.2046 K y_isob_MAE=0.041969 improved=no epoch_time=26.9s total_time=1483.4s
[seed 3] [stage 2/3: joint VLE] [epoch 31/80] train_total=0.019023 val_score=0.784865 best=0.749474 P_MAE=10.2630 kPa y_iso_MAE=0.033399 T_MAE=3.6876 K y_isob_MAE=0.040909 improved=no epoch_time=26.8s total_time=1510.2s
[seed 3] [stage 2/3: joint VLE] [epoch 32/80] train_total=0.021994 val_score=0.762862 best=0.749474 P_MAE=10.6781 kPa y_iso_MAE=0.032843 T_MAE=3.3205 K y_isob_MAE=0.039755 improved=no epoch_time=27.0s total_time=1537.2s
[seed 3] [stage 2/3: joint VLE] [epoch 33/80] train_total=0.017475 val_score=0.685498 best=0.685498 P_MAE=8.5600 kPa y_iso_MAE=0.034939 T_MAE=2.7032 K y_isob_MAE=0.035632 improved=yes epoch_time=27.1s total_time=1564.3s
[seed 3] [stage 2/3: joint VLE] [epoch 34/80] train_total=0.020008 val_score=0.699676 best=0.685498 P_MAE=8.9259 kPa y_iso_MAE=0.029554 T_MAE=3.0580 K y_isob_MAE=0.040120 improved=no epoch_time=26.8s total_time=1591.1s
[seed 3] [stage 2/3: joint VLE] [epoch 35/80] train_total=0.017598 val_score=0.747520 best=0.685498 P_MAE=11.3155 kPa y_iso_MAE=0.033684 T_MAE=3.0444 K y_isob_MAE=0.036379 improved=no epoch_time=26.8s total_time=1617.9s
[seed 3] [stage 2/3: joint VLE] [epoch 36/80] train_total=0.018954 val_score=0.680842 best=0.680842 P_MAE=9.1079 kPa y_iso_MAE=0.032606 T_MAE=2.6058 K y_isob_MAE=0.036805 improved=yes epoch_time=27.0s total_time=1644.9s
[seed 3] [stage 2/3: joint VLE] [epoch 37/80] train_total=0.018014 val_score=0.689864 best=0.680842 P_MAE=9.2933 kPa y_iso_MAE=0.030876 T_MAE=2.9899 K y_isob_MAE=0.035884 improved=no epoch_time=27.0s total_time=1672.0s
[seed 3] [stage 2/3: joint VLE] [epoch 38/80] train_total=0.019360 val_score=0.777491 best=0.680842 P_MAE=10.1265 kPa y_iso_MAE=0.030834 T_MAE=3.7705 K y_isob_MAE=0.042211 improved=no epoch_time=27.2s total_time=1699.2s
[seed 3] [stage 2/3: joint VLE] [epoch 39/80] train_total=0.017996 val_score=0.695305 best=0.680842 P_MAE=10.8299 kPa y_iso_MAE=0.031391 T_MAE=2.6775 K y_isob_MAE=0.034418 improved=no epoch_time=27.3s total_time=1726.5s
[seed 3] [stage 2/3: joint VLE] [epoch 40/80] train_total=0.015864 val_score=0.705702 best=0.680842 P_MAE=12.2386 kPa y_iso_MAE=0.030628 T_MAE=2.5613 K y_isob_MAE=0.033845 improved=no epoch_time=27.0s total_time=1753.4s
[seed 3] [stage 2/3: joint VLE] [epoch 41/80] train_total=0.015792 val_score=0.714766 best=0.680842 P_MAE=10.9340 kPa y_iso_MAE=0.033373 T_MAE=2.5932 K y_isob_MAE=0.036473 improved=no epoch_time=26.9s total_time=1780.4s
[seed 3] [stage 2/3: joint VLE] [epoch 42/80] train_total=0.015487 val_score=0.634973 best=0.634973 P_MAE=8.9346 kPa y_iso_MAE=0.030418 T_MAE=2.4835 K y_isob_MAE=0.032154 improved=yes epoch_time=27.1s total_time=1807.4s
[seed 3] [stage 2/3: joint VLE] [epoch 43/80] train_total=0.018542 val_score=0.676492 best=0.634973 P_MAE=10.2245 kPa y_iso_MAE=0.030022 T_MAE=2.7072 K y_isob_MAE=0.034105 improved=no epoch_time=26.9s total_time=1834.3s
[seed 3] [stage 2/3: joint VLE] [epoch 44/80] train_total=0.016795 val_score=0.707019 best=0.634973 P_MAE=12.4574 kPa y_iso_MAE=0.033100 T_MAE=2.4182 K y_isob_MAE=0.031801 improved=no epoch_time=26.9s total_time=1861.2s
[seed 3] [stage 2/3: joint VLE] [epoch 45/80] train_total=0.014013 val_score=0.631052 best=0.631052 P_MAE=9.7248 kPa y_iso_MAE=0.031223 T_MAE=2.2299 K y_isob_MAE=0.030378 improved=yes epoch_time=26.9s total_time=1888.1s
[seed 3] [stage 2/3: joint VLE] [epoch 46/80] train_total=0.013989 val_score=0.659776 best=0.631052 P_MAE=10.2047 kPa y_iso_MAE=0.031825 T_MAE=2.4069 K y_isob_MAE=0.031822 improved=no epoch_time=27.2s total_time=1915.3s
[seed 3] [stage 2/3: joint VLE] [epoch 47/80] train_total=0.014341 val_score=0.629905 best=0.629905 P_MAE=9.5815 kPa y_iso_MAE=0.028665 T_MAE=2.3733 K y_isob_MAE=0.032295 improved=yes epoch_time=26.7s total_time=1942.1s
[seed 3] [stage 2/3: joint VLE] [epoch 48/80] train_total=0.015417 val_score=0.697701 best=0.629905 P_MAE=11.1026 kPa y_iso_MAE=0.030805 T_MAE=2.6597 K y_isob_MAE=0.034891 improved=no epoch_time=26.6s total_time=1968.6s
[seed 3] [stage 2/3: joint VLE] [epoch 49/80] train_total=0.013349 val_score=0.666526 best=0.629905 P_MAE=10.1969 kPa y_iso_MAE=0.029918 T_MAE=2.5299 K y_isob_MAE=0.034283 improved=no epoch_time=26.8s total_time=1995.4s
[seed 3] [stage 2/3: joint VLE] [epoch 50/80] train_total=0.017561 val_score=0.721255 best=0.629905 P_MAE=11.2253 kPa y_iso_MAE=0.033840 T_MAE=2.8290 K y_isob_MAE=0.033526 improved=no epoch_time=27.1s total_time=2022.6s
[seed 3] [stage 2/3: joint VLE] [epoch 51/80] train_total=0.015891 val_score=0.661049 best=0.629905 P_MAE=11.0830 kPa y_iso_MAE=0.031277 T_MAE=2.2175 K y_isob_MAE=0.031802 improved=no epoch_time=27.5s total_time=2050.1s
[seed 3] [stage 2/3: joint VLE] [epoch 52/80] train_total=0.012860 val_score=0.675724 best=0.629905 P_MAE=11.0748 kPa y_iso_MAE=0.030058 T_MAE=2.5850 K y_isob_MAE=0.032266 improved=no epoch_time=28.6s total_time=2078.7s
[seed 3] [stage 2/3: joint VLE] [epoch 53/80] train_total=0.014890 val_score=0.672467 best=0.629905 P_MAE=9.5452 kPa y_iso_MAE=0.028702 T_MAE=2.9427 K y_isob_MAE=0.034716 improved=no epoch_time=26.6s total_time=2105.3s
[seed 3] [stage 2/3: joint VLE] [epoch 54/80] train_total=0.012943 val_score=0.632711 best=0.629905 P_MAE=10.3265 kPa y_iso_MAE=0.028773 T_MAE=2.2466 K y_isob_MAE=0.031521 improved=no epoch_time=26.8s total_time=2132.1s
[seed 3] [stage 2/3: joint VLE] [epoch 55/80] train_total=0.012914 val_score=0.671267 best=0.629905 P_MAE=11.3156 kPa y_iso_MAE=0.030846 T_MAE=2.4339 K y_isob_MAE=0.031192 improved=no epoch_time=26.8s total_time=2159.0s
[seed 3] [stage 2/3: joint VLE] [epoch 56/80] train_total=0.012130 val_score=0.605118 best=0.605118 P_MAE=9.2915 kPa y_iso_MAE=0.029091 T_MAE=2.1719 K y_isob_MAE=0.029951 improved=yes epoch_time=27.5s total_time=2186.5s
[seed 3] [stage 2/3: joint VLE] [epoch 57/80] train_total=0.012475 val_score=0.675637 best=0.605118 P_MAE=12.5797 kPa y_iso_MAE=0.030380 T_MAE=2.2549 K y_isob_MAE=0.030220 improved=no epoch_time=26.2s total_time=2212.7s
[seed 3] [stage 2/3: joint VLE] [epoch 58/80] train_total=0.014565 val_score=0.640806 best=0.605118 P_MAE=10.0633 kPa y_iso_MAE=0.030277 T_MAE=2.3073 K y_isob_MAE=0.031517 improved=no epoch_time=25.1s total_time=2237.8s
[seed 3] [stage 2/3: joint VLE] [epoch 59/80] train_total=0.013356 val_score=0.595983 best=0.595983 P_MAE=9.1713 kPa y_iso_MAE=0.028405 T_MAE=2.2014 K y_isob_MAE=0.029042 improved=yes epoch_time=22.3s total_time=2260.1s
[seed 3] [stage 2/3: joint VLE] [epoch 60/80] train_total=0.014281 val_score=0.597116 best=0.595983 P_MAE=9.5345 kPa y_iso_MAE=0.029712 T_MAE=2.0849 K y_isob_MAE=0.027634 improved=no epoch_time=22.6s total_time=2282.7s
[seed 3] [stage 2/3: joint VLE] [epoch 61/80] train_total=0.012643 val_score=0.598781 best=0.595983 P_MAE=8.9969 kPa y_iso_MAE=0.028954 T_MAE=2.1969 K y_isob_MAE=0.029585 improved=no epoch_time=22.4s total_time=2305.1s
[seed 3] [stage 2/3: joint VLE] [epoch 62/80] train_total=0.012293 val_score=0.651374 best=0.595983 P_MAE=10.7728 kPa y_iso_MAE=0.030898 T_MAE=2.3751 K y_isob_MAE=0.029622 improved=no epoch_time=22.4s total_time=2327.5s
[seed 3] [stage 2/3: joint VLE] [epoch 63/80] train_total=0.013431 val_score=0.699968 best=0.595983 P_MAE=9.5257 kPa y_iso_MAE=0.030101 T_MAE=3.3140 K y_isob_MAE=0.034478 improved=no epoch_time=22.1s total_time=2349.6s
[seed 3] [stage 2/3: joint VLE] [epoch 64/80] train_total=0.016491 val_score=0.640896 best=0.595983 P_MAE=9.6862 kPa y_iso_MAE=0.030416 T_MAE=2.3730 K y_isob_MAE=0.031956 improved=no epoch_time=22.2s total_time=2371.8s
[seed 3] [stage 2/3: joint VLE] [epoch 65/80] train_total=0.015116 val_score=0.653384 best=0.595983 P_MAE=10.1255 kPa y_iso_MAE=0.030803 T_MAE=2.4875 K y_isob_MAE=0.031184 improved=no epoch_time=22.9s total_time=2394.8s
[seed 3] [stage 2/3: joint VLE] [epoch 66/80] train_total=0.014021 val_score=0.618153 best=0.595983 P_MAE=9.9936 kPa y_iso_MAE=0.028118 T_MAE=2.3085 K y_isob_MAE=0.029846 improved=no epoch_time=23.1s total_time=2417.9s
[seed 3] [stage 2/3: joint VLE] [epoch 67/80] train_total=0.012214 val_score=0.643368 best=0.595983 P_MAE=10.0657 kPa y_iso_MAE=0.030098 T_MAE=2.4286 K y_isob_MAE=0.030899 improved=no epoch_time=22.5s total_time=2440.4s
[seed 3] [stage 2/3: joint VLE] [epoch 68/80] train_total=0.012613 val_score=0.648944 best=0.595983 P_MAE=11.2007 kPa y_iso_MAE=0.028444 T_MAE=2.3887 K y_isob_MAE=0.030579 improved=no epoch_time=23.0s total_time=2463.4s
[seed 3] [stage 2/3: joint VLE] [epoch 69/80] train_total=0.012362 val_score=0.589254 best=0.589254 P_MAE=9.4726 kPa y_iso_MAE=0.029079 T_MAE=1.9433 K y_isob_MAE=0.028637 improved=yes epoch_time=22.5s total_time=2486.0s
[seed 3] [stage 2/3: joint VLE] [epoch 70/80] train_total=0.011825 val_score=0.634028 best=0.589254 P_MAE=11.0144 kPa y_iso_MAE=0.030269 T_MAE=2.1567 K y_isob_MAE=0.028461 improved=no epoch_time=22.5s total_time=2508.5s
[seed 3] [stage 2/3: joint VLE] [epoch 71/80] train_total=0.010721 val_score=0.604046 best=0.589254 P_MAE=9.8533 kPa y_iso_MAE=0.030059 T_MAE=1.9743 K y_isob_MAE=0.028731 improved=no epoch_time=22.2s total_time=2530.6s
[seed 3] [stage 2/3: joint VLE] [epoch 72/80] train_total=0.010865 val_score=0.665687 best=0.589254 P_MAE=12.0652 kPa y_iso_MAE=0.030994 T_MAE=2.2968 K y_isob_MAE=0.028744 improved=no epoch_time=21.5s total_time=2552.1s
[seed 3] [stage 2/3: joint VLE] [epoch 73/80] train_total=0.011736 val_score=0.604550 best=0.589254 P_MAE=10.1404 kPa y_iso_MAE=0.029672 T_MAE=1.9906 K y_isob_MAE=0.028127 improved=no epoch_time=22.1s total_time=2574.2s
[seed 3] [stage 2/3: joint VLE] [epoch 74/80] train_total=0.013787 val_score=0.668719 best=0.589254 P_MAE=11.8605 kPa y_iso_MAE=0.032295 T_MAE=2.1831 K y_isob_MAE=0.029713 improved=no epoch_time=21.9s total_time=2596.1s
[seed 3] [stage 2/3: joint VLE] [epoch 75/80] train_total=0.010981 val_score=0.644973 best=0.589254 P_MAE=11.2631 kPa y_iso_MAE=0.030658 T_MAE=2.1536 K y_isob_MAE=0.029368 improved=no epoch_time=21.9s total_time=2618.1s
[seed 3] [stage 2/3: joint VLE] [epoch 76/80] train_total=0.010318 val_score=0.633084 best=0.589254 P_MAE=11.4350 kPa y_iso_MAE=0.029829 T_MAE=2.0852 K y_isob_MAE=0.028142 improved=no epoch_time=22.3s total_time=2640.4s
[seed 3] [stage 2/3: joint VLE] [epoch 77/80] train_total=0.011493 val_score=0.666135 best=0.589254 P_MAE=10.5023 kPa y_iso_MAE=0.032863 T_MAE=2.4644 K y_isob_MAE=0.030105 improved=no epoch_time=21.9s total_time=2662.2s
[seed 3] [stage 2/3: joint VLE] [epoch 78/80] train_total=0.014076 val_score=0.696149 best=0.589254 P_MAE=13.0911 kPa y_iso_MAE=0.033311 T_MAE=2.2189 K y_isob_MAE=0.029295 improved=no epoch_time=22.0s total_time=2684.3s
[seed 3] [stage 2/3: joint VLE] [epoch 79/80] train_total=0.013195 val_score=0.597106 best=0.589254 P_MAE=9.5193 kPa y_iso_MAE=0.028051 T_MAE=2.1313 K y_isob_MAE=0.029280 improved=no epoch_time=22.5s total_time=2706.9s
[seed 3] [stage 2/3: joint VLE] [epoch 80/80] train_total=0.010647 val_score=0.677565 best=0.589254 P_MAE=12.8021 kPa y_iso_MAE=0.030300 T_MAE=2.2820 K y_isob_MAE=0.029626 improved=no epoch_time=23.0s total_time=2729.8s
{"direct_ge_parameter_summary": {"stage1_trainable_parameters": 1897345, "stage2_trainable_parameters": 1934787, "stage3": {"groups": [{"learning_rate": 2e-05, "name": "pair_potential", "parameter_count": 110977, "parameter_names": ["pair_potential.0.weight", "pair_potential.0.bias", "pair_potential.2.weight", "pair_potential.2.bias"]}, {"learning_rate": 1e-05, "name": "vapor_pressure", "parameter_count": 37442, "parameter_names": ["vapor_pressure.parameter_head.0.weight", "vapor_pressure.parameter_head.0.bias", "vapor_pressure.parameter_head.2.weight", "vapor_pressure.parameter_head.2.bias"]}, {"learning_rate": 5e-06, "name": "film", "parameter_count": 111744, "parameter_names": ["film.0.weight", "film.0.bias", "film.2.weight", "film.2.bias"]}, {"learning_rate": 5e-06, "name": "mixture_token", "parameter_count": 192, "parameter_names": ["mixture_token"]}], "total_parameters": 1934787, "trainable_fraction": 0.13456520020033214, "trainable_parameters": 260355}, "total_parameters": 1934787, "trainable_fraction": 0.13456520020033214, "trainable_parameters": 260355}}
[seed 3] [stage 3/3: fugacity] starting 10 epoch(s)
[seed 3] [stage 3/3: fugacity] [epoch 1/10] train_total=0.009365 val_score=0.599577 best=0.599577 P_MAE=9.8214 kPa y_iso_MAE=0.029141 T_MAE=2.0028 K y_isob_MAE=0.028774 improved=yes epoch_time=23.2s total_time=2753.1s
[seed 3] [stage 3/3: fugacity] [epoch 2/10] train_total=0.008443 val_score=0.598358 best=0.598358 P_MAE=9.7437 kPa y_iso_MAE=0.028823 T_MAE=2.0226 K y_isob_MAE=0.028981 improved=yes epoch_time=23.0s total_time=2776.1s
[seed 3] [stage 3/3: fugacity] [epoch 3/10] train_total=0.008610 val_score=0.601987 best=0.598358 P_MAE=9.8644 kPa y_iso_MAE=0.028843 T_MAE=2.0407 K y_isob_MAE=0.029071 improved=no epoch_time=23.0s total_time=2799.1s
[seed 3] [stage 3/3: fugacity] [epoch 4/10] train_total=0.008375 val_score=0.605116 best=0.598358 P_MAE=10.0914 kPa y_iso_MAE=0.028734 T_MAE=2.0512 K y_isob_MAE=0.028929 improved=no epoch_time=24.1s total_time=2823.2s
[seed 3] [stage 3/3: fugacity] [epoch 5/10] train_total=0.008423 val_score=0.606002 best=0.598358 P_MAE=9.9925 kPa y_iso_MAE=0.028992 T_MAE=2.0515 K y_isob_MAE=0.029130 improved=no epoch_time=23.1s total_time=2846.4s
[seed 3] [stage 3/3: fugacity] [epoch 6/10] train_total=0.008366 val_score=0.605459 best=0.598358 P_MAE=10.0346 kPa y_iso_MAE=0.028914 T_MAE=2.0493 K y_isob_MAE=0.028994 improved=no epoch_time=22.6s total_time=2869.0s
[seed 3] [stage 3/3: fugacity] [epoch 7/10] train_total=0.008146 val_score=0.605112 best=0.598358 P_MAE=10.0461 kPa y_iso_MAE=0.028887 T_MAE=2.0439 K y_isob_MAE=0.028977 improved=no epoch_time=22.8s total_time=2891.8s
[seed 3] [stage 3/3: fugacity] [epoch 8/10] train_total=0.008195 val_score=0.605899 best=0.598358 P_MAE=10.1163 kPa y_iso_MAE=0.028780 T_MAE=2.0508 K y_isob_MAE=0.028950 improved=no epoch_time=21.6s total_time=2913.4s
[seed 3] [stage 3/3: fugacity] [epoch 9/10] train_total=0.008121 val_score=0.608246 best=0.598358 P_MAE=10.1717 kPa y_iso_MAE=0.028953 T_MAE=2.0509 K y_isob_MAE=0.029013 improved=no epoch_time=22.0s total_time=2935.4s
[seed 3] [stage 3/3: fugacity] [epoch 10/10] train_total=0.008228 val_score=0.601817 best=0.598358 P_MAE=9.9085 kPa y_iso_MAE=0.028845 T_MAE=2.0363 K y_isob_MAE=0.028926 improved=no epoch_time=22.0s total_time=2957.4s
{"variant": "v4_rdkit_unimol_naive", "seed": 3, "status": "completed", "selected_stage": "stage2", "stage0_source": "generated"}
