[stage experimental] starting 80 epoch(s)
[stage experimental] [epoch 1/80] train_total=1.577750 val_total=0.471813 best=0.471813 improved=yes epoch_time=2.0s total_time=2.0s
[stage experimental] [epoch 2/80] train_total=0.663987 val_total=0.268341 best=0.268341 improved=yes epoch_time=1.9s total_time=4.0s
[stage experimental] [epoch 3/80] train_total=0.288024 val_total=0.193485 best=0.193485 improved=yes epoch_time=2.0s total_time=6.0s
[stage experimental] [epoch 4/80] train_total=0.205934 val_total=0.159530 best=0.159530 improved=yes epoch_time=1.8s total_time=7.8s
[stage experimental] [epoch 5/80] train_total=0.178813 val_total=0.370278 best=0.159530 improved=no epoch_time=1.9s total_time=9.7s
[stage experimental] [epoch 6/80] train_total=0.230873 val_total=0.133743 best=0.133743 improved=yes epoch_time=1.9s total_time=11.6s
[stage experimental] [epoch 7/80] train_total=0.149568 val_total=0.384873 best=0.133743 improved=no epoch_time=1.7s total_time=13.3s
[stage experimental] [epoch 8/80] train_total=0.134898 val_total=0.091184 best=0.091184 improved=yes epoch_time=1.8s total_time=15.1s
[stage experimental] [epoch 9/80] train_total=0.177504 val_total=0.157559 best=0.091184 improved=no epoch_time=1.8s total_time=16.9s
[stage experimental] [epoch 10/80] train_total=0.126811 val_total=0.134703 best=0.091184 improved=no epoch_time=1.7s total_time=18.6s
[stage experimental] [epoch 11/80] train_total=0.100757 val_total=0.156969 best=0.091184 improved=no epoch_time=1.7s total_time=20.3s
[stage experimental] [epoch 12/80] train_total=0.094372 val_total=0.363213 best=0.091184 improved=no epoch_time=1.7s total_time=22.0s
[stage experimental] [epoch 13/80] train_total=0.099852 val_total=0.082880 best=0.082880 improved=yes epoch_time=1.7s total_time=23.7s
[stage experimental] [epoch 14/80] train_total=0.088228 val_total=0.069472 best=0.069472 improved=yes epoch_time=1.7s total_time=25.4s
[stage experimental] [epoch 15/80] train_total=0.095073 val_total=0.074027 best=0.069472 improved=no epoch_time=1.7s total_time=27.1s
[stage experimental] [epoch 16/80] train_total=0.088024 val_total=0.092577 best=0.069472 improved=no epoch_time=1.6s total_time=28.7s
[stage experimental] [epoch 17/80] train_total=0.061821 val_total=0.068129 best=0.068129 improved=yes epoch_time=1.7s total_time=30.4s
[stage experimental] [epoch 18/80] train_total=0.064482 val_total=0.088966 best=0.068129 improved=no epoch_time=1.7s total_time=32.1s
[stage experimental] [epoch 19/80] train_total=0.072089 val_total=0.080707 best=0.068129 improved=no epoch_time=1.7s total_time=33.8s
[stage experimental] [epoch 20/80] train_total=0.065800 val_total=0.077769 best=0.068129 improved=no epoch_time=1.7s total_time=35.5s
[stage experimental] [epoch 21/80] train_total=0.064450 val_total=0.109577 best=0.068129 improved=no epoch_time=1.7s total_time=37.2s
[stage experimental] [epoch 22/80] train_total=0.062157 val_total=0.079870 best=0.068129 improved=no epoch_time=1.6s total_time=38.8s
[stage experimental] [epoch 23/80] train_total=0.062607 val_total=0.079412 best=0.068129 improved=no epoch_time=1.7s total_time=40.5s
[stage experimental] [epoch 24/80] train_total=0.089242 val_total=0.243589 best=0.068129 improved=no epoch_time=1.8s total_time=42.3s
[stage experimental] [epoch 25/80] train_total=0.072093 val_total=0.088472 best=0.068129 improved=no epoch_time=1.8s total_time=44.0s
[stage experimental] [epoch 26/80] train_total=0.050565 val_total=0.059175 best=0.059175 improved=yes epoch_time=1.8s total_time=45.9s
[stage experimental] [epoch 27/80] train_total=0.070118 val_total=0.060678 best=0.059175 improved=no epoch_time=1.8s total_time=47.6s
[stage experimental] [epoch 28/80] train_total=0.068651 val_total=0.060106 best=0.059175 improved=no epoch_time=1.8s total_time=49.4s
[stage experimental] [epoch 29/80] train_total=0.057050 val_total=0.080918 best=0.059175 improved=no epoch_time=1.8s total_time=51.2s
[stage experimental] [epoch 30/80] train_total=0.061166 val_total=0.056966 best=0.056966 improved=yes epoch_time=1.8s total_time=53.0s
[stage experimental] [epoch 31/80] train_total=0.040841 val_total=0.059573 best=0.056966 improved=no epoch_time=2.0s total_time=55.0s
[stage experimental] [epoch 32/80] train_total=0.035306 val_total=0.076332 best=0.056966 improved=no epoch_time=2.1s total_time=57.1s
[stage experimental] [epoch 33/80] train_total=0.063161 val_total=0.158089 best=0.056966 improved=no epoch_time=1.9s total_time=59.0s
[stage experimental] [epoch 34/80] train_total=0.056178 val_total=0.062215 best=0.056966 improved=no epoch_time=2.0s total_time=61.0s
[stage experimental] [epoch 35/80] train_total=0.034129 val_total=0.049931 best=0.049931 improved=yes epoch_time=1.9s total_time=62.9s
[stage experimental] [epoch 36/80] train_total=0.045035 val_total=0.083318 best=0.049931 improved=no epoch_time=2.0s total_time=64.9s
[stage experimental] [epoch 37/80] train_total=0.039288 val_total=0.076838 best=0.049931 improved=no epoch_time=1.8s total_time=66.7s
[stage experimental] [epoch 38/80] train_total=0.034977 val_total=0.100100 best=0.049931 improved=no epoch_time=1.5s total_time=68.2s
[stage experimental] [epoch 39/80] train_total=0.034657 val_total=0.093285 best=0.049931 improved=no epoch_time=1.4s total_time=69.6s
[stage experimental] [epoch 40/80] train_total=0.032495 val_total=0.063796 best=0.049931 improved=no epoch_time=1.8s total_time=71.4s
[stage experimental] [epoch 41/80] train_total=0.034179 val_total=0.044963 best=0.044963 improved=yes epoch_time=1.9s total_time=73.2s
[stage experimental] [epoch 42/80] train_total=0.031855 val_total=0.081767 best=0.044963 improved=no epoch_time=1.9s total_time=75.1s
[stage experimental] [epoch 43/80] train_total=0.044281 val_total=0.076637 best=0.044963 improved=no epoch_time=1.8s total_time=76.9s
[stage experimental] [epoch 44/80] train_total=0.034674 val_total=0.062541 best=0.044963 improved=no epoch_time=1.7s total_time=78.6s
[stage experimental] [epoch 45/80] train_total=0.030922 val_total=0.059338 best=0.044963 improved=no epoch_time=1.7s total_time=80.3s
[stage experimental] [epoch 46/80] train_total=0.043486 val_total=0.060975 best=0.044963 improved=no epoch_time=1.7s total_time=82.1s
[stage experimental] [epoch 47/80] train_total=0.035490 val_total=0.049722 best=0.044963 improved=no epoch_time=1.7s total_time=83.9s
[stage experimental] [epoch 48/80] train_total=0.028862 val_total=0.050199 best=0.044963 improved=no epoch_time=1.7s total_time=85.6s
[stage experimental] [epoch 49/80] train_total=0.029339 val_total=0.109325 best=0.044963 improved=no epoch_time=1.7s total_time=87.3s
[stage experimental] [epoch 50/80] train_total=0.031770 val_total=0.050611 best=0.044963 improved=no epoch_time=1.8s total_time=89.1s
[stage experimental] [epoch 51/80] train_total=0.032782 val_total=0.051932 best=0.044963 improved=no epoch_time=1.7s total_time=90.8s
[stage experimental] [epoch 52/80] train_total=0.026379 val_total=0.055609 best=0.044963 improved=no epoch_time=1.7s total_time=92.5s
[stage experimental] [epoch 53/80] train_total=0.023718 val_total=0.061787 best=0.044963 improved=no epoch_time=1.7s total_time=94.2s
[stage experimental] early stopping at epoch 53; best_validation=0.044963
[seed 3] [stage 1/3: direct GE] starting 20 epoch(s)
[seed 3] [stage 1/3: direct GE] [epoch 1/20] train_total=0.007420 val_score=0.978639 best=0.978639 P_MAE=9.0231 kPa y_iso_MAE=0.038437 T_MAE=4.9134 K y_isob_MAE=0.054304 improved=yes epoch_time=24.9s total_time=47.5s
[seed 3] [stage 1/3: direct GE] [epoch 2/20] train_total=0.005604 val_score=1.017566 best=0.978639 P_MAE=11.4355 kPa y_iso_MAE=0.034762 T_MAE=5.2571 K y_isob_MAE=0.052801 improved=no epoch_time=24.4s total_time=71.8s
[seed 3] [stage 1/3: direct GE] [epoch 3/20] train_total=0.004796 val_score=1.026456 best=0.978639 P_MAE=11.4319 kPa y_iso_MAE=0.037368 T_MAE=5.0431 K y_isob_MAE=0.053696 improved=no epoch_time=24.7s total_time=96.5s
[seed 3] [stage 1/3: direct GE] [epoch 4/20] train_total=0.004497 val_score=1.083914 best=0.978639 P_MAE=11.3813 kPa y_iso_MAE=0.039368 T_MAE=5.5400 K y_isob_MAE=0.057284 improved=no epoch_time=24.6s total_time=121.1s
[seed 3] [stage 1/3: direct GE] [epoch 5/20] train_total=0.004471 val_score=1.059369 best=0.978639 P_MAE=9.3193 kPa y_iso_MAE=0.041470 T_MAE=5.3320 K y_isob_MAE=0.060725 improved=no epoch_time=25.5s total_time=146.7s
[seed 3] [stage 1/3: direct GE] [epoch 6/20] train_total=0.004105 val_score=1.044880 best=0.978639 P_MAE=9.2493 kPa y_iso_MAE=0.041643 T_MAE=5.1179 K y_isob_MAE=0.060315 improved=no epoch_time=24.7s total_time=171.3s
[seed 3] [stage 1/3: direct GE] [epoch 7/20] train_total=0.004117 val_score=1.144324 best=0.978639 P_MAE=12.1194 kPa y_iso_MAE=0.037529 T_MAE=6.2541 K y_isob_MAE=0.060627 improved=no epoch_time=24.5s total_time=195.8s
[seed 3] [stage 1/3: direct GE] [epoch 8/20] train_total=0.004110 val_score=1.017963 best=0.978639 P_MAE=10.2268 kPa y_iso_MAE=0.035305 T_MAE=5.3251 K y_isob_MAE=0.056547 improved=no epoch_time=25.0s total_time=220.9s
[seed 3] [stage 1/3: direct GE] [epoch 9/20] train_total=0.004138 val_score=1.178656 best=0.978639 P_MAE=13.4870 kPa y_iso_MAE=0.037614 T_MAE=6.4894 K y_isob_MAE=0.058968 improved=no epoch_time=26.4s total_time=247.2s
[seed 3] [stage 1/3: direct GE] [epoch 10/20] train_total=0.004068 val_score=1.038711 best=0.978639 P_MAE=11.5873 kPa y_iso_MAE=0.037884 T_MAE=4.8041 K y_isob_MAE=0.057638 improved=no epoch_time=24.8s total_time=272.1s
[seed 3] [stage 1/3: direct GE] [epoch 11/20] train_total=0.004253 val_score=1.489745 best=0.978639 P_MAE=13.2973 kPa y_iso_MAE=0.043917 T_MAE=10.0172 K y_isob_MAE=0.074255 improved=no epoch_time=26.3s total_time=298.4s
[seed 3] [stage 1/3: direct GE] [epoch 12/20] train_total=0.003887 val_score=1.023192 best=0.978639 P_MAE=9.7810 kPa y_iso_MAE=0.035630 T_MAE=5.4698 K y_isob_MAE=0.057416 improved=no epoch_time=26.1s total_time=324.5s
[seed 3] [stage 1/3: direct GE] [epoch 13/20] train_total=0.003935 val_score=1.088276 best=0.978639 P_MAE=10.7889 kPa y_iso_MAE=0.035439 T_MAE=6.0925 K y_isob_MAE=0.059460 improved=no epoch_time=24.8s total_time=349.3s
[seed 3] [stage 1/3: direct GE] [epoch 14/20] train_total=0.003696 val_score=0.997869 best=0.978639 P_MAE=9.2684 kPa y_iso_MAE=0.036108 T_MAE=5.2978 K y_isob_MAE=0.055790 improved=no epoch_time=27.3s total_time=376.6s
[seed 3] [stage 1/3: direct GE] [epoch 15/20] train_total=0.003591 val_score=0.989045 best=0.978639 P_MAE=9.1358 kPa y_iso_MAE=0.034644 T_MAE=5.4977 K y_isob_MAE=0.054153 improved=no epoch_time=25.9s total_time=402.6s
[seed 3] [stage 1/3: direct GE] [epoch 16/20] train_total=0.003492 val_score=0.996321 best=0.978639 P_MAE=9.8262 kPa y_iso_MAE=0.036930 T_MAE=5.0276 K y_isob_MAE=0.055144 improved=no epoch_time=27.3s total_time=429.9s
[seed 3] [stage 1/3: direct GE] [epoch 17/20] train_total=0.003443 val_score=0.975244 best=0.975244 P_MAE=8.7143 kPa y_iso_MAE=0.036674 T_MAE=5.0875 K y_isob_MAE=0.055224 improved=yes epoch_time=26.5s total_time=456.4s
[seed 3] [stage 1/3: direct GE] [epoch 18/20] train_total=0.003440 val_score=1.007052 best=0.975244 P_MAE=9.9664 kPa y_iso_MAE=0.036713 T_MAE=5.0909 K y_isob_MAE=0.056294 improved=no epoch_time=25.0s total_time=481.4s
[seed 3] [stage 1/3: direct GE] [epoch 19/20] train_total=0.003616 val_score=0.998223 best=0.975244 P_MAE=10.0675 kPa y_iso_MAE=0.035122 T_MAE=5.1087 K y_isob_MAE=0.055937 improved=no epoch_time=26.8s total_time=508.2s
[seed 3] [stage 1/3: direct GE] [epoch 20/20] train_total=0.003390 val_score=1.035734 best=0.975244 P_MAE=11.4732 kPa y_iso_MAE=0.036930 T_MAE=5.1672 K y_isob_MAE=0.054556 improved=no epoch_time=28.7s total_time=537.0s
[seed 3] [stage 2/3: joint VLE] starting 80 epoch(s)
[seed 3] [stage 2/3: joint VLE] [epoch 1/80] train_total=0.047645 val_score=1.129135 best=1.129135 P_MAE=11.4111 kPa y_iso_MAE=0.036763 T_MAE=6.3417 K y_isob_MAE=0.060534 improved=yes epoch_time=31.0s total_time=568.0s
[seed 3] [stage 2/3: joint VLE] [epoch 2/80] train_total=0.046078 val_score=1.217307 best=1.129135 P_MAE=13.6106 kPa y_iso_MAE=0.046029 T_MAE=6.0729 K y_isob_MAE=0.060134 improved=no epoch_time=32.1s total_time=600.1s
[seed 3] [stage 2/3: joint VLE] [epoch 3/80] train_total=0.035930 val_score=1.211292 best=1.129135 P_MAE=10.3519 kPa y_iso_MAE=0.036030 T_MAE=8.3076 K y_isob_MAE=0.060030 improved=no epoch_time=29.7s total_time=629.7s
[seed 3] [stage 2/3: joint VLE] [epoch 4/80] train_total=0.048690 val_score=1.298734 best=1.129135 P_MAE=10.9376 kPa y_iso_MAE=0.043705 T_MAE=8.4383 K y_isob_MAE=0.063833 improved=no epoch_time=27.6s total_time=657.4s
[seed 3] [stage 2/3: joint VLE] [epoch 5/80] train_total=0.040648 val_score=1.082822 best=1.082822 P_MAE=11.4306 kPa y_iso_MAE=0.038374 T_MAE=5.6099 K y_isob_MAE=0.057343 improved=yes epoch_time=30.1s total_time=687.5s
[seed 3] [stage 2/3: joint VLE] [epoch 6/80] train_total=0.037689 val_score=0.966764 best=0.966764 P_MAE=9.6167 kPa y_iso_MAE=0.033489 T_MAE=5.1482 K y_isob_MAE=0.053110 improved=yes epoch_time=30.4s total_time=718.0s
[seed 3] [stage 2/3: joint VLE] [epoch 7/80] train_total=0.034444 val_score=0.956393 best=0.956393 P_MAE=9.6041 kPa y_iso_MAE=0.037570 T_MAE=4.4678 K y_isob_MAE=0.053576 improved=yes epoch_time=33.2s total_time=751.2s
[seed 3] [stage 2/3: joint VLE] [epoch 8/80] train_total=0.034949 val_score=0.969417 best=0.956393 P_MAE=11.1254 kPa y_iso_MAE=0.036300 T_MAE=4.5321 K y_isob_MAE=0.050661 improved=no epoch_time=33.8s total_time=785.0s
[seed 3] [stage 2/3: joint VLE] [epoch 9/80] train_total=0.044717 val_score=0.981043 best=0.956393 P_MAE=11.3317 kPa y_iso_MAE=0.037484 T_MAE=4.4408 K y_isob_MAE=0.051664 improved=no epoch_time=27.6s total_time=812.6s
[seed 3] [stage 2/3: joint VLE] [epoch 10/80] train_total=0.028697 val_score=0.975869 best=0.956393 P_MAE=10.8389 kPa y_iso_MAE=0.036789 T_MAE=4.7463 K y_isob_MAE=0.050079 improved=no epoch_time=32.3s total_time=844.9s
[seed 3] [stage 2/3: joint VLE] [epoch 11/80] train_total=0.035011 val_score=1.002005 best=0.956393 P_MAE=11.7484 kPa y_iso_MAE=0.035744 T_MAE=4.9295 K y_isob_MAE=0.050789 improved=no epoch_time=30.8s total_time=875.8s
[seed 3] [stage 2/3: joint VLE] [epoch 12/80] train_total=0.032361 val_score=1.036856 best=0.956393 P_MAE=10.4759 kPa y_iso_MAE=0.033816 T_MAE=5.8965 K y_isob_MAE=0.054674 improved=no epoch_time=32.3s total_time=908.1s
[seed 3] [stage 2/3: joint VLE] [epoch 13/80] train_total=0.030989 val_score=1.109881 best=0.956393 P_MAE=13.5236 kPa y_iso_MAE=0.038240 T_MAE=5.6608 K y_isob_MAE=0.053524 improved=no epoch_time=32.5s total_time=940.5s
[seed 3] [stage 2/3: joint VLE] [epoch 14/80] train_total=0.046424 val_score=0.975048 best=0.956393 P_MAE=12.1036 kPa y_iso_MAE=0.037624 T_MAE=4.2142 K y_isob_MAE=0.049583 improved=no epoch_time=31.7s total_time=972.2s
[seed 3] [stage 2/3: joint VLE] [epoch 15/80] train_total=0.026627 val_score=0.926237 best=0.926237 P_MAE=10.3704 kPa y_iso_MAE=0.035580 T_MAE=4.3284 K y_isob_MAE=0.048356 improved=yes epoch_time=33.5s total_time=1005.8s
[seed 3] [stage 2/3: joint VLE] [epoch 16/80] train_total=0.031790 val_score=1.107364 best=0.926237 P_MAE=14.1220 kPa y_iso_MAE=0.038571 T_MAE=5.3839 K y_isob_MAE=0.053229 improved=no epoch_time=33.7s total_time=1039.5s
[seed 3] [stage 2/3: joint VLE] [epoch 17/80] train_total=0.027911 val_score=0.957497 best=0.926237 P_MAE=11.2151 kPa y_iso_MAE=0.037579 T_MAE=4.2113 K y_isob_MAE=0.049879 improved=no epoch_time=34.6s total_time=1074.1s
[seed 3] [stage 2/3: joint VLE] [epoch 18/80] train_total=0.026512 val_score=1.123508 best=0.926237 P_MAE=10.3984 kPa y_iso_MAE=0.037013 T_MAE=6.8340 K y_isob_MAE=0.057669 improved=no epoch_time=30.1s total_time=1104.2s
[seed 3] [stage 2/3: joint VLE] [epoch 19/80] train_total=0.027327 val_score=0.981147 best=0.926237 P_MAE=9.4230 kPa y_iso_MAE=0.035115 T_MAE=5.4269 K y_isob_MAE=0.051511 improved=no epoch_time=31.1s total_time=1135.2s
[seed 3] [stage 2/3: joint VLE] [epoch 20/80] train_total=0.027871 val_score=1.130319 best=0.926237 P_MAE=12.0165 kPa y_iso_MAE=0.039410 T_MAE=6.2103 K y_isob_MAE=0.056236 improved=no epoch_time=30.9s total_time=1166.2s
[seed 3] [stage 2/3: joint VLE] [epoch 21/80] train_total=0.028084 val_score=0.873813 best=0.873813 P_MAE=8.8288 kPa y_iso_MAE=0.036114 T_MAE=3.9834 K y_isob_MAE=0.047515 improved=yes epoch_time=30.6s total_time=1196.8s
[seed 3] [stage 2/3: joint VLE] [epoch 22/80] train_total=0.028101 val_score=0.977065 best=0.873813 P_MAE=9.3389 kPa y_iso_MAE=0.039635 T_MAE=4.5748 K y_isob_MAE=0.054987 improved=no epoch_time=29.0s total_time=1225.7s
[seed 3] [stage 2/3: joint VLE] [epoch 23/80] train_total=0.030682 val_score=0.960286 best=0.873813 P_MAE=11.3469 kPa y_iso_MAE=0.037238 T_MAE=4.2298 K y_isob_MAE=0.050121 improved=no epoch_time=26.0s total_time=1251.8s
[seed 3] [stage 2/3: joint VLE] [epoch 24/80] train_total=0.024152 val_score=1.232372 best=0.873813 P_MAE=12.2720 kPa y_iso_MAE=0.038630 T_MAE=7.5598 K y_isob_MAE=0.061404 improved=no epoch_time=26.9s total_time=1278.7s
[seed 3] [stage 2/3: joint VLE] [epoch 25/80] train_total=0.025339 val_score=1.038527 best=0.873813 P_MAE=10.6872 kPa y_iso_MAE=0.032659 T_MAE=6.1902 K y_isob_MAE=0.052224 improved=no epoch_time=26.0s total_time=1304.6s
[seed 3] [stage 2/3: joint VLE] [epoch 26/80] train_total=0.031607 val_score=0.860869 best=0.860869 P_MAE=9.3399 kPa y_iso_MAE=0.036132 T_MAE=3.6619 K y_isob_MAE=0.046386 improved=yes epoch_time=25.9s total_time=1330.6s
[seed 3] [stage 2/3: joint VLE] [epoch 27/80] train_total=0.031247 val_score=1.015470 best=0.860869 P_MAE=13.6432 kPa y_iso_MAE=0.038829 T_MAE=4.1896 K y_isob_MAE=0.049980 improved=no epoch_time=26.3s total_time=1356.8s
[seed 3] [stage 2/3: joint VLE] [epoch 28/80] train_total=0.026684 val_score=1.001766 best=0.860869 P_MAE=12.5791 kPa y_iso_MAE=0.037984 T_MAE=4.7635 K y_isob_MAE=0.046172 improved=no epoch_time=26.3s total_time=1383.1s
[seed 3] [stage 2/3: joint VLE] [epoch 29/80] train_total=0.024829 val_score=1.215442 best=0.860869 P_MAE=12.3982 kPa y_iso_MAE=0.038770 T_MAE=7.4281 K y_isob_MAE=0.058740 improved=no epoch_time=26.1s total_time=1409.2s
[seed 3] [stage 2/3: joint VLE] [epoch 30/80] train_total=0.026364 val_score=0.960141 best=0.860869 P_MAE=12.3245 kPa y_iso_MAE=0.039016 T_MAE=3.8947 K y_isob_MAE=0.047465 improved=no epoch_time=25.5s total_time=1434.8s
[seed 3] [stage 2/3: joint VLE] [epoch 31/80] train_total=0.023866 val_score=0.956129 best=0.860869 P_MAE=11.6525 kPa y_iso_MAE=0.034773 T_MAE=4.5188 K y_isob_MAE=0.047847 improved=no epoch_time=25.8s total_time=1460.6s
[seed 3] [stage 2/3: joint VLE] [epoch 32/80] train_total=0.026098 val_score=0.971532 best=0.860869 P_MAE=12.9424 kPa y_iso_MAE=0.040330 T_MAE=3.8179 K y_isob_MAE=0.046321 improved=no epoch_time=26.0s total_time=1486.6s
[seed 3] [stage 2/3: joint VLE] [epoch 33/80] train_total=0.022965 val_score=1.040641 best=0.860869 P_MAE=10.6732 kPa y_iso_MAE=0.037119 T_MAE=5.5381 K y_isob_MAE=0.054426 improved=no epoch_time=26.2s total_time=1512.8s
[seed 3] [stage 2/3: joint VLE] [epoch 34/80] train_total=0.036424 val_score=0.976838 best=0.860869 P_MAE=11.4089 kPa y_iso_MAE=0.037710 T_MAE=4.5171 K y_isob_MAE=0.049290 improved=no epoch_time=25.9s total_time=1538.7s
[seed 3] [stage 2/3: joint VLE] [epoch 35/80] train_total=0.024293 val_score=0.941701 best=0.860869 P_MAE=12.2519 kPa y_iso_MAE=0.037968 T_MAE=3.8003 K y_isob_MAE=0.046472 improved=no epoch_time=25.6s total_time=1564.4s
[seed 3] [stage 2/3: joint VLE] [epoch 36/80] train_total=0.020779 val_score=0.961682 best=0.860869 P_MAE=13.0610 kPa y_iso_MAE=0.039082 T_MAE=3.8573 K y_isob_MAE=0.044979 improved=no epoch_time=25.6s total_time=1590.0s
[seed 3] [stage 2/3: joint VLE] [epoch 37/80] train_total=0.031781 val_score=1.029262 best=0.860869 P_MAE=11.3976 kPa y_iso_MAE=0.036175 T_MAE=5.5501 K y_isob_MAE=0.050099 improved=no epoch_time=26.0s total_time=1616.0s
[seed 3] [stage 2/3: joint VLE] [epoch 38/80] train_total=0.024956 val_score=0.967636 best=0.860869 P_MAE=11.9082 kPa y_iso_MAE=0.037468 T_MAE=4.1474 K y_isob_MAE=0.049881 improved=no epoch_time=25.9s total_time=1641.9s
{"direct_ge_parameter_summary": {"stage1_trainable_parameters": 1742977, "stage2_trainable_parameters": 1780419, "stage3": {"groups": [{"learning_rate": 2e-05, "name": "pair_potential", "parameter_count": 110977, "parameter_names": ["pair_potential.0.weight", "pair_potential.0.bias", "pair_potential.2.weight", "pair_potential.2.bias"]}, {"learning_rate": 1e-05, "name": "vapor_pressure", "parameter_count": 37442, "parameter_names": ["vapor_pressure.parameter_head.0.weight", "vapor_pressure.parameter_head.0.bias", "vapor_pressure.parameter_head.2.weight", "vapor_pressure.parameter_head.2.bias"]}, {"learning_rate": 5e-06, "name": "film", "parameter_count": 111744, "parameter_names": ["film.0.weight", "film.0.bias", "film.2.weight", "film.2.bias"]}, {"learning_rate": 5e-06, "name": "mixture_token", "parameter_count": 192, "parameter_names": ["mixture_token"]}], "total_parameters": 1780419, "trainable_fraction": 0.14623243180397424, "trainable_parameters": 260355}, "total_parameters": 1780419, "trainable_fraction": 0.14623243180397424, "trainable_parameters": 260355}}
[seed 3] [stage 3/3: fugacity] starting 10 epoch(s)
[seed 3] [stage 3/3: fugacity] [epoch 1/10] train_total=0.018139 val_score=0.880144 best=0.880144 P_MAE=9.5930 kPa y_iso_MAE=0.034511 T_MAE=4.0149 K y_isob_MAE=0.047284 improved=yes epoch_time=25.6s total_time=1667.5s
[seed 3] [stage 3/3: fugacity] [epoch 2/10] train_total=0.015356 val_score=0.889165 best=0.880144 P_MAE=9.8946 kPa y_iso_MAE=0.034709 T_MAE=4.0465 K y_isob_MAE=0.047215 improved=no epoch_time=25.8s total_time=1693.4s
[seed 3] [stage 3/3: fugacity] [epoch 3/10] train_total=0.014662 val_score=0.888092 best=0.880144 P_MAE=9.9305 kPa y_iso_MAE=0.034710 T_MAE=4.0274 K y_isob_MAE=0.047062 improved=no epoch_time=25.7s total_time=1719.1s
[seed 3] [stage 3/3: fugacity] [epoch 4/10] train_total=0.014277 val_score=0.891741 best=0.880144 P_MAE=10.0241 kPa y_iso_MAE=0.034681 T_MAE=4.0533 K y_isob_MAE=0.047148 improved=no epoch_time=25.7s total_time=1744.8s
[seed 3] [stage 3/3: fugacity] [epoch 5/10] train_total=0.014322 val_score=0.888223 best=0.880144 P_MAE=10.0551 kPa y_iso_MAE=0.034753 T_MAE=3.9879 K y_isob_MAE=0.046959 improved=no epoch_time=25.5s total_time=1770.3s
[seed 3] [stage 3/3: fugacity] [epoch 6/10] train_total=0.013783 val_score=0.892369 best=0.880144 P_MAE=10.0256 kPa y_iso_MAE=0.034631 T_MAE=4.0758 K y_isob_MAE=0.047074 improved=no epoch_time=25.6s total_time=1795.9s
[seed 3] [stage 3/3: fugacity] [epoch 7/10] train_total=0.013842 val_score=0.886124 best=0.880144 P_MAE=10.0122 kPa y_iso_MAE=0.034587 T_MAE=4.0021 K y_isob_MAE=0.046765 improved=no epoch_time=25.6s total_time=1821.5s
[seed 3] [stage 3/3: fugacity] [epoch 8/10] train_total=0.013381 val_score=0.884294 best=0.880144 P_MAE=10.0212 kPa y_iso_MAE=0.034731 T_MAE=3.9577 K y_isob_MAE=0.046679 improved=no epoch_time=25.7s total_time=1847.2s
[seed 3] [stage 3/3: fugacity] [epoch 9/10] train_total=0.013382 val_score=0.891434 best=0.880144 P_MAE=10.0086 kPa y_iso_MAE=0.034352 T_MAE=4.1064 K y_isob_MAE=0.046966 improved=no epoch_time=26.0s total_time=1873.2s
[seed 3] [stage 3/3: fugacity] [epoch 10/10] train_total=0.013362 val_score=0.890195 best=0.880144 P_MAE=10.0198 kPa y_iso_MAE=0.034530 T_MAE=4.0700 K y_isob_MAE=0.046853 improved=no epoch_time=25.4s total_time=1898.6s
{"variant": "c0_current_vanilla", "seed": 3, "status": "completed", "selected_stage": "stage2", "stage0_source": "generated"}
