[stage experimental] starting 80 epoch(s)
[stage experimental] [epoch 1/80] train_total=0.179257 val_total=0.240005 best=0.240005 improved=yes epoch_time=0.5s total_time=0.5s
[stage experimental] [epoch 2/80] train_total=0.059753 val_total=0.138484 best=0.138484 improved=yes epoch_time=0.3s total_time=0.8s
[stage experimental] [epoch 3/80] train_total=0.031669 val_total=0.083055 best=0.083055 improved=yes epoch_time=0.3s total_time=1.0s
[stage experimental] [epoch 4/80] train_total=0.018346 val_total=0.072898 best=0.072898 improved=yes epoch_time=0.3s total_time=1.3s
[stage experimental] [epoch 5/80] train_total=0.011582 val_total=0.077832 best=0.072898 improved=no epoch_time=0.3s total_time=1.6s
[stage experimental] [epoch 6/80] train_total=0.007181 val_total=0.065456 best=0.065456 improved=yes epoch_time=0.3s total_time=1.8s
[stage experimental] [epoch 7/80] train_total=0.006016 val_total=0.057785 best=0.057785 improved=yes epoch_time=0.3s total_time=2.1s
[stage experimental] [epoch 8/80] train_total=0.005285 val_total=0.060341 best=0.057785 improved=no epoch_time=0.3s total_time=2.3s
[stage experimental] [epoch 9/80] train_total=0.005299 val_total=0.050705 best=0.050705 improved=yes epoch_time=0.3s total_time=2.6s
[stage experimental] [epoch 10/80] train_total=0.004858 val_total=0.052596 best=0.050705 improved=no epoch_time=0.2s total_time=2.9s
[stage experimental] [epoch 11/80] train_total=0.004507 val_total=0.063395 best=0.050705 improved=no epoch_time=0.3s total_time=3.1s
[stage experimental] [epoch 12/80] train_total=0.003611 val_total=0.058134 best=0.050705 improved=no epoch_time=0.3s total_time=3.4s
[stage experimental] [epoch 13/80] train_total=0.003257 val_total=0.062960 best=0.050705 improved=no epoch_time=0.3s total_time=3.6s
[stage experimental] [epoch 14/80] train_total=0.002885 val_total=0.062635 best=0.050705 improved=no epoch_time=0.3s total_time=3.9s
[stage experimental] [epoch 15/80] train_total=0.002781 val_total=0.061641 best=0.050705 improved=no epoch_time=0.3s total_time=4.1s
[stage experimental] [epoch 16/80] train_total=0.002833 val_total=0.065298 best=0.050705 improved=no epoch_time=0.3s total_time=4.4s
[stage experimental] [epoch 17/80] train_total=0.003214 val_total=0.069549 best=0.050705 improved=no epoch_time=0.2s total_time=4.6s
[stage experimental] [epoch 18/80] train_total=0.002728 val_total=0.070700 best=0.050705 improved=no epoch_time=0.2s total_time=4.9s
[stage experimental] [epoch 19/80] train_total=0.002942 val_total=0.065065 best=0.050705 improved=no epoch_time=0.3s total_time=5.1s
[stage experimental] [epoch 20/80] train_total=0.002888 val_total=0.064755 best=0.050705 improved=no epoch_time=0.2s total_time=5.4s
[stage experimental] [epoch 21/80] train_total=0.002876 val_total=0.076402 best=0.050705 improved=no epoch_time=0.3s total_time=5.6s
[stage experimental] early stopping at epoch 21; best_validation=0.050705
[seed 0] [stage 1/3: direct GE] starting 20 epoch(s)
[seed 0] [stage 1/3: direct GE] [epoch 1/20] train_total=0.038955 val_score=1.320426 best=1.320426 P_MAE=16.2466 kPa y_iso_MAE=0.098736 T_MAE=2.9732 K y_isob_MAE=0.052372 improved=yes epoch_time=5.0s total_time=10.0s
[seed 0] [stage 1/3: direct GE] [epoch 2/20] train_total=0.014558 val_score=1.301717 best=1.301717 P_MAE=13.4196 kPa y_iso_MAE=0.108358 T_MAE=3.1814 K y_isob_MAE=0.054925 improved=yes epoch_time=5.2s total_time=15.1s
[seed 0] [stage 1/3: direct GE] [epoch 3/20] train_total=0.010104 val_score=1.236396 best=1.236396 P_MAE=13.6126 kPa y_iso_MAE=0.106604 T_MAE=2.8841 K y_isob_MAE=0.046472 improved=yes epoch_time=5.1s total_time=20.3s
[seed 0] [stage 1/3: direct GE] [epoch 4/20] train_total=0.006921 val_score=1.281404 best=1.236396 P_MAE=14.8966 kPa y_iso_MAE=0.111895 T_MAE=3.0441 K y_isob_MAE=0.040302 improved=no epoch_time=5.1s total_time=25.3s
[seed 0] [stage 1/3: direct GE] [epoch 5/20] train_total=0.005929 val_score=1.365487 best=1.236396 P_MAE=16.7667 kPa y_iso_MAE=0.113480 T_MAE=3.2398 K y_isob_MAE=0.041462 improved=no epoch_time=5.3s total_time=30.7s
[seed 0] [stage 1/3: direct GE] [epoch 6/20] train_total=0.004982 val_score=1.444996 best=1.236396 P_MAE=17.8420 kPa y_iso_MAE=0.115265 T_MAE=3.6410 K y_isob_MAE=0.042056 improved=no epoch_time=4.4s total_time=35.1s
[seed 0] [stage 1/3: direct GE] [epoch 7/20] train_total=0.004496 val_score=1.446200 best=1.236396 P_MAE=19.6897 kPa y_iso_MAE=0.115413 T_MAE=3.3187 K y_isob_MAE=0.037005 improved=no epoch_time=4.6s total_time=39.6s
[seed 0] [stage 1/3: direct GE] [epoch 8/20] train_total=0.004311 val_score=1.461012 best=1.236396 P_MAE=19.3501 kPa y_iso_MAE=0.116321 T_MAE=3.4274 K y_isob_MAE=0.039593 improved=no epoch_time=4.9s total_time=44.5s
[seed 0] [stage 1/3: direct GE] [epoch 9/20] train_total=0.003953 val_score=1.440009 best=1.236396 P_MAE=19.4059 kPa y_iso_MAE=0.114910 T_MAE=3.3948 K y_isob_MAE=0.036118 improved=no epoch_time=4.9s total_time=49.4s
[seed 0] [stage 1/3: direct GE] [epoch 10/20] train_total=0.003808 val_score=1.479436 best=1.236396 P_MAE=19.7476 kPa y_iso_MAE=0.116311 T_MAE=3.5394 K y_isob_MAE=0.038598 improved=no epoch_time=5.1s total_time=54.5s
[seed 0] [stage 1/3: direct GE] [epoch 11/20] train_total=0.003796 val_score=1.444172 best=1.236396 P_MAE=19.5812 kPa y_iso_MAE=0.118202 T_MAE=3.3524 K y_isob_MAE=0.034261 improved=no epoch_time=5.0s total_time=59.5s
[seed 0] [stage 1/3: direct GE] [epoch 12/20] train_total=0.003792 val_score=1.488717 best=1.236396 P_MAE=20.3513 kPa y_iso_MAE=0.117656 T_MAE=3.5609 K y_isob_MAE=0.035050 improved=no epoch_time=4.9s total_time=64.4s
[seed 0] [stage 1/3: direct GE] [epoch 13/20] train_total=0.003729 val_score=1.421612 best=1.236396 P_MAE=19.1853 kPa y_iso_MAE=0.117007 T_MAE=3.2805 K y_isob_MAE=0.034288 improved=no epoch_time=4.9s total_time=69.4s
[seed 0] [stage 1/3: direct GE] [epoch 14/20] train_total=0.003617 val_score=1.451481 best=1.236396 P_MAE=19.0061 kPa y_iso_MAE=0.119743 T_MAE=3.5118 K y_isob_MAE=0.035006 improved=no epoch_time=5.1s total_time=74.5s
[seed 0] [stage 1/3: direct GE] [epoch 15/20] train_total=0.003574 val_score=1.504401 best=1.236396 P_MAE=20.2460 kPa y_iso_MAE=0.118231 T_MAE=3.6387 K y_isob_MAE=0.037213 improved=no epoch_time=5.1s total_time=79.5s
[seed 0] [stage 1/3: direct GE] [epoch 16/20] train_total=0.003730 val_score=1.411339 best=1.236396 P_MAE=18.7527 kPa y_iso_MAE=0.118400 T_MAE=3.2827 K y_isob_MAE=0.033680 improved=no epoch_time=4.9s total_time=84.4s
[seed 0] [stage 1/3: direct GE] [epoch 17/20] train_total=0.003859 val_score=1.545526 best=1.236396 P_MAE=21.5332 kPa y_iso_MAE=0.118797 T_MAE=3.6763 K y_isob_MAE=0.036736 improved=no epoch_time=4.9s total_time=89.3s
[seed 0] [stage 1/3: direct GE] [epoch 18/20] train_total=0.003603 val_score=1.456399 best=1.236396 P_MAE=19.4823 kPa y_iso_MAE=0.118968 T_MAE=3.3673 K y_isob_MAE=0.036884 improved=no epoch_time=4.9s total_time=94.2s
[seed 0] [stage 1/3: direct GE] [epoch 19/20] train_total=0.003547 val_score=1.500388 best=1.236396 P_MAE=20.4660 kPa y_iso_MAE=0.119640 T_MAE=3.5154 K y_isob_MAE=0.036509 improved=no epoch_time=4.9s total_time=99.2s
[seed 0] [stage 1/3: direct GE] [epoch 20/20] train_total=0.003628 val_score=1.544929 best=1.236396 P_MAE=21.0741 kPa y_iso_MAE=0.119963 T_MAE=3.6988 K y_isob_MAE=0.038309 improved=no epoch_time=5.0s total_time=104.2s
[seed 0] [stage 2/3: joint VLE] starting 80 epoch(s)
[seed 0] [stage 2/3: joint VLE] [epoch 1/80] train_total=0.055519 val_score=1.214853 best=1.214853 P_MAE=13.2698 kPa y_iso_MAE=0.109831 T_MAE=2.7921 K y_isob_MAE=0.043318 improved=yes epoch_time=5.0s total_time=109.2s
[seed 0] [stage 2/3: joint VLE] [epoch 2/80] train_total=0.023717 val_score=1.254595 best=1.214853 P_MAE=11.7792 kPa y_iso_MAE=0.093056 T_MAE=3.3352 K y_isob_MAE=0.063685 improved=no epoch_time=5.1s total_time=114.3s
[seed 0] [stage 2/3: joint VLE] [epoch 3/80] train_total=0.014852 val_score=1.347695 best=1.214853 P_MAE=14.6792 kPa y_iso_MAE=0.099016 T_MAE=3.4970 K y_isob_MAE=0.057173 improved=no epoch_time=4.9s total_time=119.2s
[seed 0] [stage 2/3: joint VLE] [epoch 4/80] train_total=0.011655 val_score=1.323442 best=1.214853 P_MAE=12.1400 kPa y_iso_MAE=0.091350 T_MAE=3.8535 K y_isob_MAE=0.066729 improved=no epoch_time=5.2s total_time=124.3s
[seed 0] [stage 2/3: joint VLE] [epoch 5/80] train_total=0.009923 val_score=1.329374 best=1.214853 P_MAE=11.6008 kPa y_iso_MAE=0.086210 T_MAE=4.2261 K y_isob_MAE=0.067229 improved=no epoch_time=5.0s total_time=129.3s
[seed 0] [stage 2/3: joint VLE] [epoch 6/80] train_total=0.009311 val_score=1.265140 best=1.214853 P_MAE=10.5153 kPa y_iso_MAE=0.082572 T_MAE=3.9728 K y_isob_MAE=0.068337 improved=no epoch_time=5.1s total_time=134.4s
[seed 0] [stage 2/3: joint VLE] [epoch 7/80] train_total=0.008788 val_score=1.263757 best=1.214853 P_MAE=10.8763 kPa y_iso_MAE=0.082176 T_MAE=3.6449 K y_isob_MAE=0.073511 improved=no epoch_time=5.0s total_time=139.4s
[seed 0] [stage 2/3: joint VLE] [epoch 8/80] train_total=0.007707 val_score=1.311479 best=1.214853 P_MAE=11.4898 kPa y_iso_MAE=0.083330 T_MAE=3.9868 K y_isob_MAE=0.071656 improved=no epoch_time=5.0s total_time=144.4s
[seed 0] [stage 2/3: joint VLE] [epoch 9/80] train_total=0.007230 val_score=1.327628 best=1.214853 P_MAE=10.4412 kPa y_iso_MAE=0.081216 T_MAE=4.4955 K y_isob_MAE=0.072497 improved=no epoch_time=5.0s total_time=149.4s
[seed 0] [stage 2/3: joint VLE] [epoch 10/80] train_total=0.007024 val_score=1.335941 best=1.214853 P_MAE=11.6880 kPa y_iso_MAE=0.082838 T_MAE=4.0882 K y_isob_MAE=0.074100 improved=no epoch_time=5.4s total_time=154.7s
[seed 0] [stage 2/3: joint VLE] [epoch 11/80] train_total=0.006781 val_score=1.325835 best=1.214853 P_MAE=10.4860 kPa y_iso_MAE=0.078302 T_MAE=4.4202 K y_isob_MAE=0.075849 improved=no epoch_time=4.9s total_time=159.6s
[seed 0] [stage 2/3: joint VLE] [epoch 12/80] train_total=0.006993 val_score=1.306188 best=1.214853 P_MAE=10.2445 kPa y_iso_MAE=0.078345 T_MAE=4.1951 K y_isob_MAE=0.078100 improved=no epoch_time=4.7s total_time=164.3s
[seed 0] [stage 2/3: joint VLE] [epoch 13/80] train_total=0.007076 val_score=1.384428 best=1.214853 P_MAE=12.4537 kPa y_iso_MAE=0.083341 T_MAE=4.2715 K y_isob_MAE=0.075605 improved=no epoch_time=5.3s total_time=169.6s
{"direct_ge_parameter_summary": {"stage1_trainable_parameters": 1977601, "stage2_trainable_parameters": 2015043, "stage3": {"groups": [{"learning_rate": 2e-05, "name": "pair_potential", "parameter_count": 110977, "parameter_names": ["pair_potential.0.weight", "pair_potential.0.bias", "pair_potential.2.weight", "pair_potential.2.bias"]}, {"learning_rate": 1e-05, "name": "vapor_pressure", "parameter_count": 37442, "parameter_names": ["vapor_pressure.parameter_head.0.weight", "vapor_pressure.parameter_head.0.bias", "vapor_pressure.parameter_head.2.weight", "vapor_pressure.parameter_head.2.bias"]}, {"learning_rate": 5e-06, "name": "film", "parameter_count": 111744, "parameter_names": ["film.0.weight", "film.0.bias", "film.2.weight", "film.2.bias"]}, {"learning_rate": 5e-06, "name": "mixture_token", "parameter_count": 192, "parameter_names": ["mixture_token"]}], "total_parameters": 2015043, "trainable_fraction": 0.1292056794817778, "trainable_parameters": 260355}, "total_parameters": 2015043, "trainable_fraction": 0.1292056794817778, "trainable_parameters": 260355}}
[seed 0] [stage 3/3: fugacity] starting 10 epoch(s)
[seed 0] [stage 3/3: fugacity] [epoch 1/10] train_total=0.024923 val_score=1.236481 best=1.236481 P_MAE=14.3081 kPa y_iso_MAE=0.105978 T_MAE=2.7107 K y_isob_MAE=0.046247 improved=yes epoch_time=5.3s total_time=174.9s
[seed 0] [stage 3/3: fugacity] [epoch 2/10] train_total=0.019310 val_score=1.191779 best=1.191779 P_MAE=13.1125 kPa y_iso_MAE=0.103175 T_MAE=2.6185 K y_isob_MAE=0.048308 improved=yes epoch_time=5.3s total_time=180.3s
[seed 0] [stage 3/3: fugacity] [epoch 3/10] train_total=0.016287 val_score=1.190643 best=1.190643 P_MAE=12.5394 kPa y_iso_MAE=0.100623 T_MAE=2.7405 K y_isob_MAE=0.051174 improved=yes epoch_time=5.3s total_time=185.6s
[seed 0] [stage 3/3: fugacity] [epoch 4/10] train_total=0.014468 val_score=1.207540 best=1.190643 P_MAE=12.2414 kPa y_iso_MAE=0.098289 T_MAE=2.9541 K y_isob_MAE=0.054094 improved=no epoch_time=5.2s total_time=190.9s
[seed 0] [stage 3/3: fugacity] [epoch 5/10] train_total=0.013463 val_score=1.228113 best=1.190643 P_MAE=11.8386 kPa y_iso_MAE=0.096659 T_MAE=3.2517 K y_isob_MAE=0.056081 improved=no epoch_time=5.3s total_time=196.2s
[seed 0] [stage 3/3: fugacity] [epoch 6/10] train_total=0.012870 val_score=1.242207 best=1.190643 P_MAE=11.8552 kPa y_iso_MAE=0.095811 T_MAE=3.3745 K y_isob_MAE=0.057106 improved=no epoch_time=5.3s total_time=201.5s
[seed 0] [stage 3/3: fugacity] [epoch 7/10] train_total=0.012411 val_score=1.247879 best=1.190643 P_MAE=11.7826 kPa y_iso_MAE=0.095456 T_MAE=3.4508 K y_isob_MAE=0.057448 improved=no epoch_time=5.1s total_time=206.7s
[seed 0] [stage 3/3: fugacity] [epoch 8/10] train_total=0.012040 val_score=1.251449 best=1.190643 P_MAE=11.9098 kPa y_iso_MAE=0.095303 T_MAE=3.4600 K y_isob_MAE=0.057323 improved=no epoch_time=5.3s total_time=212.0s
[seed 0] [stage 3/3: fugacity] [epoch 9/10] train_total=0.011702 val_score=1.251994 best=1.190643 P_MAE=12.0405 kPa y_iso_MAE=0.095303 T_MAE=3.4268 K y_isob_MAE=0.057326 improved=no epoch_time=5.3s total_time=217.3s
[seed 0] [stage 3/3: fugacity] [epoch 10/10] train_total=0.011422 val_score=1.255887 best=1.190643 P_MAE=12.1651 kPa y_iso_MAE=0.095677 T_MAE=3.4271 K y_isob_MAE=0.057082 improved=no epoch_time=5.3s total_time=222.6s
{"protocol": "vle_overall_ternary", "seed": 0, "manifest": "D:\\VLE\\VLE\\thermoformer_project\\runs\\phase_equilibrium\\v1\\vle\\three\\results\\thermoformer_vle_three_stage.on.vle_overall_ternary\\seed_0\\manifest.json"}
[stage experimental] starting 80 epoch(s)
[stage experimental] [epoch 1/80] train_total=0.224865 val_total=0.060456 best=0.060456 improved=yes epoch_time=0.3s total_time=0.3s
[stage experimental] [epoch 2/80] train_total=0.087947 val_total=0.041411 best=0.041411 improved=yes epoch_time=0.2s total_time=0.5s
[stage experimental] [epoch 3/80] train_total=0.038063 val_total=0.028970 best=0.028970 improved=yes epoch_time=0.2s total_time=0.7s
[stage experimental] [epoch 4/80] train_total=0.022123 val_total=0.016867 best=0.016867 improved=yes epoch_time=0.2s total_time=1.0s
[stage experimental] [epoch 5/80] train_total=0.016052 val_total=0.015381 best=0.015381 improved=yes epoch_time=0.2s total_time=1.2s
[stage experimental] [epoch 6/80] train_total=0.013248 val_total=0.016115 best=0.015381 improved=no epoch_time=0.2s total_time=1.4s
[stage experimental] [epoch 7/80] train_total=0.010927 val_total=0.015099 best=0.015099 improved=yes epoch_time=0.2s total_time=1.7s
[stage experimental] [epoch 8/80] train_total=0.010052 val_total=0.018836 best=0.015099 improved=no epoch_time=0.3s total_time=2.0s
[stage experimental] [epoch 9/80] train_total=0.009163 val_total=0.014635 best=0.014635 improved=yes epoch_time=0.3s total_time=2.2s
[stage experimental] [epoch 10/80] train_total=0.008686 val_total=0.017331 best=0.014635 improved=no epoch_time=0.3s total_time=2.5s
[stage experimental] [epoch 11/80] train_total=0.008199 val_total=0.016799 best=0.014635 improved=no epoch_time=0.2s total_time=2.7s
[stage experimental] [epoch 12/80] train_total=0.007949 val_total=0.015678 best=0.014635 improved=no epoch_time=0.2s total_time=2.9s
[stage experimental] [epoch 13/80] train_total=0.008181 val_total=0.021196 best=0.014635 improved=no epoch_time=0.2s total_time=3.2s
[stage experimental] [epoch 14/80] train_total=0.007674 val_total=0.017422 best=0.014635 improved=no epoch_time=0.2s total_time=3.4s
[stage experimental] [epoch 15/80] train_total=0.007905 val_total=0.016906 best=0.014635 improved=no epoch_time=0.3s total_time=3.7s
[stage experimental] [epoch 16/80] train_total=0.007230 val_total=0.017188 best=0.014635 improved=no epoch_time=0.2s total_time=3.9s
[stage experimental] [epoch 17/80] train_total=0.007223 val_total=0.016919 best=0.014635 improved=no epoch_time=0.2s total_time=4.2s
[stage experimental] [epoch 18/80] train_total=0.006624 val_total=0.017020 best=0.014635 improved=no epoch_time=0.2s total_time=4.4s
[stage experimental] [epoch 19/80] train_total=0.006803 val_total=0.016209 best=0.014635 improved=no epoch_time=0.2s total_time=4.7s
[stage experimental] [epoch 20/80] train_total=0.006441 val_total=0.020606 best=0.014635 improved=no epoch_time=0.2s total_time=4.9s
[stage experimental] [epoch 21/80] train_total=0.006743 val_total=0.014960 best=0.014635 improved=no epoch_time=0.3s total_time=5.2s
[stage experimental] early stopping at epoch 21; best_validation=0.014635
[seed 1] [stage 1/3: direct GE] starting 20 epoch(s)
[seed 1] [stage 1/3: direct GE] [epoch 1/20] train_total=0.038920 val_score=1.497065 best=1.497065 P_MAE=5.1452 kPa y_iso_MAE=0.096154 T_MAE=3.7045 K y_isob_MAE=0.057950 improved=yes epoch_time=3.8s total_time=7.4s
[seed 1] [stage 1/3: direct GE] [epoch 2/20] train_total=0.018552 val_score=1.328370 best=1.328370 P_MAE=4.9509 kPa y_iso_MAE=0.075852 T_MAE=3.4238 K y_isob_MAE=0.052895 improved=yes epoch_time=3.7s total_time=11.1s
[seed 1] [stage 1/3: direct GE] [epoch 3/20] train_total=0.012922 val_score=1.363764 best=1.328370 P_MAE=6.7678 kPa y_iso_MAE=0.063983 T_MAE=3.4320 K y_isob_MAE=0.053148 improved=no epoch_time=3.8s total_time=14.9s
[seed 1] [stage 1/3: direct GE] [epoch 4/20] train_total=0.010160 val_score=1.559785 best=1.328370 P_MAE=9.7408 kPa y_iso_MAE=0.071969 T_MAE=3.6487 K y_isob_MAE=0.050966 improved=no epoch_time=3.9s total_time=18.8s
[seed 1] [stage 1/3: direct GE] [epoch 5/20] train_total=0.009681 val_score=1.461449 best=1.328370 P_MAE=7.7311 kPa y_iso_MAE=0.069980 T_MAE=3.6340 K y_isob_MAE=0.052773 improved=no epoch_time=3.7s total_time=22.5s
[seed 1] [stage 1/3: direct GE] [epoch 6/20] train_total=0.009082 val_score=1.401096 best=1.328370 P_MAE=5.1262 kPa y_iso_MAE=0.066818 T_MAE=4.0295 K y_isob_MAE=0.058293 improved=no epoch_time=3.8s total_time=26.3s
[seed 1] [stage 1/3: direct GE] [epoch 7/20] train_total=0.008114 val_score=1.399750 best=1.328370 P_MAE=5.6299 kPa y_iso_MAE=0.069490 T_MAE=3.8062 K y_isob_MAE=0.056455 improved=no epoch_time=3.8s total_time=30.1s
[seed 1] [stage 1/3: direct GE] [epoch 8/20] train_total=0.008126 val_score=1.381012 best=1.328370 P_MAE=7.1565 kPa y_iso_MAE=0.071525 T_MAE=3.1714 K y_isob_MAE=0.052337 improved=no epoch_time=3.9s total_time=34.0s
[seed 1] [stage 1/3: direct GE] [epoch 9/20] train_total=0.007918 val_score=1.436600 best=1.328370 P_MAE=7.7172 kPa y_iso_MAE=0.070586 T_MAE=3.4064 K y_isob_MAE=0.052962 improved=no epoch_time=3.8s total_time=37.7s
[seed 1] [stage 1/3: direct GE] [epoch 10/20] train_total=0.007716 val_score=1.349181 best=1.328370 P_MAE=5.3621 kPa y_iso_MAE=0.073185 T_MAE=3.5456 K y_isob_MAE=0.052592 improved=no epoch_time=3.8s total_time=41.6s
[seed 1] [stage 1/3: direct GE] [epoch 11/20] train_total=0.007628 val_score=1.436502 best=1.328370 P_MAE=7.1114 kPa y_iso_MAE=0.071375 T_MAE=3.6911 K y_isob_MAE=0.051342 improved=no epoch_time=3.7s total_time=45.3s
[seed 1] [stage 1/3: direct GE] [epoch 12/20] train_total=0.007665 val_score=1.338929 best=1.328370 P_MAE=5.5424 kPa y_iso_MAE=0.072722 T_MAE=3.3623 K y_isob_MAE=0.053580 improved=no epoch_time=3.9s total_time=49.2s
[seed 1] [stage 1/3: direct GE] [epoch 13/20] train_total=0.007389 val_score=1.373313 best=1.328370 P_MAE=5.4707 kPa y_iso_MAE=0.069765 T_MAE=3.7159 K y_isob_MAE=0.054948 improved=no epoch_time=3.8s total_time=53.0s
[seed 1] [stage 1/3: direct GE] [epoch 14/20] train_total=0.007178 val_score=1.340259 best=1.328370 P_MAE=5.8785 kPa y_iso_MAE=0.069905 T_MAE=3.3205 K y_isob_MAE=0.054147 improved=no epoch_time=3.8s total_time=56.8s
[seed 1] [stage 1/3: direct GE] [epoch 15/20] train_total=0.007062 val_score=1.353973 best=1.328370 P_MAE=4.8684 kPa y_iso_MAE=0.069453 T_MAE=3.7114 K y_isob_MAE=0.056997 improved=no epoch_time=3.9s total_time=60.7s
[seed 1] [stage 1/3: direct GE] [epoch 16/20] train_total=0.007177 val_score=1.324719 best=1.324719 P_MAE=5.0020 kPa y_iso_MAE=0.071021 T_MAE=3.5533 K y_isob_MAE=0.052974 improved=yes epoch_time=3.7s total_time=64.4s
[seed 1] [stage 1/3: direct GE] [epoch 17/20] train_total=0.007131 val_score=1.453452 best=1.324719 P_MAE=7.9504 kPa y_iso_MAE=0.074215 T_MAE=3.4013 K y_isob_MAE=0.051112 improved=no epoch_time=3.9s total_time=68.3s
[seed 1] [stage 1/3: direct GE] [epoch 18/20] train_total=0.006965 val_score=1.370595 best=1.324719 P_MAE=5.5515 kPa y_iso_MAE=0.072403 T_MAE=3.7280 K y_isob_MAE=0.051451 improved=no epoch_time=3.8s total_time=72.1s
[seed 1] [stage 1/3: direct GE] [epoch 19/20] train_total=0.007564 val_score=1.437778 best=1.324719 P_MAE=7.8566 kPa y_iso_MAE=0.078702 T_MAE=3.1802 K y_isob_MAE=0.050296 improved=no epoch_time=3.7s total_time=75.8s
[seed 1] [stage 1/3: direct GE] [epoch 20/20] train_total=0.007137 val_score=1.344696 best=1.324719 P_MAE=4.9684 kPa y_iso_MAE=0.074949 T_MAE=3.5975 K y_isob_MAE=0.052594 improved=no epoch_time=3.8s total_time=79.6s
[seed 1] [stage 2/3: joint VLE] starting 80 epoch(s)
[seed 1] [stage 2/3: joint VLE] [epoch 1/80] train_total=0.077462 val_score=1.695346 best=1.695346 P_MAE=6.9384 kPa y_iso_MAE=0.072801 T_MAE=5.1725 K y_isob_MAE=0.064590 improved=yes epoch_time=4.0s total_time=83.7s
[seed 1] [stage 2/3: joint VLE] [epoch 2/80] train_total=0.029389 val_score=1.164871 best=1.164871 P_MAE=5.1217 kPa y_iso_MAE=0.054337 T_MAE=3.0650 K y_isob_MAE=0.048308 improved=yes epoch_time=3.8s total_time=87.5s
[seed 1] [stage 2/3: joint VLE] [epoch 3/80] train_total=0.022145 val_score=1.231782 best=1.164871 P_MAE=6.1482 kPa y_iso_MAE=0.048479 T_MAE=3.2932 K y_isob_MAE=0.051070 improved=no epoch_time=4.0s total_time=91.5s
[seed 1] [stage 2/3: joint VLE] [epoch 4/80] train_total=0.018225 val_score=1.242866 best=1.164871 P_MAE=6.0541 kPa y_iso_MAE=0.053554 T_MAE=3.2877 K y_isob_MAE=0.049807 improved=no epoch_time=3.8s total_time=95.4s
[seed 1] [stage 2/3: joint VLE] [epoch 5/80] train_total=0.016527 val_score=1.245255 best=1.164871 P_MAE=5.3021 kPa y_iso_MAE=0.046086 T_MAE=3.7027 K y_isob_MAE=0.053673 improved=no epoch_time=3.8s total_time=99.2s
[seed 1] [stage 2/3: joint VLE] [epoch 6/80] train_total=0.015192 val_score=1.208802 best=1.164871 P_MAE=5.1502 kPa y_iso_MAE=0.051328 T_MAE=3.3690 K y_isob_MAE=0.051564 improved=no epoch_time=4.0s total_time=103.2s
[seed 1] [stage 2/3: joint VLE] [epoch 7/80] train_total=0.014809 val_score=1.243876 best=1.164871 P_MAE=5.2143 kPa y_iso_MAE=0.052013 T_MAE=3.4792 K y_isob_MAE=0.054149 improved=no epoch_time=4.0s total_time=107.2s
[seed 1] [stage 2/3: joint VLE] [epoch 8/80] train_total=0.014270 val_score=1.191533 best=1.164871 P_MAE=5.0382 kPa y_iso_MAE=0.057587 T_MAE=3.0908 K y_isob_MAE=0.050416 improved=no epoch_time=4.0s total_time=111.2s
[seed 1] [stage 2/3: joint VLE] [epoch 9/80] train_total=0.014940 val_score=1.191609 best=1.164871 P_MAE=5.5866 kPa y_iso_MAE=0.046868 T_MAE=3.1560 K y_isob_MAE=0.053060 improved=no epoch_time=4.0s total_time=115.2s
[seed 1] [stage 2/3: joint VLE] [epoch 10/80] train_total=0.014671 val_score=1.198041 best=1.164871 P_MAE=4.9620 kPa y_iso_MAE=0.054600 T_MAE=3.4496 K y_isob_MAE=0.046974 improved=no epoch_time=3.9s total_time=119.1s
[seed 1] [stage 2/3: joint VLE] [epoch 11/80] train_total=0.014951 val_score=1.251626 best=1.164871 P_MAE=4.8978 kPa y_iso_MAE=0.053467 T_MAE=3.5094 K y_isob_MAE=0.056305 improved=no epoch_time=3.9s total_time=122.9s
[seed 1] [stage 2/3: joint VLE] [epoch 12/80] train_total=0.014653 val_score=1.190437 best=1.164871 P_MAE=4.8774 kPa y_iso_MAE=0.050711 T_MAE=3.3683 K y_isob_MAE=0.051202 improved=no epoch_time=3.9s total_time=126.8s
[seed 1] [stage 2/3: joint VLE] [epoch 13/80] train_total=0.014637 val_score=1.228786 best=1.164871 P_MAE=4.9709 kPa y_iso_MAE=0.049771 T_MAE=3.4579 K y_isob_MAE=0.055836 improved=no epoch_time=4.0s total_time=130.8s
[seed 1] [stage 2/3: joint VLE] [epoch 14/80] train_total=0.013732 val_score=1.229191 best=1.164871 P_MAE=4.8892 kPa y_iso_MAE=0.055144 T_MAE=3.3761 K y_isob_MAE=0.054018 improved=no epoch_time=4.0s total_time=134.8s
{"direct_ge_parameter_summary": {"stage1_trainable_parameters": 1977601, "stage2_trainable_parameters": 2015043, "stage3": {"groups": [{"learning_rate": 2e-05, "name": "pair_potential", "parameter_count": 110977, "parameter_names": ["pair_potential.0.weight", "pair_potential.0.bias", "pair_potential.2.weight", "pair_potential.2.bias"]}, {"learning_rate": 1e-05, "name": "vapor_pressure", "parameter_count": 37442, "parameter_names": ["vapor_pressure.parameter_head.0.weight", "vapor_pressure.parameter_head.0.bias", "vapor_pressure.parameter_head.2.weight", "vapor_pressure.parameter_head.2.bias"]}, {"learning_rate": 5e-06, "name": "film", "parameter_count": 111744, "parameter_names": ["film.0.weight", "film.0.bias", "film.2.weight", "film.2.bias"]}, {"learning_rate": 5e-06, "name": "mixture_token", "parameter_count": 192, "parameter_names": ["mixture_token"]}], "total_parameters": 2015043, "trainable_fraction": 0.1292056794817778, "trainable_parameters": 260355}, "total_parameters": 2015043, "trainable_fraction": 0.1292056794817778, "trainable_parameters": 260355}}
[seed 1] [stage 3/3: fugacity] starting 10 epoch(s)
[seed 1] [stage 3/3: fugacity] [epoch 1/10] train_total=0.019696 val_score=1.119457 best=1.119457 P_MAE=5.2705 kPa y_iso_MAE=0.050195 T_MAE=2.8403 K y_isob_MAE=0.047364 improved=yes epoch_time=3.8s total_time=138.6s
[seed 1] [stage 3/3: fugacity] [epoch 2/10] train_total=0.018885 val_score=1.135334 best=1.119457 P_MAE=5.3718 kPa y_iso_MAE=0.047943 T_MAE=2.9680 K y_isob_MAE=0.048339 improved=no epoch_time=3.9s total_time=142.5s
[seed 1] [stage 3/3: fugacity] [epoch 3/10] train_total=0.018231 val_score=1.140301 best=1.119457 P_MAE=5.4364 kPa y_iso_MAE=0.047411 T_MAE=2.9709 K y_isob_MAE=0.049015 improved=no epoch_time=3.9s total_time=146.4s
[seed 1] [stage 3/3: fugacity] [epoch 4/10] train_total=0.018013 val_score=1.155204 best=1.119457 P_MAE=5.4433 kPa y_iso_MAE=0.047735 T_MAE=3.0543 K y_isob_MAE=0.049485 improved=no epoch_time=3.9s total_time=150.3s
[seed 1] [stage 3/3: fugacity] [epoch 5/10] train_total=0.017717 val_score=1.151861 best=1.119457 P_MAE=5.4027 kPa y_iso_MAE=0.047128 T_MAE=3.0656 K y_isob_MAE=0.049497 improved=no epoch_time=4.0s total_time=154.3s
[seed 1] [stage 3/3: fugacity] [epoch 6/10] train_total=0.017317 val_score=1.164933 best=1.119457 P_MAE=5.4306 kPa y_iso_MAE=0.047774 T_MAE=3.1262 K y_isob_MAE=0.049703 improved=no epoch_time=3.9s total_time=158.1s
[seed 1] [stage 3/3: fugacity] [epoch 7/10] train_total=0.017075 val_score=1.177252 best=1.119457 P_MAE=5.5092 kPa y_iso_MAE=0.047928 T_MAE=3.1631 K y_isob_MAE=0.050253 improved=no epoch_time=4.0s total_time=162.1s
[seed 1] [stage 3/3: fugacity] [epoch 8/10] train_total=0.016926 val_score=1.170784 best=1.119457 P_MAE=5.4715 kPa y_iso_MAE=0.048241 T_MAE=3.1562 K y_isob_MAE=0.049357 improved=no epoch_time=3.9s total_time=166.0s
[seed 1] [stage 3/3: fugacity] [epoch 9/10] train_total=0.016818 val_score=1.175912 best=1.119457 P_MAE=5.5135 kPa y_iso_MAE=0.048310 T_MAE=3.1513 K y_isob_MAE=0.049932 improved=no epoch_time=3.9s total_time=170.0s
[seed 1] [stage 3/3: fugacity] [epoch 10/10] train_total=0.016591 val_score=1.182029 best=1.119457 P_MAE=5.5319 kPa y_iso_MAE=0.048186 T_MAE=3.1679 K y_isob_MAE=0.050572 improved=no epoch_time=4.0s total_time=174.0s
{"protocol": "vle_overall_ternary", "seed": 1, "manifest": "D:\\VLE\\VLE\\thermoformer_project\\runs\\phase_equilibrium\\v1\\vle\\three\\results\\thermoformer_vle_three_stage.on.vle_overall_ternary\\seed_1\\manifest.json"}
[stage experimental] starting 80 epoch(s)
[stage experimental] [epoch 1/80] train_total=0.271659 val_total=0.229399 best=0.229399 improved=yes epoch_time=0.3s total_time=0.3s
[stage experimental] [epoch 2/80] train_total=0.093140 val_total=0.165270 best=0.165270 improved=yes epoch_time=0.3s total_time=0.5s
[stage experimental] [epoch 3/80] train_total=0.038900 val_total=0.129342 best=0.129342 improved=yes epoch_time=0.2s total_time=0.7s
[stage experimental] [epoch 4/80] train_total=0.026051 val_total=0.083226 best=0.083226 improved=yes epoch_time=0.2s total_time=1.0s
[stage experimental] [epoch 5/80] train_total=0.018310 val_total=0.112149 best=0.083226 improved=no epoch_time=0.3s total_time=1.3s
[stage experimental] [epoch 6/80] train_total=0.013329 val_total=0.099741 best=0.083226 improved=no epoch_time=0.2s total_time=1.5s
[stage experimental] [epoch 7/80] train_total=0.011150 val_total=0.089912 best=0.083226 improved=no epoch_time=0.2s total_time=1.8s
[stage experimental] [epoch 8/80] train_total=0.009335 val_total=0.091556 best=0.083226 improved=no epoch_time=0.3s total_time=2.0s
[stage experimental] [epoch 9/80] train_total=0.008525 val_total=0.085921 best=0.083226 improved=no epoch_time=0.3s total_time=2.3s
[stage experimental] [epoch 10/80] train_total=0.008046 val_total=0.082462 best=0.082462 improved=yes epoch_time=0.3s total_time=2.5s
[stage experimental] [epoch 11/80] train_total=0.007978 val_total=0.082127 best=0.082127 improved=yes epoch_time=0.3s total_time=2.8s
[stage experimental] [epoch 12/80] train_total=0.007640 val_total=0.081067 best=0.081067 improved=yes epoch_time=0.3s total_time=3.1s
[stage experimental] [epoch 13/80] train_total=0.007222 val_total=0.072009 best=0.072009 improved=yes epoch_time=0.2s total_time=3.3s
[stage experimental] [epoch 14/80] train_total=0.007303 val_total=0.072395 best=0.072009 improved=no epoch_time=0.3s total_time=3.6s
[stage experimental] [epoch 15/80] train_total=0.006633 val_total=0.073263 best=0.072009 improved=no epoch_time=0.3s total_time=3.8s
[stage experimental] [epoch 16/80] train_total=0.006158 val_total=0.071422 best=0.071422 improved=yes epoch_time=0.3s total_time=4.1s
[stage experimental] [epoch 17/80] train_total=0.006146 val_total=0.076663 best=0.071422 improved=no epoch_time=0.3s total_time=4.4s
[stage experimental] [epoch 18/80] train_total=0.005988 val_total=0.067039 best=0.067039 improved=yes epoch_time=0.3s total_time=4.6s
[stage experimental] [epoch 19/80] train_total=0.006000 val_total=0.084303 best=0.067039 improved=no epoch_time=0.2s total_time=4.9s
[stage experimental] [epoch 20/80] train_total=0.005934 val_total=0.072317 best=0.067039 improved=no epoch_time=0.2s total_time=5.1s
[stage experimental] [epoch 21/80] train_total=0.005718 val_total=0.073999 best=0.067039 improved=no epoch_time=0.3s total_time=5.4s
[stage experimental] [epoch 22/80] train_total=0.005620 val_total=0.082939 best=0.067039 improved=no epoch_time=0.2s total_time=5.6s
[stage experimental] [epoch 23/80] train_total=0.006007 val_total=0.088032 best=0.067039 improved=no epoch_time=0.3s total_time=5.9s
[stage experimental] [epoch 24/80] train_total=0.006369 val_total=0.077288 best=0.067039 improved=no epoch_time=0.2s total_time=6.2s
[stage experimental] [epoch 25/80] train_total=0.005858 val_total=0.074389 best=0.067039 improved=no epoch_time=0.3s total_time=6.4s
[stage experimental] [epoch 26/80] train_total=0.005525 val_total=0.065648 best=0.065648 improved=yes epoch_time=0.2s total_time=6.7s
[stage experimental] [epoch 27/80] train_total=0.005708 val_total=0.073440 best=0.065648 improved=no epoch_time=0.2s total_time=6.9s
[stage experimental] [epoch 28/80] train_total=0.005869 val_total=0.071019 best=0.065648 improved=no epoch_time=0.3s total_time=7.2s
[stage experimental] [epoch 29/80] train_total=0.005534 val_total=0.071592 best=0.065648 improved=no epoch_time=0.3s total_time=7.5s
[stage experimental] [epoch 30/80] train_total=0.005167 val_total=0.076567 best=0.065648 improved=no epoch_time=0.3s total_time=7.7s
[stage experimental] [epoch 31/80] train_total=0.005227 val_total=0.068521 best=0.065648 improved=no epoch_time=0.2s total_time=8.0s
[stage experimental] [epoch 32/80] train_total=0.005145 val_total=0.079907 best=0.065648 improved=no epoch_time=0.2s total_time=8.2s
[stage experimental] [epoch 33/80] train_total=0.005637 val_total=0.080475 best=0.065648 improved=no epoch_time=0.2s total_time=8.4s
[stage experimental] [epoch 34/80] train_total=0.005029 val_total=0.077366 best=0.065648 improved=no epoch_time=0.3s total_time=8.7s
[stage experimental] [epoch 35/80] train_total=0.005043 val_total=0.070158 best=0.065648 improved=no epoch_time=0.3s total_time=8.9s
[stage experimental] [epoch 36/80] train_total=0.005350 val_total=0.081864 best=0.065648 improved=no epoch_time=0.3s total_time=9.2s
[stage experimental] [epoch 37/80] train_total=0.004790 val_total=0.075456 best=0.065648 improved=no epoch_time=0.3s total_time=9.5s
[stage experimental] [epoch 38/80] train_total=0.005041 val_total=0.072126 best=0.065648 improved=no epoch_time=0.2s total_time=9.7s
[stage experimental] early stopping at epoch 38; best_validation=0.065648
[seed 2] [stage 1/3: direct GE] starting 20 epoch(s)
[seed 2] [stage 1/3: direct GE] [epoch 1/20] train_total=0.029244 val_score=1.037113 best=1.037113 P_MAE=11.1883 kPa y_iso_MAE=0.077643 T_MAE=6.5919 K y_isob_MAE=0.085332 improved=yes epoch_time=4.0s total_time=7.7s
[seed 2] [stage 1/3: direct GE] [epoch 2/20] train_total=0.012268 val_score=1.050550 best=1.037113 P_MAE=10.9271 kPa y_iso_MAE=0.069787 T_MAE=7.1126 K y_isob_MAE=0.092969 improved=no epoch_time=3.8s total_time=11.5s
[seed 2] [stage 1/3: direct GE] [epoch 3/20] train_total=0.009479 val_score=1.005594 best=1.005594 P_MAE=10.3787 kPa y_iso_MAE=0.078817 T_MAE=5.8715 K y_isob_MAE=0.090427 improved=yes epoch_time=3.9s total_time=15.4s
[seed 2] [stage 1/3: direct GE] [epoch 4/20] train_total=0.007566 val_score=1.013076 best=1.005594 P_MAE=8.4280 kPa y_iso_MAE=0.078322 T_MAE=6.7499 K y_isob_MAE=0.095376 improved=no epoch_time=3.9s total_time=19.3s
[seed 2] [stage 1/3: direct GE] [epoch 5/20] train_total=0.007098 val_score=0.909767 best=0.909767 P_MAE=5.9046 kPa y_iso_MAE=0.074160 T_MAE=6.2933 K y_isob_MAE=0.090797 improved=yes epoch_time=4.0s total_time=23.3s
[seed 2] [stage 1/3: direct GE] [epoch 6/20] train_total=0.006661 val_score=0.914407 best=0.909767 P_MAE=6.0130 kPa y_iso_MAE=0.074997 T_MAE=6.1702 K y_isob_MAE=0.092516 improved=no epoch_time=3.9s total_time=27.2s
[seed 2] [stage 1/3: direct GE] [epoch 7/20] train_total=0.006367 val_score=0.935348 best=0.909767 P_MAE=6.5052 kPa y_iso_MAE=0.073208 T_MAE=6.4834 K y_isob_MAE=0.093184 improved=no epoch_time=4.0s total_time=31.2s
[seed 2] [stage 1/3: direct GE] [epoch 8/20] train_total=0.006503 val_score=0.890016 best=0.890016 P_MAE=5.1056 kPa y_iso_MAE=0.072900 T_MAE=6.2258 K y_isob_MAE=0.092627 improved=yes epoch_time=3.9s total_time=35.0s
[seed 2] [stage 1/3: direct GE] [epoch 9/20] train_total=0.006076 val_score=0.885123 best=0.885123 P_MAE=5.2613 kPa y_iso_MAE=0.073757 T_MAE=5.9630 K y_isob_MAE=0.092770 improved=yes epoch_time=3.9s total_time=39.0s
[seed 2] [stage 1/3: direct GE] [epoch 10/20] train_total=0.005995 val_score=0.891158 best=0.885123 P_MAE=5.2218 kPa y_iso_MAE=0.072865 T_MAE=6.2245 K y_isob_MAE=0.092175 improved=no epoch_time=3.9s total_time=42.9s
[seed 2] [stage 1/3: direct GE] [epoch 11/20] train_total=0.005763 val_score=0.886333 best=0.885123 P_MAE=4.9694 kPa y_iso_MAE=0.073102 T_MAE=6.1794 K y_isob_MAE=0.092892 improved=no epoch_time=3.9s total_time=46.8s
[seed 2] [stage 1/3: direct GE] [epoch 12/20] train_total=0.005955 val_score=0.919671 best=0.885123 P_MAE=6.3149 kPa y_iso_MAE=0.073027 T_MAE=6.3055 K y_isob_MAE=0.092139 improved=no epoch_time=3.9s total_time=50.7s
[seed 2] [stage 1/3: direct GE] [epoch 13/20] train_total=0.006252 val_score=0.888046 best=0.885123 P_MAE=4.7377 kPa y_iso_MAE=0.075244 T_MAE=6.1957 K y_isob_MAE=0.092629 improved=no epoch_time=3.9s total_time=54.6s
[seed 2] [stage 1/3: direct GE] [epoch 14/20] train_total=0.005727 val_score=0.887589 best=0.885123 P_MAE=4.4488 kPa y_iso_MAE=0.073826 T_MAE=6.3191 K y_isob_MAE=0.094444 improved=no epoch_time=3.9s total_time=58.6s
[seed 2] [stage 1/3: direct GE] [epoch 15/20] train_total=0.005930 val_score=0.901456 best=0.885123 P_MAE=6.0601 kPa y_iso_MAE=0.073066 T_MAE=6.0757 K y_isob_MAE=0.091264 improved=no epoch_time=3.8s total_time=62.4s
[seed 2] [stage 1/3: direct GE] [epoch 16/20] train_total=0.005891 val_score=0.915009 best=0.885123 P_MAE=6.6636 kPa y_iso_MAE=0.071202 T_MAE=6.1158 K y_isob_MAE=0.092765 improved=no epoch_time=3.8s total_time=66.2s
[seed 2] [stage 1/3: direct GE] [epoch 17/20] train_total=0.005840 val_score=0.863581 best=0.863581 P_MAE=3.6850 kPa y_iso_MAE=0.073291 T_MAE=6.3411 K y_isob_MAE=0.092308 improved=yes epoch_time=3.8s total_time=70.0s
[seed 2] [stage 1/3: direct GE] [epoch 18/20] train_total=0.005861 val_score=0.853602 best=0.853602 P_MAE=4.4223 kPa y_iso_MAE=0.073297 T_MAE=5.7563 K y_isob_MAE=0.092035 improved=yes epoch_time=3.8s total_time=73.8s
[seed 2] [stage 1/3: direct GE] [epoch 19/20] train_total=0.005585 val_score=0.958394 best=0.853602 P_MAE=7.0481 kPa y_iso_MAE=0.077447 T_MAE=6.4478 K y_isob_MAE=0.092725 improved=no epoch_time=3.8s total_time=77.6s
[seed 2] [stage 1/3: direct GE] [epoch 20/20] train_total=0.005472 val_score=0.911029 best=0.853602 P_MAE=6.3191 kPa y_iso_MAE=0.076913 T_MAE=5.8222 K y_isob_MAE=0.092122 improved=no epoch_time=3.7s total_time=81.3s
[seed 2] [stage 2/3: joint VLE] starting 80 epoch(s)
[seed 2] [stage 2/3: joint VLE] [epoch 1/80] train_total=0.035265 val_score=1.043045 best=1.043045 P_MAE=10.4554 kPa y_iso_MAE=0.069364 T_MAE=7.5724 K y_isob_MAE=0.087441 improved=yes epoch_time=4.0s total_time=85.3s
[seed 2] [stage 2/3: joint VLE] [epoch 2/80] train_total=0.022021 val_score=0.897929 best=0.897929 P_MAE=5.7152 kPa y_iso_MAE=0.063721 T_MAE=6.9128 K y_isob_MAE=0.090438 improved=yes epoch_time=4.1s total_time=89.4s
[seed 2] [stage 2/3: joint VLE] [epoch 3/80] train_total=0.018874 val_score=0.850212 best=0.850212 P_MAE=3.8897 kPa y_iso_MAE=0.070212 T_MAE=6.2837 K y_isob_MAE=0.090401 improved=yes epoch_time=4.0s total_time=93.4s
[seed 2] [stage 2/3: joint VLE] [epoch 4/80] train_total=0.015497 val_score=0.862813 best=0.850212 P_MAE=4.3358 kPa y_iso_MAE=0.071114 T_MAE=6.3190 K y_isob_MAE=0.089742 improved=no epoch_time=4.0s total_time=97.4s
[seed 2] [stage 2/3: joint VLE] [epoch 5/80] train_total=0.014822 val_score=0.902359 best=0.850212 P_MAE=5.3524 kPa y_iso_MAE=0.070828 T_MAE=6.5626 K y_isob_MAE=0.092169 improved=no epoch_time=4.1s total_time=101.5s
[seed 2] [stage 2/3: joint VLE] [epoch 6/80] train_total=0.014183 val_score=0.851831 best=0.850212 P_MAE=4.3301 kPa y_iso_MAE=0.067377 T_MAE=6.3165 K y_isob_MAE=0.090223 improved=no epoch_time=4.0s total_time=105.4s
[seed 2] [stage 2/3: joint VLE] [epoch 7/80] train_total=0.013703 val_score=0.857891 best=0.850212 P_MAE=4.4744 kPa y_iso_MAE=0.065736 T_MAE=6.4542 K y_isob_MAE=0.090950 improved=no epoch_time=4.0s total_time=109.4s
[seed 2] [stage 2/3: joint VLE] [epoch 8/80] train_total=0.013346 val_score=0.897619 best=0.850212 P_MAE=5.4036 kPa y_iso_MAE=0.066808 T_MAE=6.7119 K y_isob_MAE=0.092370 improved=no epoch_time=4.0s total_time=113.4s
[seed 2] [stage 2/3: joint VLE] [epoch 9/80] train_total=0.013547 val_score=0.850738 best=0.850212 P_MAE=4.3002 kPa y_iso_MAE=0.065679 T_MAE=6.4860 K y_isob_MAE=0.089390 improved=no epoch_time=4.1s total_time=117.5s
[seed 2] [stage 2/3: joint VLE] [epoch 10/80] train_total=0.012920 val_score=0.852304 best=0.850212 P_MAE=4.3264 kPa y_iso_MAE=0.065295 T_MAE=6.3565 K y_isob_MAE=0.092162 improved=no epoch_time=4.0s total_time=121.5s
[seed 2] [stage 2/3: joint VLE] [epoch 11/80] train_total=0.012548 val_score=0.849905 best=0.849905 P_MAE=4.6235 kPa y_iso_MAE=0.065174 T_MAE=6.3055 K y_isob_MAE=0.089914 improved=yes epoch_time=4.0s total_time=125.5s
[seed 2] [stage 2/3: joint VLE] [epoch 12/80] train_total=0.012584 val_score=0.858511 best=0.849905 P_MAE=4.4305 kPa y_iso_MAE=0.065171 T_MAE=6.5325 K y_isob_MAE=0.090946 improved=no epoch_time=4.0s total_time=129.4s
[seed 2] [stage 2/3: joint VLE] [epoch 13/80] train_total=0.012859 val_score=0.902428 best=0.849905 P_MAE=6.4221 kPa y_iso_MAE=0.067261 T_MAE=6.4359 K y_isob_MAE=0.089798 improved=no epoch_time=4.0s total_time=133.4s
[seed 2] [stage 2/3: joint VLE] [epoch 14/80] train_total=0.012526 val_score=0.882413 best=0.849905 P_MAE=5.3967 kPa y_iso_MAE=0.065263 T_MAE=6.5662 K y_isob_MAE=0.091101 improved=no epoch_time=3.9s total_time=137.4s
[seed 2] [stage 2/3: joint VLE] [epoch 15/80] train_total=0.012510 val_score=0.893997 best=0.849905 P_MAE=6.3409 kPa y_iso_MAE=0.066391 T_MAE=6.5401 K y_isob_MAE=0.086868 improved=no epoch_time=4.0s total_time=141.3s
[seed 2] [stage 2/3: joint VLE] [epoch 16/80] train_total=0.012742 val_score=0.894126 best=0.849905 P_MAE=6.2953 kPa y_iso_MAE=0.065240 T_MAE=6.3748 K y_isob_MAE=0.091123 improved=no epoch_time=4.0s total_time=145.3s
[seed 2] [stage 2/3: joint VLE] [epoch 17/80] train_total=0.012532 val_score=0.871307 best=0.849905 P_MAE=5.6864 kPa y_iso_MAE=0.063476 T_MAE=6.4356 K y_isob_MAE=0.088984 improved=no epoch_time=4.0s total_time=149.3s
[seed 2] [stage 2/3: joint VLE] [epoch 18/80] train_total=0.012378 val_score=0.867161 best=0.849905 P_MAE=5.2784 kPa y_iso_MAE=0.064951 T_MAE=6.3058 K y_isob_MAE=0.091060 improved=no epoch_time=4.0s total_time=153.2s
[seed 2] [stage 2/3: joint VLE] [epoch 19/80] train_total=0.012089 val_score=0.859683 best=0.849905 P_MAE=5.5702 kPa y_iso_MAE=0.064459 T_MAE=6.1618 K y_isob_MAE=0.088932 improved=no epoch_time=4.0s total_time=157.3s
[seed 2] [stage 2/3: joint VLE] [epoch 20/80] train_total=0.011924 val_score=0.854268 best=0.849905 P_MAE=5.3342 kPa y_iso_MAE=0.064930 T_MAE=6.0924 K y_isob_MAE=0.089425 improved=no epoch_time=3.9s total_time=161.2s
[seed 2] [stage 2/3: joint VLE] [epoch 21/80] train_total=0.012179 val_score=0.840888 best=0.840888 P_MAE=4.7819 kPa y_iso_MAE=0.060653 T_MAE=6.3639 K y_isob_MAE=0.089747 improved=yes epoch_time=4.1s total_time=165.2s
[seed 2] [stage 2/3: joint VLE] [epoch 22/80] train_total=0.012156 val_score=0.844178 best=0.840888 P_MAE=4.9611 kPa y_iso_MAE=0.063337 T_MAE=6.1958 K y_isob_MAE=0.089037 improved=no epoch_time=4.0s total_time=169.3s
[seed 2] [stage 2/3: joint VLE] [epoch 23/80] train_total=0.012428 val_score=0.926342 best=0.840888 P_MAE=7.0564 kPa y_iso_MAE=0.066456 T_MAE=6.5093 K y_isob_MAE=0.092967 improved=no epoch_time=4.0s total_time=173.2s
[seed 2] [stage 2/3: joint VLE] [epoch 24/80] train_total=0.012727 val_score=0.830495 best=0.830495 P_MAE=4.7479 kPa y_iso_MAE=0.061761 T_MAE=6.1530 K y_isob_MAE=0.088371 improved=yes epoch_time=4.0s total_time=177.2s
[seed 2] [stage 2/3: joint VLE] [epoch 25/80] train_total=0.012389 val_score=0.834028 best=0.830495 P_MAE=4.8442 kPa y_iso_MAE=0.062269 T_MAE=6.1234 K y_isob_MAE=0.088732 improved=no epoch_time=4.0s total_time=181.2s
[seed 2] [stage 2/3: joint VLE] [epoch 26/80] train_total=0.012296 val_score=0.858786 best=0.830495 P_MAE=4.9712 kPa y_iso_MAE=0.061679 T_MAE=6.4045 K y_isob_MAE=0.092731 improved=no epoch_time=3.9s total_time=185.2s
[seed 2] [stage 2/3: joint VLE] [epoch 27/80] train_total=0.011640 val_score=0.830669 best=0.830495 P_MAE=4.5913 kPa y_iso_MAE=0.059796 T_MAE=6.2373 K y_isob_MAE=0.090590 improved=no epoch_time=4.1s total_time=189.3s
[seed 2] [stage 2/3: joint VLE] [epoch 28/80] train_total=0.011636 val_score=0.845729 best=0.830495 P_MAE=5.0392 kPa y_iso_MAE=0.059617 T_MAE=6.2972 K y_isob_MAE=0.091622 improved=no epoch_time=3.9s total_time=193.2s
[seed 2] [stage 2/3: joint VLE] [epoch 29/80] train_total=0.012158 val_score=0.835704 best=0.830495 P_MAE=4.8196 kPa y_iso_MAE=0.060059 T_MAE=6.2407 K y_isob_MAE=0.090211 improved=no epoch_time=3.9s total_time=197.1s
[seed 2] [stage 2/3: joint VLE] [epoch 30/80] train_total=0.011867 val_score=0.861865 best=0.830495 P_MAE=5.4193 kPa y_iso_MAE=0.060483 T_MAE=6.2981 K y_isob_MAE=0.093288 improved=no epoch_time=3.9s total_time=201.0s
[seed 2] [stage 2/3: joint VLE] [epoch 31/80] train_total=0.012415 val_score=0.842496 best=0.830495 P_MAE=5.7453 kPa y_iso_MAE=0.059507 T_MAE=5.9725 K y_isob_MAE=0.090080 improved=no epoch_time=3.9s total_time=204.9s
[seed 2] [stage 2/3: joint VLE] [epoch 32/80] train_total=0.011911 val_score=0.833088 best=0.830495 P_MAE=4.8278 kPa y_iso_MAE=0.059627 T_MAE=6.2261 K y_isob_MAE=0.089945 improved=no epoch_time=3.9s total_time=208.8s
[seed 2] [stage 2/3: joint VLE] [epoch 33/80] train_total=0.011539 val_score=0.854774 best=0.830495 P_MAE=5.1243 kPa y_iso_MAE=0.057134 T_MAE=6.3428 K y_isob_MAE=0.096232 improved=no epoch_time=4.1s total_time=212.8s
[seed 2] [stage 2/3: joint VLE] [epoch 34/80] train_total=0.011102 val_score=0.824060 best=0.824060 P_MAE=4.5687 kPa y_iso_MAE=0.056319 T_MAE=6.3030 K y_isob_MAE=0.091387 improved=yes epoch_time=4.0s total_time=216.8s
[seed 2] [stage 2/3: joint VLE] [epoch 35/80] train_total=0.011352 val_score=0.829076 best=0.824060 P_MAE=4.7609 kPa y_iso_MAE=0.056390 T_MAE=6.3195 K y_isob_MAE=0.091300 improved=no epoch_time=3.9s total_time=220.7s
[seed 2] [stage 2/3: joint VLE] [epoch 36/80] train_total=0.011358 val_score=0.838615 best=0.824060 P_MAE=5.2062 kPa y_iso_MAE=0.055184 T_MAE=6.3494 K y_isob_MAE=0.092049 improved=no epoch_time=4.1s total_time=224.9s
[seed 2] [stage 2/3: joint VLE] [epoch 37/80] train_total=0.011347 val_score=0.861803 best=0.824060 P_MAE=5.9470 kPa y_iso_MAE=0.057190 T_MAE=6.3335 K y_isob_MAE=0.092316 improved=no epoch_time=4.0s total_time=228.9s
[seed 2] [stage 2/3: joint VLE] [epoch 38/80] train_total=0.010797 val_score=0.827696 best=0.824060 P_MAE=5.1271 kPa y_iso_MAE=0.053423 T_MAE=6.1586 K y_isob_MAE=0.093787 improved=no epoch_time=3.9s total_time=232.8s
[seed 2] [stage 2/3: joint VLE] [epoch 39/80] train_total=0.010977 val_score=0.848752 best=0.824060 P_MAE=5.5974 kPa y_iso_MAE=0.057382 T_MAE=6.2600 K y_isob_MAE=0.091411 improved=no epoch_time=4.1s total_time=236.8s
[seed 2] [stage 2/3: joint VLE] [epoch 40/80] train_total=0.010579 val_score=0.842357 best=0.824060 P_MAE=5.3967 kPa y_iso_MAE=0.056674 T_MAE=6.1950 K y_isob_MAE=0.092551 improved=no epoch_time=4.0s total_time=240.8s
[seed 2] [stage 2/3: joint VLE] [epoch 41/80] train_total=0.010783 val_score=0.842757 best=0.824060 P_MAE=5.4394 kPa y_iso_MAE=0.056349 T_MAE=6.1778 K y_isob_MAE=0.092990 improved=no epoch_time=3.9s total_time=244.8s
[seed 2] [stage 2/3: joint VLE] [epoch 42/80] train_total=0.010567 val_score=0.831256 best=0.824060 P_MAE=4.8119 kPa y_iso_MAE=0.054437 T_MAE=6.4380 K y_isob_MAE=0.092051 improved=no epoch_time=4.0s total_time=248.8s
[seed 2] [stage 2/3: joint VLE] [epoch 43/80] train_total=0.010969 val_score=0.868206 best=0.824060 P_MAE=6.8827 kPa y_iso_MAE=0.057817 T_MAE=6.0897 K y_isob_MAE=0.090260 improved=no epoch_time=4.0s total_time=252.8s
[seed 2] [stage 2/3: joint VLE] [epoch 44/80] train_total=0.010378 val_score=0.839336 best=0.824060 P_MAE=5.3179 kPa y_iso_MAE=0.052326 T_MAE=6.3089 K y_isob_MAE=0.095289 improved=no epoch_time=4.0s total_time=256.8s
[seed 2] [stage 2/3: joint VLE] [epoch 45/80] train_total=0.010517 val_score=0.841753 best=0.824060 P_MAE=5.5877 kPa y_iso_MAE=0.055733 T_MAE=6.2480 K y_isob_MAE=0.091092 improved=no epoch_time=4.1s total_time=260.8s
[seed 2] [stage 2/3: joint VLE] [epoch 46/80] train_total=0.010185 val_score=0.837030 best=0.824060 P_MAE=4.7672 kPa y_iso_MAE=0.056747 T_MAE=6.2866 K y_isob_MAE=0.094134 improved=no epoch_time=4.0s total_time=264.8s
{"direct_ge_parameter_summary": {"stage1_trainable_parameters": 1977601, "stage2_trainable_parameters": 2015043, "stage3": {"groups": [{"learning_rate": 2e-05, "name": "pair_potential", "parameter_count": 110977, "parameter_names": ["pair_potential.0.weight", "pair_potential.0.bias", "pair_potential.2.weight", "pair_potential.2.bias"]}, {"learning_rate": 1e-05, "name": "vapor_pressure", "parameter_count": 37442, "parameter_names": ["vapor_pressure.parameter_head.0.weight", "vapor_pressure.parameter_head.0.bias", "vapor_pressure.parameter_head.2.weight", "vapor_pressure.parameter_head.2.bias"]}, {"learning_rate": 5e-06, "name": "film", "parameter_count": 111744, "parameter_names": ["film.0.weight", "film.0.bias", "film.2.weight", "film.2.bias"]}, {"learning_rate": 5e-06, "name": "mixture_token", "parameter_count": 192, "parameter_names": ["mixture_token"]}], "total_parameters": 2015043, "trainable_fraction": 0.1292056794817778, "trainable_parameters": 260355}, "total_parameters": 2015043, "trainable_fraction": 0.1292056794817778, "trainable_parameters": 260355}}
[seed 2] [stage 3/3: fugacity] starting 10 epoch(s)
[seed 2] [stage 3/3: fugacity] [epoch 1/10] train_total=0.010357 val_score=0.828036 best=0.828036 P_MAE=4.3572 kPa y_iso_MAE=0.057927 T_MAE=6.3481 K y_isob_MAE=0.091919 improved=yes epoch_time=4.0s total_time=268.9s
[seed 2] [stage 3/3: fugacity] [epoch 2/10] train_total=0.010055 val_score=0.826228 best=0.826228 P_MAE=4.4008 kPa y_iso_MAE=0.057555 T_MAE=6.3350 K y_isob_MAE=0.091567 improved=yes epoch_time=3.9s total_time=272.8s
[seed 2] [stage 3/3: fugacity] [epoch 3/10] train_total=0.010035 val_score=0.822662 best=0.822662 P_MAE=4.4221 kPa y_iso_MAE=0.057096 T_MAE=6.2861 K y_isob_MAE=0.091427 improved=yes epoch_time=4.0s total_time=276.8s
[seed 2] [stage 3/3: fugacity] [epoch 4/10] train_total=0.009886 val_score=0.823567 best=0.822662 P_MAE=4.4763 kPa y_iso_MAE=0.056699 T_MAE=6.2896 K y_isob_MAE=0.091715 improved=no epoch_time=4.0s total_time=280.8s
[seed 2] [stage 3/3: fugacity] [epoch 5/10] train_total=0.009937 val_score=0.824637 best=0.822662 P_MAE=4.5255 kPa y_iso_MAE=0.056808 T_MAE=6.2751 K y_isob_MAE=0.091804 improved=no epoch_time=3.9s total_time=284.7s
[seed 2] [stage 3/3: fugacity] [epoch 6/10] train_total=0.009881 val_score=0.824914 best=0.822662 P_MAE=4.4775 kPa y_iso_MAE=0.056748 T_MAE=6.2954 K y_isob_MAE=0.092032 improved=no epoch_time=4.0s total_time=288.7s
[seed 2] [stage 3/3: fugacity] [epoch 7/10] train_total=0.009799 val_score=0.824464 best=0.822662 P_MAE=4.4313 kPa y_iso_MAE=0.056548 T_MAE=6.3124 K y_isob_MAE=0.092202 improved=no epoch_time=4.1s total_time=292.7s
[seed 2] [stage 3/3: fugacity] [epoch 8/10] train_total=0.009799 val_score=0.825125 best=0.822662 P_MAE=4.5596 kPa y_iso_MAE=0.056237 T_MAE=6.2950 K y_isob_MAE=0.092048 improved=no epoch_time=3.9s total_time=296.7s
[seed 2] [stage 3/3: fugacity] [epoch 9/10] train_total=0.009892 val_score=0.826334 best=0.822662 P_MAE=4.5242 kPa y_iso_MAE=0.056676 T_MAE=6.3034 K y_isob_MAE=0.092120 improved=no epoch_time=3.9s total_time=300.5s
[seed 2] [stage 3/3: fugacity] [epoch 10/10] train_total=0.009781 val_score=0.825266 best=0.822662 P_MAE=4.5357 kPa y_iso_MAE=0.056680 T_MAE=6.2790 K y_isob_MAE=0.092029 improved=no epoch_time=4.0s total_time=304.5s
{"protocol": "vle_overall_ternary", "seed": 2, "manifest": "D:\\VLE\\VLE\\thermoformer_project\\runs\\phase_equilibrium\\v1\\vle\\three\\results\\thermoformer_vle_three_stage.on.vle_overall_ternary\\seed_2\\manifest.json"}
[stage experimental] starting 80 epoch(s)
[stage experimental] [epoch 1/80] train_total=0.257751 val_total=0.067003 best=0.067003 improved=yes epoch_time=0.3s total_time=0.3s
[stage experimental] [epoch 2/80] train_total=0.104315 val_total=0.043968 best=0.043968 improved=yes epoch_time=0.3s total_time=0.5s
[stage experimental] [epoch 3/80] train_total=0.044878 val_total=0.057300 best=0.043968 improved=no epoch_time=0.3s total_time=0.8s
[stage experimental] [epoch 4/80] train_total=0.026646 val_total=0.062591 best=0.043968 improved=no epoch_time=0.3s total_time=1.1s
[stage experimental] [epoch 5/80] train_total=0.016916 val_total=0.070342 best=0.043968 improved=no epoch_time=0.3s total_time=1.3s
[stage experimental] [epoch 6/80] train_total=0.013644 val_total=0.071178 best=0.043968 improved=no epoch_time=0.3s total_time=1.6s
[stage experimental] [epoch 7/80] train_total=0.012591 val_total=0.062080 best=0.043968 improved=no epoch_time=0.3s total_time=1.8s
[stage experimental] [epoch 8/80] train_total=0.011781 val_total=0.059938 best=0.043968 improved=no epoch_time=0.2s total_time=2.1s
[stage experimental] [epoch 9/80] train_total=0.010189 val_total=0.060183 best=0.043968 improved=no epoch_time=0.3s total_time=2.3s
[stage experimental] [epoch 10/80] train_total=0.010394 val_total=0.058937 best=0.043968 improved=no epoch_time=0.3s total_time=2.6s
[stage experimental] [epoch 11/80] train_total=0.011054 val_total=0.058621 best=0.043968 improved=no epoch_time=0.3s total_time=2.8s
[stage experimental] [epoch 12/80] train_total=0.010533 val_total=0.062672 best=0.043968 improved=no epoch_time=0.3s total_time=3.1s
[stage experimental] [epoch 13/80] train_total=0.009278 val_total=0.056900 best=0.043968 improved=no epoch_time=0.2s total_time=3.3s
[stage experimental] [epoch 14/80] train_total=0.008924 val_total=0.058087 best=0.043968 improved=no epoch_time=0.3s total_time=3.6s
[stage experimental] early stopping at epoch 14; best_validation=0.043968
[seed 3] [stage 1/3: direct GE] starting 20 epoch(s)
[seed 3] [stage 1/3: direct GE] [epoch 1/20] train_total=0.086175 val_score=1.028946 best=1.028946 P_MAE=4.7199 kPa y_iso_MAE=0.043623 T_MAE=9.6028 K y_isob_MAE=0.138728 improved=yes epoch_time=4.1s total_time=7.8s
[seed 3] [stage 1/3: direct GE] [epoch 2/20] train_total=0.026416 val_score=1.200952 best=1.028946 P_MAE=8.1988 kPa y_iso_MAE=0.043894 T_MAE=11.2707 K y_isob_MAE=0.145264 improved=no epoch_time=3.9s total_time=11.7s
[seed 3] [stage 1/3: direct GE] [epoch 3/20] train_total=0.016641 val_score=1.103949 best=1.028946 P_MAE=6.8245 kPa y_iso_MAE=0.040667 T_MAE=10.2039 K y_isob_MAE=0.143904 improved=no epoch_time=3.9s total_time=15.6s
[seed 3] [stage 1/3: direct GE] [epoch 4/20] train_total=0.012630 val_score=0.984384 best=0.984384 P_MAE=3.9356 kPa y_iso_MAE=0.034963 T_MAE=10.1242 K y_isob_MAE=0.147185 improved=yes epoch_time=3.9s total_time=19.6s
[seed 3] [stage 1/3: direct GE] [epoch 5/20] train_total=0.010429 val_score=0.999664 best=0.984384 P_MAE=4.1670 kPa y_iso_MAE=0.035143 T_MAE=9.9590 K y_isob_MAE=0.152252 improved=no epoch_time=3.8s total_time=23.4s
[seed 3] [stage 1/3: direct GE] [epoch 6/20] train_total=0.009380 val_score=1.040986 best=0.984384 P_MAE=4.4064 kPa y_iso_MAE=0.037917 T_MAE=10.1941 K y_isob_MAE=0.156247 improved=no epoch_time=3.8s total_time=27.2s
[seed 3] [stage 1/3: direct GE] [epoch 7/20] train_total=0.008539 val_score=1.072547 best=0.984384 P_MAE=5.1785 kPa y_iso_MAE=0.038006 T_MAE=10.1930 K y_isob_MAE=0.159413 improved=no epoch_time=3.8s total_time=31.1s
[seed 3] [stage 1/3: direct GE] [epoch 8/20] train_total=0.008417 val_score=1.091996 best=0.984384 P_MAE=4.5923 kPa y_iso_MAE=0.038817 T_MAE=10.7980 K y_isob_MAE=0.165621 improved=no epoch_time=3.9s total_time=34.9s
[seed 3] [stage 1/3: direct GE] [epoch 9/20] train_total=0.007884 val_score=1.121741 best=0.984384 P_MAE=4.8953 kPa y_iso_MAE=0.039797 T_MAE=10.9812 K y_isob_MAE=0.169402 improved=no epoch_time=3.9s total_time=38.8s
[seed 3] [stage 1/3: direct GE] [epoch 10/20] train_total=0.007808 val_score=1.140094 best=0.984384 P_MAE=5.7708 kPa y_iso_MAE=0.041900 T_MAE=10.3995 K y_isob_MAE=0.167284 improved=no epoch_time=3.9s total_time=42.7s
[seed 3] [stage 1/3: direct GE] [epoch 11/20] train_total=0.007897 val_score=1.152105 best=0.984384 P_MAE=5.1316 kPa y_iso_MAE=0.040481 T_MAE=11.3488 K y_isob_MAE=0.172834 improved=no epoch_time=3.8s total_time=46.5s
[seed 3] [stage 1/3: direct GE] [epoch 12/20] train_total=0.007708 val_score=1.140547 best=0.984384 P_MAE=4.8366 kPa y_iso_MAE=0.040487 T_MAE=11.1888 K y_isob_MAE=0.173725 improved=no epoch_time=3.9s total_time=50.4s
[seed 3] [stage 1/3: direct GE] [epoch 13/20] train_total=0.007922 val_score=1.213433 best=0.984384 P_MAE=6.4660 kPa y_iso_MAE=0.047015 T_MAE=10.6864 K y_isob_MAE=0.171937 improved=no epoch_time=3.8s total_time=54.2s
[seed 3] [stage 1/3: direct GE] [epoch 14/20] train_total=0.008180 val_score=1.143978 best=0.984384 P_MAE=5.3281 kPa y_iso_MAE=0.040979 T_MAE=10.8880 K y_isob_MAE=0.171168 improved=no epoch_time=3.9s total_time=58.1s
[seed 3] [stage 1/3: direct GE] [epoch 15/20] train_total=0.007765 val_score=1.167514 best=0.984384 P_MAE=5.1703 kPa y_iso_MAE=0.041355 T_MAE=11.3783 K y_isob_MAE=0.176147 improved=no epoch_time=3.8s total_time=61.9s
[seed 3] [stage 1/3: direct GE] [epoch 16/20] train_total=0.007670 val_score=1.165969 best=0.984384 P_MAE=6.0354 kPa y_iso_MAE=0.043520 T_MAE=10.3978 K y_isob_MAE=0.170461 improved=no epoch_time=3.8s total_time=65.7s
[seed 3] [stage 1/3: direct GE] [epoch 17/20] train_total=0.007544 val_score=1.174849 best=0.984384 P_MAE=5.8085 kPa y_iso_MAE=0.044138 T_MAE=10.6588 K y_isob_MAE=0.172273 improved=no epoch_time=4.0s total_time=69.6s
[seed 3] [stage 1/3: direct GE] [epoch 18/20] train_total=0.007383 val_score=1.176961 best=0.984384 P_MAE=5.8650 kPa y_iso_MAE=0.043527 T_MAE=10.7449 K y_isob_MAE=0.173041 improved=no epoch_time=3.8s total_time=73.5s
[seed 3] [stage 1/3: direct GE] [epoch 19/20] train_total=0.007063 val_score=1.156344 best=0.984384 P_MAE=5.1617 kPa y_iso_MAE=0.039951 T_MAE=11.3645 K y_isob_MAE=0.175511 improved=no epoch_time=3.8s total_time=77.2s
[seed 3] [stage 1/3: direct GE] [epoch 20/20] train_total=0.006897 val_score=1.163622 best=0.984384 P_MAE=5.0748 kPa y_iso_MAE=0.042898 T_MAE=11.0910 K y_isob_MAE=0.175080 improved=no epoch_time=3.7s total_time=80.9s
[seed 3] [stage 2/3: joint VLE] starting 80 epoch(s)
[seed 3] [stage 2/3: joint VLE] [epoch 1/80] train_total=0.113668 val_score=0.959173 best=0.959173 P_MAE=7.0318 kPa y_iso_MAE=0.027012 T_MAE=12.8288 K y_isob_MAE=0.084117 improved=yes epoch_time=3.9s total_time=84.9s
[seed 3] [stage 2/3: joint VLE] [epoch 2/80] train_total=0.045953 val_score=0.712272 best=0.712272 P_MAE=3.5808 kPa y_iso_MAE=0.025248 T_MAE=8.3244 K y_isob_MAE=0.084633 improved=yes epoch_time=4.0s total_time=88.9s
[seed 3] [stage 2/3: joint VLE] [epoch 3/80] train_total=0.033039 val_score=0.832273 best=0.712272 P_MAE=6.2373 kPa y_iso_MAE=0.030649 T_MAE=8.2419 K y_isob_MAE=0.087420 improved=no epoch_time=4.1s total_time=92.9s
[seed 3] [stage 2/3: joint VLE] [epoch 4/80] train_total=0.025964 val_score=0.810513 best=0.712272 P_MAE=6.9173 kPa y_iso_MAE=0.027596 T_MAE=7.3909 K y_isob_MAE=0.088207 improved=no epoch_time=4.3s total_time=97.2s
[seed 3] [stage 2/3: joint VLE] [epoch 5/80] train_total=0.023284 val_score=0.832114 best=0.712272 P_MAE=6.6897 kPa y_iso_MAE=0.027144 T_MAE=7.6823 K y_isob_MAE=0.098016 improved=no epoch_time=3.8s total_time=101.0s
[seed 3] [stage 2/3: joint VLE] [epoch 6/80] train_total=0.021561 val_score=0.790249 best=0.712272 P_MAE=6.4339 kPa y_iso_MAE=0.025454 T_MAE=7.5467 K y_isob_MAE=0.089796 improved=no epoch_time=3.9s total_time=105.0s
[seed 3] [stage 2/3: joint VLE] [epoch 7/80] train_total=0.021465 val_score=0.865104 best=0.712272 P_MAE=7.5310 kPa y_iso_MAE=0.026141 T_MAE=8.2652 K y_isob_MAE=0.096613 improved=no epoch_time=4.0s total_time=109.0s
[seed 3] [stage 2/3: joint VLE] [epoch 8/80] train_total=0.020515 val_score=0.853927 best=0.712272 P_MAE=6.8322 kPa y_iso_MAE=0.025930 T_MAE=8.3072 K y_isob_MAE=0.101022 improved=no epoch_time=4.0s total_time=113.0s
[seed 3] [stage 2/3: joint VLE] [epoch 9/80] train_total=0.020268 val_score=0.858300 best=0.712272 P_MAE=6.9263 kPa y_iso_MAE=0.028129 T_MAE=8.2890 K y_isob_MAE=0.095860 improved=no epoch_time=3.9s total_time=116.9s
[seed 3] [stage 2/3: joint VLE] [epoch 10/80] train_total=0.018882 val_score=0.867221 best=0.712272 P_MAE=6.8940 kPa y_iso_MAE=0.026427 T_MAE=8.6034 K y_isob_MAE=0.100841 improved=no epoch_time=3.9s total_time=120.8s
[seed 3] [stage 2/3: joint VLE] [epoch 11/80] train_total=0.018164 val_score=0.910242 best=0.712272 P_MAE=7.5681 kPa y_iso_MAE=0.026884 T_MAE=8.7751 K y_isob_MAE=0.107025 improved=no epoch_time=3.9s total_time=124.7s
[seed 3] [stage 2/3: joint VLE] [epoch 12/80] train_total=0.017672 val_score=0.886272 best=0.712272 P_MAE=7.3538 kPa y_iso_MAE=0.027366 T_MAE=8.7935 K y_isob_MAE=0.098035 improved=no epoch_time=3.9s total_time=128.6s
[seed 3] [stage 2/3: joint VLE] [epoch 13/80] train_total=0.016784 val_score=0.901846 best=0.712272 P_MAE=7.9802 kPa y_iso_MAE=0.025942 T_MAE=8.8447 K y_isob_MAE=0.099773 improved=no epoch_time=3.9s total_time=132.4s
[seed 3] [stage 2/3: joint VLE] [epoch 14/80] train_total=0.016427 val_score=0.924888 best=0.712272 P_MAE=8.1885 kPa y_iso_MAE=0.027984 T_MAE=8.5858 K y_isob_MAE=0.104521 improved=no epoch_time=3.9s total_time=136.3s
{"direct_ge_parameter_summary": {"stage1_trainable_parameters": 1977601, "stage2_trainable_parameters": 2015043, "stage3": {"groups": [{"learning_rate": 2e-05, "name": "pair_potential", "parameter_count": 110977, "parameter_names": ["pair_potential.0.weight", "pair_potential.0.bias", "pair_potential.2.weight", "pair_potential.2.bias"]}, {"learning_rate": 1e-05, "name": "vapor_pressure", "parameter_count": 37442, "parameter_names": ["vapor_pressure.parameter_head.0.weight", "vapor_pressure.parameter_head.0.bias", "vapor_pressure.parameter_head.2.weight", "vapor_pressure.parameter_head.2.bias"]}, {"learning_rate": 5e-06, "name": "film", "parameter_count": 111744, "parameter_names": ["film.0.weight", "film.0.bias", "film.2.weight", "film.2.bias"]}, {"learning_rate": 5e-06, "name": "mixture_token", "parameter_count": 192, "parameter_names": ["mixture_token"]}], "total_parameters": 2015043, "trainable_fraction": 0.1292056794817778, "trainable_parameters": 260355}, "total_parameters": 2015043, "trainable_fraction": 0.1292056794817778, "trainable_parameters": 260355}}
[seed 3] [stage 3/3: fugacity] starting 10 epoch(s)
[seed 3] [stage 3/3: fugacity] [epoch 1/10] train_total=0.032478 val_score=0.791247 best=0.791247 P_MAE=4.9122 kPa y_iso_MAE=0.028495 T_MAE=8.8436 K y_isob_MAE=0.085614 improved=yes epoch_time=3.8s total_time=140.1s
[seed 3] [stage 3/3: fugacity] [epoch 2/10] train_total=0.029666 val_score=0.836479 best=0.791247 P_MAE=5.7204 kPa y_iso_MAE=0.029643 T_MAE=9.3278 K y_isob_MAE=0.085206 improved=no epoch_time=3.9s total_time=144.0s
[seed 3] [stage 3/3: fugacity] [epoch 3/10] train_total=0.028734 val_score=0.821355 best=0.791247 P_MAE=5.5324 kPa y_iso_MAE=0.028566 T_MAE=9.2859 K y_isob_MAE=0.084672 improved=no epoch_time=3.8s total_time=147.9s
[seed 3] [stage 3/3: fugacity] [epoch 4/10] train_total=0.028304 val_score=0.798701 best=0.791247 P_MAE=5.2256 kPa y_iso_MAE=0.027435 T_MAE=9.1001 K y_isob_MAE=0.084417 improved=no epoch_time=4.0s total_time=151.8s
[seed 3] [stage 3/3: fugacity] [epoch 5/10] train_total=0.027799 val_score=0.798280 best=0.791247 P_MAE=5.3055 kPa y_iso_MAE=0.027179 T_MAE=9.0590 K y_isob_MAE=0.084407 improved=no epoch_time=3.9s total_time=155.7s
[seed 3] [stage 3/3: fugacity] [epoch 6/10] train_total=0.027136 val_score=0.807987 best=0.791247 P_MAE=5.5473 kPa y_iso_MAE=0.027943 T_MAE=8.9627 K y_isob_MAE=0.084500 improved=no epoch_time=3.8s total_time=159.5s
[seed 3] [stage 3/3: fugacity] [epoch 7/10] train_total=0.026730 val_score=0.801470 best=0.791247 P_MAE=5.4601 kPa y_iso_MAE=0.027690 T_MAE=8.8994 K y_isob_MAE=0.084339 improved=no epoch_time=3.8s total_time=163.3s
[seed 3] [stage 3/3: fugacity] [epoch 8/10] train_total=0.026271 val_score=0.796035 best=0.791247 P_MAE=5.3684 kPa y_iso_MAE=0.026932 T_MAE=9.0071 K y_isob_MAE=0.083951 improved=no epoch_time=4.0s total_time=167.3s
[seed 3] [stage 3/3: fugacity] [epoch 9/10] train_total=0.025796 val_score=0.797016 best=0.791247 P_MAE=5.4259 kPa y_iso_MAE=0.027327 T_MAE=8.8826 K y_isob_MAE=0.084085 improved=no epoch_time=3.9s total_time=171.2s
[seed 3] [stage 3/3: fugacity] [epoch 10/10] train_total=0.025473 val_score=0.799880 best=0.791247 P_MAE=5.4756 kPa y_iso_MAE=0.026498 T_MAE=9.1763 K y_isob_MAE=0.083277 improved=no epoch_time=3.9s total_time=175.1s
{"protocol": "vle_overall_ternary", "seed": 3, "manifest": "D:\\VLE\\VLE\\thermoformer_project\\runs\\phase_equilibrium\\v1\\vle\\three\\results\\thermoformer_vle_three_stage.on.vle_overall_ternary\\seed_3\\manifest.json"}
[stage experimental] starting 80 epoch(s)
[stage experimental] [epoch 1/80] train_total=0.186110 val_total=0.059510 best=0.059510 improved=yes epoch_time=0.3s total_time=0.3s
[stage experimental] [epoch 2/80] train_total=0.058256 val_total=0.024282 best=0.024282 improved=yes epoch_time=0.3s total_time=0.6s
[stage experimental] [epoch 3/80] train_total=0.027433 val_total=0.020681 best=0.020681 improved=yes epoch_time=0.3s total_time=0.8s
[stage experimental] [epoch 4/80] train_total=0.016528 val_total=0.020955 best=0.020681 improved=no epoch_time=0.3s total_time=1.1s
[stage experimental] [epoch 5/80] train_total=0.012383 val_total=0.023666 best=0.020681 improved=no epoch_time=0.3s total_time=1.4s
[stage experimental] [epoch 6/80] train_total=0.010029 val_total=0.016665 best=0.016665 improved=yes epoch_time=0.3s total_time=1.6s
[stage experimental] [epoch 7/80] train_total=0.008199 val_total=0.014657 best=0.014657 improved=yes epoch_time=0.3s total_time=1.9s
[stage experimental] [epoch 8/80] train_total=0.006555 val_total=0.014830 best=0.014657 improved=no epoch_time=0.3s total_time=2.1s
[stage experimental] [epoch 9/80] train_total=0.005486 val_total=0.014791 best=0.014657 improved=no epoch_time=0.3s total_time=2.4s
[stage experimental] [epoch 10/80] train_total=0.005020 val_total=0.014989 best=0.014657 improved=no epoch_time=0.3s total_time=2.7s
[stage experimental] [epoch 11/80] train_total=0.004330 val_total=0.015028 best=0.014657 improved=no epoch_time=0.3s total_time=2.9s
[stage experimental] [epoch 12/80] train_total=0.004220 val_total=0.014807 best=0.014657 improved=no epoch_time=0.3s total_time=3.2s
[stage experimental] [epoch 13/80] train_total=0.004357 val_total=0.016570 best=0.014657 improved=no epoch_time=0.3s total_time=3.5s
[stage experimental] [epoch 14/80] train_total=0.004133 val_total=0.018736 best=0.014657 improved=no epoch_time=0.3s total_time=3.7s
[stage experimental] [epoch 15/80] train_total=0.004252 val_total=0.015477 best=0.014657 improved=no epoch_time=0.3s total_time=4.0s
[stage experimental] [epoch 16/80] train_total=0.003730 val_total=0.014570 best=0.014570 improved=yes epoch_time=0.3s total_time=4.2s
[stage experimental] [epoch 17/80] train_total=0.003311 val_total=0.015813 best=0.014570 improved=no epoch_time=0.3s total_time=4.5s
[stage experimental] [epoch 18/80] train_total=0.003217 val_total=0.014599 best=0.014570 improved=no epoch_time=0.3s total_time=4.8s
[stage experimental] [epoch 19/80] train_total=0.002731 val_total=0.015436 best=0.014570 improved=no epoch_time=0.3s total_time=5.1s
[stage experimental] [epoch 20/80] train_total=0.002708 val_total=0.015448 best=0.014570 improved=no epoch_time=0.3s total_time=5.3s
[stage experimental] [epoch 21/80] train_total=0.002920 val_total=0.015643 best=0.014570 improved=no epoch_time=0.3s total_time=5.6s
[stage experimental] [epoch 22/80] train_total=0.002865 val_total=0.014567 best=0.014567 improved=yes epoch_time=0.3s total_time=5.9s
[stage experimental] [epoch 23/80] train_total=0.003108 val_total=0.016974 best=0.014567 improved=no epoch_time=0.3s total_time=6.1s
[stage experimental] [epoch 24/80] train_total=0.003910 val_total=0.016366 best=0.014567 improved=no epoch_time=0.3s total_time=6.4s
[stage experimental] [epoch 25/80] train_total=0.003069 val_total=0.018430 best=0.014567 improved=no epoch_time=0.2s total_time=6.7s
[stage experimental] [epoch 26/80] train_total=0.003396 val_total=0.014557 best=0.014557 improved=yes epoch_time=0.3s total_time=6.9s
[stage experimental] [epoch 27/80] train_total=0.003017 val_total=0.017119 best=0.014557 improved=no epoch_time=0.3s total_time=7.2s
[stage experimental] [epoch 28/80] train_total=0.002735 val_total=0.017167 best=0.014557 improved=no epoch_time=0.3s total_time=7.5s
[stage experimental] [epoch 29/80] train_total=0.002425 val_total=0.015982 best=0.014557 improved=no epoch_time=0.3s total_time=7.7s
[stage experimental] [epoch 30/80] train_total=0.002487 val_total=0.016297 best=0.014557 improved=no epoch_time=0.3s total_time=8.0s
[stage experimental] [epoch 31/80] train_total=0.002370 val_total=0.016798 best=0.014557 improved=no epoch_time=0.3s total_time=8.3s
[stage experimental] [epoch 32/80] train_total=0.002732 val_total=0.016960 best=0.014557 improved=no epoch_time=0.3s total_time=8.5s
[stage experimental] [epoch 33/80] train_total=0.002672 val_total=0.016910 best=0.014557 improved=no epoch_time=0.3s total_time=8.8s
[stage experimental] [epoch 34/80] train_total=0.002530 val_total=0.016304 best=0.014557 improved=no epoch_time=0.3s total_time=9.1s
[stage experimental] [epoch 35/80] train_total=0.002361 val_total=0.015875 best=0.014557 improved=no epoch_time=0.2s total_time=9.3s
[stage experimental] [epoch 36/80] train_total=0.002685 val_total=0.017164 best=0.014557 improved=no epoch_time=0.3s total_time=9.6s
[stage experimental] [epoch 37/80] train_total=0.002695 val_total=0.017075 best=0.014557 improved=no epoch_time=0.3s total_time=9.8s
[stage experimental] [epoch 38/80] train_total=0.002534 val_total=0.017561 best=0.014557 improved=no epoch_time=0.3s total_time=10.1s
[stage experimental] early stopping at epoch 38; best_validation=0.014557
[seed 4] [stage 1/3: direct GE] starting 20 epoch(s)
[seed 4] [stage 1/3: direct GE] [epoch 1/20] train_total=0.027486 val_score=1.400234 best=1.400234 P_MAE=5.0132 kPa y_iso_MAE=0.043765 T_MAE=3.3778 K y_isob_MAE=0.054473 improved=yes epoch_time=5.7s total_time=11.2s
[seed 4] [stage 1/3: direct GE] [epoch 2/20] train_total=0.013984 val_score=1.125718 best=1.125718 P_MAE=2.5472 kPa y_iso_MAE=0.027546 T_MAE=3.9621 K y_isob_MAE=0.056746 improved=yes epoch_time=5.6s total_time=16.8s
[seed 4] [stage 1/3: direct GE] [epoch 3/20] train_total=0.009766 val_score=1.102314 best=1.102314 P_MAE=3.0494 kPa y_iso_MAE=0.032112 T_MAE=2.8326 K y_isob_MAE=0.058497 improved=yes epoch_time=5.5s total_time=22.2s
[seed 4] [stage 1/3: direct GE] [epoch 4/20] train_total=0.008124 val_score=0.951062 best=0.951062 P_MAE=2.4692 kPa y_iso_MAE=0.023986 T_MAE=2.8592 K y_isob_MAE=0.051322 improved=yes epoch_time=5.9s total_time=28.1s
[seed 4] [stage 1/3: direct GE] [epoch 5/20] train_total=0.007482 val_score=1.023658 best=0.951062 P_MAE=3.0197 kPa y_iso_MAE=0.029901 T_MAE=2.6403 K y_isob_MAE=0.050843 improved=no epoch_time=5.8s total_time=33.9s
[seed 4] [stage 1/3: direct GE] [epoch 6/20] train_total=0.007117 val_score=1.112196 best=0.951062 P_MAE=3.9346 kPa y_iso_MAE=0.025551 T_MAE=3.1839 K y_isob_MAE=0.050226 improved=no epoch_time=5.6s total_time=39.5s
[seed 4] [stage 1/3: direct GE] [epoch 7/20] train_total=0.006615 val_score=0.980674 best=0.951062 P_MAE=2.4690 kPa y_iso_MAE=0.027607 T_MAE=2.8836 K y_isob_MAE=0.050417 improved=no epoch_time=5.6s total_time=45.1s
[seed 4] [stage 1/3: direct GE] [epoch 8/20] train_total=0.006905 val_score=1.064842 best=0.951062 P_MAE=3.6640 kPa y_iso_MAE=0.026566 T_MAE=2.9684 K y_isob_MAE=0.047702 improved=no epoch_time=5.4s total_time=50.6s
[seed 4] [stage 1/3: direct GE] [epoch 9/20] train_total=0.006691 val_score=1.042473 best=0.951062 P_MAE=3.3002 kPa y_iso_MAE=0.028291 T_MAE=2.8150 K y_isob_MAE=0.049285 improved=no epoch_time=5.5s total_time=56.0s
[seed 4] [stage 1/3: direct GE] [epoch 10/20] train_total=0.006735 val_score=1.037544 best=0.951062 P_MAE=3.1182 kPa y_iso_MAE=0.025992 T_MAE=3.1371 K y_isob_MAE=0.048845 improved=no epoch_time=5.6s total_time=61.6s
[seed 4] [stage 1/3: direct GE] [epoch 11/20] train_total=0.006594 val_score=1.036458 best=0.951062 P_MAE=2.9197 kPa y_iso_MAE=0.029073 T_MAE=3.0483 K y_isob_MAE=0.048271 improved=no epoch_time=5.7s total_time=67.3s
[seed 4] [stage 1/3: direct GE] [epoch 12/20] train_total=0.006661 val_score=1.053901 best=0.951062 P_MAE=3.0985 kPa y_iso_MAE=0.024492 T_MAE=3.4064 K y_isob_MAE=0.049682 improved=no epoch_time=5.4s total_time=72.8s
[seed 4] [stage 1/3: direct GE] [epoch 13/20] train_total=0.006593 val_score=0.967054 best=0.951062 P_MAE=2.5895 kPa y_iso_MAE=0.028451 T_MAE=2.6546 K y_isob_MAE=0.048797 improved=no epoch_time=5.4s total_time=78.1s
[seed 4] [stage 1/3: direct GE] [epoch 14/20] train_total=0.006430 val_score=0.928236 best=0.928236 P_MAE=2.2767 kPa y_iso_MAE=0.025251 T_MAE=2.7813 K y_isob_MAE=0.049233 improved=yes epoch_time=5.8s total_time=84.0s
[seed 4] [stage 1/3: direct GE] [epoch 15/20] train_total=0.006315 val_score=0.948863 best=0.928236 P_MAE=2.4900 kPa y_iso_MAE=0.025039 T_MAE=2.8678 K y_isob_MAE=0.048483 improved=no epoch_time=5.4s total_time=89.4s
[seed 4] [stage 1/3: direct GE] [epoch 16/20] train_total=0.006290 val_score=0.994938 best=0.928236 P_MAE=2.9666 kPa y_iso_MAE=0.025123 T_MAE=2.9765 K y_isob_MAE=0.047529 improved=no epoch_time=5.5s total_time=94.9s
[seed 4] [stage 1/3: direct GE] [epoch 17/20] train_total=0.006318 val_score=1.088697 best=0.928236 P_MAE=3.7072 kPa y_iso_MAE=0.025104 T_MAE=3.3452 K y_isob_MAE=0.046751 improved=no epoch_time=5.6s total_time=100.5s
[seed 4] [stage 1/3: direct GE] [epoch 18/20] train_total=0.006096 val_score=1.058800 best=0.928236 P_MAE=3.3821 kPa y_iso_MAE=0.024424 T_MAE=3.3723 K y_isob_MAE=0.046758 improved=no epoch_time=5.4s total_time=106.0s
[seed 4] [stage 1/3: direct GE] [epoch 19/20] train_total=0.005978 val_score=0.980203 best=0.928236 P_MAE=2.8838 kPa y_iso_MAE=0.024007 T_MAE=3.0797 K y_isob_MAE=0.045796 improved=no epoch_time=5.6s total_time=111.5s
[seed 4] [stage 1/3: direct GE] [epoch 20/20] train_total=0.006353 val_score=0.965640 best=0.928236 P_MAE=2.9368 kPa y_iso_MAE=0.025973 T_MAE=2.6529 K y_isob_MAE=0.047151 improved=no epoch_time=5.6s total_time=117.1s
[seed 4] [stage 2/3: joint VLE] starting 80 epoch(s)
[seed 4] [stage 2/3: joint VLE] [epoch 1/80] train_total=0.027812 val_score=0.889091 best=0.889091 P_MAE=2.1101 kPa y_iso_MAE=0.031478 T_MAE=2.1686 K y_isob_MAE=0.045466 improved=yes epoch_time=5.8s total_time=122.9s
[seed 4] [stage 2/3: joint VLE] [epoch 2/80] train_total=0.017533 val_score=1.091410 best=0.889091 P_MAE=3.1414 kPa y_iso_MAE=0.032818 T_MAE=3.1731 K y_isob_MAE=0.046545 improved=no epoch_time=5.9s total_time=128.8s
[seed 4] [stage 2/3: joint VLE] [epoch 3/80] train_total=0.014086 val_score=0.990446 best=0.889091 P_MAE=2.3205 kPa y_iso_MAE=0.029145 T_MAE=2.6888 K y_isob_MAE=0.056119 improved=no epoch_time=5.7s total_time=134.5s
[seed 4] [stage 2/3: joint VLE] [epoch 4/80] train_total=0.012549 val_score=0.930839 best=0.889091 P_MAE=2.2447 kPa y_iso_MAE=0.026367 T_MAE=2.5758 K y_isob_MAE=0.052501 improved=no epoch_time=5.7s total_time=140.3s
[seed 4] [stage 2/3: joint VLE] [epoch 5/80] train_total=0.012019 val_score=0.997636 best=0.889091 P_MAE=2.8485 kPa y_iso_MAE=0.024684 T_MAE=2.9187 K y_isob_MAE=0.052009 improved=no epoch_time=5.9s total_time=146.1s
[seed 4] [stage 2/3: joint VLE] [epoch 6/80] train_total=0.010841 val_score=1.085484 best=0.889091 P_MAE=3.7006 kPa y_iso_MAE=0.022937 T_MAE=3.3728 K y_isob_MAE=0.049499 improved=no epoch_time=5.9s total_time=152.0s
[seed 4] [stage 2/3: joint VLE] [epoch 7/80] train_total=0.011402 val_score=1.132909 best=0.889091 P_MAE=3.8237 kPa y_iso_MAE=0.022775 T_MAE=3.5660 K y_isob_MAE=0.053441 improved=no epoch_time=5.7s total_time=157.7s
[seed 4] [stage 2/3: joint VLE] [epoch 8/80] train_total=0.010457 val_score=1.011499 best=0.889091 P_MAE=2.5830 kPa y_iso_MAE=0.026199 T_MAE=2.9976 K y_isob_MAE=0.054963 improved=no epoch_time=5.6s total_time=163.3s
[seed 4] [stage 2/3: joint VLE] [epoch 9/80] train_total=0.010445 val_score=0.992964 best=0.889091 P_MAE=2.4459 kPa y_iso_MAE=0.023854 T_MAE=3.0323 K y_isob_MAE=0.056943 improved=no epoch_time=5.8s total_time=169.1s
[seed 4] [stage 2/3: joint VLE] [epoch 10/80] train_total=0.009799 val_score=0.989715 best=0.889091 P_MAE=2.1108 kPa y_iso_MAE=0.022188 T_MAE=3.3720 K y_isob_MAE=0.057920 improved=no epoch_time=5.9s total_time=175.0s
[seed 4] [stage 2/3: joint VLE] [epoch 11/80] train_total=0.009965 val_score=0.992673 best=0.889091 P_MAE=2.6472 kPa y_iso_MAE=0.021830 T_MAE=3.0258 K y_isob_MAE=0.057254 improved=no epoch_time=5.6s total_time=180.6s
[seed 4] [stage 2/3: joint VLE] [epoch 12/80] train_total=0.010388 val_score=1.044564 best=0.889091 P_MAE=2.8713 kPa y_iso_MAE=0.021907 T_MAE=3.4252 K y_isob_MAE=0.055790 improved=no epoch_time=5.7s total_time=186.3s
[seed 4] [stage 2/3: joint VLE] [epoch 13/80] train_total=0.009881 val_score=1.041087 best=0.889091 P_MAE=2.3863 kPa y_iso_MAE=0.021793 T_MAE=3.6296 K y_isob_MAE=0.059221 improved=no epoch_time=5.7s total_time=192.0s
{"direct_ge_parameter_summary": {"stage1_trainable_parameters": 1977601, "stage2_trainable_parameters": 2015043, "stage3": {"groups": [{"learning_rate": 2e-05, "name": "pair_potential", "parameter_count": 110977, "parameter_names": ["pair_potential.0.weight", "pair_potential.0.bias", "pair_potential.2.weight", "pair_potential.2.bias"]}, {"learning_rate": 1e-05, "name": "vapor_pressure", "parameter_count": 37442, "parameter_names": ["vapor_pressure.parameter_head.0.weight", "vapor_pressure.parameter_head.0.bias", "vapor_pressure.parameter_head.2.weight", "vapor_pressure.parameter_head.2.bias"]}, {"learning_rate": 5e-06, "name": "film", "parameter_count": 111744, "parameter_names": ["film.0.weight", "film.0.bias", "film.2.weight", "film.2.bias"]}, {"learning_rate": 5e-06, "name": "mixture_token", "parameter_count": 192, "parameter_names": ["mixture_token"]}], "total_parameters": 2015043, "trainable_fraction": 0.1292056794817778, "trainable_parameters": 260355}, "total_parameters": 2015043, "trainable_fraction": 0.1292056794817778, "trainable_parameters": 260355}}
[seed 4] [stage 3/3: fugacity] starting 10 epoch(s)
[seed 4] [stage 3/3: fugacity] [epoch 1/10] train_total=0.017590 val_score=1.004751 best=1.004751 P_MAE=2.8896 kPa y_iso_MAE=0.028867 T_MAE=2.8570 K y_isob_MAE=0.046591 improved=yes epoch_time=5.7s total_time=197.7s
[seed 4] [stage 3/3: fugacity] [epoch 2/10] train_total=0.014233 val_score=0.941523 best=0.941523 P_MAE=2.3040 kPa y_iso_MAE=0.027656 T_MAE=2.7380 K y_isob_MAE=0.048088 improved=yes epoch_time=5.6s total_time=203.3s
[seed 4] [stage 3/3: fugacity] [epoch 3/10] train_total=0.012252 val_score=0.940603 best=0.940603 P_MAE=2.1877 kPa y_iso_MAE=0.027871 T_MAE=2.7485 K y_isob_MAE=0.049247 improved=yes epoch_time=5.7s total_time=209.0s
[seed 4] [stage 3/3: fugacity] [epoch 4/10] train_total=0.011620 val_score=0.969433 best=0.940603 P_MAE=2.3155 kPa y_iso_MAE=0.028361 T_MAE=2.8641 K y_isob_MAE=0.049749 improved=no epoch_time=5.8s total_time=214.7s
[seed 4] [stage 3/3: fugacity] [epoch 5/10] train_total=0.011389 val_score=0.940626 best=0.940603 P_MAE=2.0183 kPa y_iso_MAE=0.028944 T_MAE=2.7511 K y_isob_MAE=0.050118 improved=no epoch_time=5.7s total_time=220.4s
[seed 4] [stage 3/3: fugacity] [epoch 6/10] train_total=0.011106 val_score=0.938821 best=0.938821 P_MAE=1.9989 kPa y_iso_MAE=0.028868 T_MAE=2.7546 K y_isob_MAE=0.050140 improved=yes epoch_time=5.7s total_time=226.1s
[seed 4] [stage 3/3: fugacity] [epoch 7/10] train_total=0.011011 val_score=0.934487 best=0.934487 P_MAE=1.9939 kPa y_iso_MAE=0.028321 T_MAE=2.7663 K y_isob_MAE=0.050076 improved=yes epoch_time=5.8s total_time=232.0s
[seed 4] [stage 3/3: fugacity] [epoch 8/10] train_total=0.010977 val_score=0.917277 best=0.917277 P_MAE=1.9004 kPa y_iso_MAE=0.027490 T_MAE=2.7440 K y_isob_MAE=0.050069 improved=yes epoch_time=5.7s total_time=237.6s
[seed 4] [stage 3/3: fugacity] [epoch 9/10] train_total=0.011236 val_score=0.924553 best=0.917277 P_MAE=1.9831 kPa y_iso_MAE=0.027037 T_MAE=2.7959 K y_isob_MAE=0.049917 improved=no epoch_time=5.7s total_time=243.3s
[seed 4] [stage 3/3: fugacity] [epoch 10/10] train_total=0.010555 val_score=0.919097 best=0.917277 P_MAE=1.9333 kPa y_iso_MAE=0.026972 T_MAE=2.7849 K y_isob_MAE=0.049977 improved=no epoch_time=5.6s total_time=248.9s
{"protocol": "vle_overall_ternary", "seed": 4, "manifest": "D:\\VLE\\VLE\\thermoformer_project\\runs\\phase_equilibrium\\v1\\vle\\three\\results\\thermoformer_vle_three_stage.on.vle_overall_ternary\\seed_4\\manifest.json"}

$ E:\anaconda\envs\ggnn39\python.exe scripts/run_vle_benchmarks.py --protocol vle_overall_ternary --seeds 0 1 2 3 4 --output D:\VLE\VLE\phase_equilibrium\runs\phase_equilibrium\v1 --device cuda
[resume] stage0 vle_overall_ternary seed 0
[resume] three vle_overall_ternary seed 0
{"protocol": "vle_overall_ternary", "seed": 0, "manifest": "D:\\VLE\\VLE\\thermoformer_project\\runs\\phase_equilibrium\\v1\\vle\\three\\results\\thermoformer_vle_three_stage.on.vle_overall_ternary\\seed_0\\manifest.json"}
[resume] stage0 vle_overall_ternary seed 1
[resume] three vle_overall_ternary seed 1
{"protocol": "vle_overall_ternary", "seed": 1, "manifest": "D:\\VLE\\VLE\\thermoformer_project\\runs\\phase_equilibrium\\v1\\vle\\three\\results\\thermoformer_vle_three_stage.on.vle_overall_ternary\\seed_1\\manifest.json"}
[resume] stage0 vle_overall_ternary seed 2
[resume] three vle_overall_ternary seed 2
{"protocol": "vle_overall_ternary", "seed": 2, "manifest": "D:\\VLE\\VLE\\thermoformer_project\\runs\\phase_equilibrium\\v1\\vle\\three\\results\\thermoformer_vle_three_stage.on.vle_overall_ternary\\seed_2\\manifest.json"}
[resume] stage0 vle_overall_ternary seed 3
[resume] three vle_overall_ternary seed 3
{"protocol": "vle_overall_ternary", "seed": 3, "manifest": "D:\\VLE\\VLE\\thermoformer_project\\runs\\phase_equilibrium\\v1\\vle\\three\\results\\thermoformer_vle_three_stage.on.vle_overall_ternary\\seed_3\\manifest.json"}
[resume] stage0 vle_overall_ternary seed 4
[resume] three vle_overall_ternary seed 4
{"protocol": "vle_overall_ternary", "seed": 4, "manifest": "D:\\VLE\\VLE\\thermoformer_project\\runs\\phase_equilibrium\\v1\\vle\\three\\results\\thermoformer_vle_three_stage.on.vle_overall_ternary\\seed_4\\manifest.json"}

$ E:\anaconda\envs\ggnn39\python.exe scripts/run_vle_benchmarks.py --protocol vle_overall_ternary --seeds 0 1 2 3 4 --output D:\VLE\VLE\phase_equilibrium\runs\phase_equilibrium\v1 --device cuda
