{"job": "vle_vle_overall_binary", "status": "complete"}
{"job": "vle_vle_overall_binary_ternary", "status": "complete"}
{"job": "vle_vle_binary_state_composition_interpolation", "status": "complete"}
{"job": "vle_vle_overall_ternary", "status": "complete"}
{"job": "vle_vle_binary_state_composition_edge_extrapolation", "status": "complete"}
{"job": "vle_vle_binary_state_temperature_low_extrapolation", "status": "complete"}
{"job": "vle_vle_binary_state_temperature_high_extrapolation", "status": "complete"}
{"job": "vle_vle_binary_state_pressure_low_extrapolation", "status": "complete"}
{"job": "vle_vle_binary_state_pressure_high_extrapolation", "status": "complete"}
{"job": "lle_binary-random", "status": "complete"}
{"job": "lle_binary-system", "status": "complete"}
{"job": "vle_vle_binary_unseen_component", "status": "complete"}
{"job": "lle_ternary-random", "status": "complete"}
{"job": "lle_ternary-system", "status": "complete"}
{"job": "lle_mixed-system", "status": "complete"}
{"job": "lle_mixed-random", "status": "complete"}
{"job": "lle_binary-temperature-low", "status": "complete"}
{"job": "lle_binary-pressure-low", "status": "complete"}
{"job": "lle_binary-pressure-high", "status": "complete"}
{"job": "lle_binary-temperature-high", "status": "complete"}
{"job": "lle_binary-unseen-component", "status": "complete"}
